Product: MDK-ARM Standard 5.10
Component: ARM Compiler 5.04 update 1 (build 49)
Tool: armlink [5040049]

==============================================================================

Section Cross References

    main.o(.text) refers to initialize.o(.text) for SysInit
    main.o(.text) refers to ppm_rec.o(.text) for PPM_Data_Get
    main.o(.text) refers to angle_core.o(.text) for Get_Angle
    main.o(.text) refers to dflt_clz.o(x$fpl$dflt) for __aeabi_i2d
    main.o(.text) refers to dmul.o(x$fpl$dmul) for __aeabi_dmul
    main.o(.text) refers to f2d.o(x$fpl$f2d) for __aeabi_f2d
    main.o(.text) refers to daddsub_clz.o(x$fpl$dadd) for __aeabi_dadd
    main.o(.text) refers to d2f.o(x$fpl$d2f) for __aeabi_d2f
    main.o(.text) refers to pid_count.o(.text) for Attitude_PID_Process
    main.o(.text) refers to sysclock.o(.data) for SysTimeOut_Flag
    main.o(.text) refers to initialize.o(.data) for Control_Mode
    main.o(.text) refers to main.o(.bss) for _PPM_Data
    main.o(.text) refers to pid_count.o(.bss) for Roll_PID
    main.o(.text) refers to main.o(.data) for out
    main.o(.text) refers to selfpwm.o(.text) for Moter_Out_Set
    main.o(.text) refers to uart.o(.text) for UARTCharGet
    startup.o(STACK) refers (Special) to heapauxi.o(.text) for __use_two_region_memory
    startup.o(HEAP) refers (Special) to heapauxi.o(.text) for __use_two_region_memory
    startup.o(RESET) refers (Special) to heapauxi.o(.text) for __use_two_region_memory
    startup.o(RESET) refers to startup.o(STACK) for StackMem
    startup.o(RESET) refers to tm4c_int.o(.text) for SysTick_Handler
    startup.o(RESET) refers to ppm_rec.o(.text) for GPIOB_Handler
    startup.o(RESET) refers to main.o(.text) for UART0_Handler
    startup.o(RESET) refers to ultrasonic_height.o(.text) for GPIOJ_Handler
    startup.o(RESET) refers to sysclock.o(.text) for TIMER4_STA_Handler
    startup.o(RESET) refers to __main.o(!!!main) for __main
    startup.o(.text) refers (Special) to heapauxi.o(.text) for __use_two_region_memory
    startup.o(.text) refers to startup.o(HEAP) for HeapMem
    startup.o(.text) refers to startup.o(STACK) for StackMem
    adc.o(.text) refers to interrupt.o(.text) for IntRegister
    adc.o(.text) refers to adc.o(.data) for g_pui8OversampleFactor
    aes.o(.text) refers to interrupt.o(.text) for IntRegister
    can.o(.text) refers to interrupt.o(.text) for IntRegister
    can.o(.text) refers to can.o(.constdata) for g_ui16CANBitValues
    comp.o(.text) refers to interrupt.o(.text) for IntRegister
    des.o(.text) refers to interrupt.o(.text) for IntRegister
    eeprom.o(.text) refers to sysctl.o(.emb_text) for SysCtlDelay
    eeprom.o(.text) refers to sysctl.o(.text) for SysCtlPeripheralReset
    emac.o(.text) refers to sysctl.o(.text) for SysCtlPeripheralReset
    emac.o(.text) refers to sysctl.o(.emb_text) for SysCtlDelay
    emac.o(.text) refers to sw_crc.o(.text) for Crc32
    emac.o(.text) refers to interrupt.o(.text) for IntRegister
    emac.o(.text) refers to emac.o(.constdata) for g_pi16MIIClockDiv
    epi.o(.text) refers to interrupt.o(.text) for IntRegister
    flash.o(.text) refers to interrupt.o(.text) for IntRegister
    flash.o(.text) refers to flash.o(.constdata) for g_pui32FMPRERegs
    gpio.o(.text) refers to interrupt.o(.text) for IntRegister
    gpio.o(.text) refers to gpio.o(.constdata) for g_ppui32GPIOIntMapBlizzard
    hibernate.o(.text) refers to interrupt.o(.text) for IntRegister
    i2c.o(.text) refers to interrupt.o(.text) for IntRegister
    i2c.o(.text) refers to i2c.o(.constdata) for g_ppui32I2CIntMap
    interrupt.o(.text) refers to cpu.o(.emb_text) for CPUcpsie
    interrupt.o(.text) refers to interrupt.o(vtable) for g_pfnRAMVectors
    interrupt.o(.text) refers to interrupt.o(.constdata) for g_pui32Priority
    lcd.o(.text) refers to sysctl.o(.emb_text) for SysCtlDelay
    lcd.o(.text) refers to interrupt.o(.text) for IntRegister
    mpu.o(.text) refers to interrupt.o(.text) for IntRegister
    pwm.o(.text) refers to interrupt.o(.text) for IntRegister
    qei.o(.text) refers to interrupt.o(.text) for IntRegister
    shamd5.o(.text) refers to interrupt.o(.text) for IntRegister
    ssi.o(.text) refers to interrupt.o(.text) for IntRegister
    ssi.o(.text) refers to ssi.o(.constdata) for g_ppui32SSIIntMap
    sw_crc.o(.text) refers to sw_crc.o(.constdata) for g_pui8Crc8CCITT
    sysctl.o(.text) refers to interrupt.o(.text) for IntRegister
    sysctl.o(.text) refers to sysctl.o(.constdata) for g_sXTALtoMEMTIM
    sysctl.o(.text) refers to cpu.o(.emb_text) for CPUwfi
    sysctl.o(.text) refers to sysctl.o(.emb_text) for SysCtlDelay
    sysexc.o(.text) refers to interrupt.o(.text) for IntRegister
    systick.o(.text) refers to interrupt.o(.text) for IntRegister
    timer.o(.text) refers to interrupt.o(.text) for IntRegister
    timer.o(.text) refers to timer.o(.constdata) for g_ppui32TimerIntMap
[...]
    x$fpl$basic                              0x00005f10   Section       24  basic.o(x$fpl$basic)
    $v0                                      0x00005f10   Number         0  basic.o(x$fpl$basic)
    x$fpl$d2f                                0x00005f28   Section       98  d2f.o(x$fpl$d2f)
    $v0                                      0x00005f28   Number         0  d2f.o(x$fpl$d2f)
    x$fpl$dadd                               0x00005f8c   Section      336  daddsub_clz.o(x$fpl$dadd)
    $v0                                      0x00005f8c   Number         0  daddsub_clz.o(x$fpl$dadd)
    _dadd1                                   0x00005f9d   Thumb Code     0  daddsub_clz.o(x$fpl$dadd)
    x$fpl$ddiv                               0x000060dc   Section      688  ddiv.o(x$fpl$ddiv)
    $v0                                      0x000060dc   Number         0  ddiv.o(x$fpl$ddiv)
    ddiv_entry                               0x000060e3   Thumb Code     0  ddiv.o(x$fpl$ddiv)
    x$fpl$dflt                               0x0000638c   Section       46  dflt_clz.o(x$fpl$dflt)
    $v0                                      0x0000638c   Number         0  dflt_clz.o(x$fpl$dflt)
    x$fpl$dfltu                              0x000063ba   Section       38  dflt_clz.o(x$fpl$dfltu)
    $v0                                      0x000063ba   Number         0  dflt_clz.o(x$fpl$dfltu)
    x$fpl$dmul                               0x000063e0   Section      340  dmul.o(x$fpl$dmul)
    $v0                                      0x000063e0   Number         0  dmul.o(x$fpl$dmul)
    x$fpl$dnaninf                            0x00006534   Section      156  dnaninf.o(x$fpl$dnaninf)
    $v0                                      0x00006534   Number         0  dnaninf.o(x$fpl$dnaninf)
    x$fpl$dretinf                            0x000065d0   Section       12  dretinf.o(x$fpl$dretinf)
    $v0                                      0x000065d0   Number         0  dretinf.o(x$fpl$dretinf)
    x$fpl$drsb                               0x000065dc   Section       22  daddsub_clz.o(x$fpl$drsb)
    $v0                                      0x000065dc   Number         0  daddsub_clz.o(x$fpl$drsb)
    x$fpl$dsub                               0x000065f4   Section      468  daddsub_clz.o(x$fpl$dsub)
    $v0                                      0x000065f4   Number         0  daddsub_clz.o(x$fpl$dsub)
    _dsub1                                   0x00006605   Thumb Code     0  daddsub_clz.o(x$fpl$dsub)
    x$fpl$f2d                                0x000067c8   Section       86  f2d.o(x$fpl$f2d)
    $v0                                      0x000067c8   Number         0  f2d.o(x$fpl$f2d)
    x$fpl$fnaninf                            0x0000681e   Section      140  fnaninf.o(x$fpl$fnaninf)
    $v0                                      0x0000681e   Number         0  fnaninf.o(x$fpl$fnaninf)
    x$fpl$fpinit                             0x000068aa   Section       10  fpinit.o(x$fpl$fpinit)
    $v0                                      0x000068aa   Number         0  fpinit.o(x$fpl$fpinit)
    x$fpl$fretinf                            0x000068b4   Section       10  fretinf.o(x$fpl$fretinf)
    $v0                                      0x000068b4   Number         0  fretinf.o(x$fpl$fretinf)
    x$fpl$usenofp                            0x000068be   Section        0  usenofp.o(x$fpl$usenofp)
    .constdata                               0x000068c0   Section      528  gpio.o(.constdata)
    g_ppui32GPIOIntMapBlizzard               0x000068c0   Data         192  gpio.o(.constdata)
    g_ppui32GPIOIntMapSnowflake              0x00006980   Data         192  gpio.o(.constdata)
    g_pui32GPIOBaseAddrs                     0x00006a40   Data         144  gpio.o(.constdata)
    .constdata                               0x00006ad0   Section      268  interrupt.o(.constdata)
    g_pui32Priority                          0x00006ad0   Data          32  interrupt.o(.constdata)
    g_pui32Regs                              0x00006af0   Data         156  interrupt.o(.constdata)
    g_pui32EnRegs                            0x00006b8c   Data          20  interrupt.o(.constdata)
    g_pui32Dii16Regs                         0x00006ba0   Data          20  interrupt.o(.constdata)
    g_pui32PendRegs                          0x00006bb4   Data          20  interrupt.o(.constdata)
    g_pui32UnpendRegs                        0x00006bc8   Data          20  interrupt.o(.constdata)
    .constdata                               0x00006bdc   Section      452  sysctl.o(.constdata)
    g_pui32Xtals                             0x00006bdc   Data         108  sysctl.o(.constdata)
    g_pppui32XTALtoVCO                       0x00006c48   Data         288  sysctl.o(.constdata)
    g_sXTALtoMEMTIM                          0x00006d68   Data          48  sysctl.o(.constdata)
    g_pui32VCOFrequencies                    0x00006d98   Data           8  sysctl.o(.constdata)
    .constdata                               0x00006da0   Section      160  timer.o(.constdata)
    g_ppui32TimerIntMap                      0x00006da0   Data          96  timer.o(.constdata)
    g_ppui32TimerIntMapSnowflake             0x00006e00   Data          64  timer.o(.constdata)
    .constdata                               0x00006e40   Section      128  uart.o(.constdata)
    g_ppui32UARTIntMap                       0x00006e40   Data          64  uart.o(.constdata)
    g_ppui32UARTIntMapSnowflake              0x00006e80   Data          64  uart.o(.constdata)
    .constdata                               0x00006ec0   Section       52  mpu6050.o(.constdata)
    .constdata                               0x00006ef4   Section     7504  fly_math.o(.constdata)
    .constdata                               0x00008c48   Section      152  atan.o(.constdata)
    atanhi                                   0x00008c48   Data          32  atan.o(.constdata)
    atanlo                                   0x00008c68   Data          32  atan.o(.constdata)
    aTodd                                    0x00008c88   Data          40  atan.o(.constdata)
    aTeven                                   0x00008cb0   Data          48  atan.o(.constdata)
    .constdata                               0x00008ce0   Section        8  qnan.o(.constdata)
    .data                                    0x20000000   Section       25  main.o(.data)
    .data                                    0x20000019   Section        3  adc.o(.data)
    g_pui8OversampleFactor                   0x20000019   Data           3  adc.o(.data)
    .data                                    0x2000001c   Section        4  selfuart.o(.data)
    _cnt                                     0x2000001c   Data           1  selfuart.o(.data)
    _cnt_pid                                 0x2000001e   Data           2  selfuart.o(.data)
    .data                                    0x20000020   Section        9  sysclock.o(.data)
    .data                                    0x2000002c   Section       12  ppm_rec.o(.data)
    .data                                    0x20000038   Section        5  angle_core.o(.data)
    .data                                    0x20000040   Section       57  ultrasonic_height.o(.data)
    .data                                    0x20000079   Section        1  myadc.o(.data)
    .data                                    0x2000007c   Section       10  fly_math.o(.data)
    .data                                    0x20000086   Section        1  initialize.o(.data)
    vtable                                   0x20000400   Section      620  interrupt.o(vtable)
    g_pfnRAMVectors                          0x20000400   Data         620  interrupt.o(vtable)
    .bss                                     0x2000066c   Section       82  main.o(.bss)
    .bss                                     0x200006be   Section       30  selfuart.o(.bss)
    .bss                                     0x200006dc   Section       48  ppm_rec.o(.bss)
    .bss                                     0x2000070c   Section       96  pid_count.o(.bss)
    .bss                                     0x2000076c   Section       90  mpu6050.o(.bss)
    .bss                                     0x200007c8   Section       60  angle_core.o(.bss)
    .bss                                     0x20000804   Section       48  ultrasonic_height.o(.bss)
    .bss                                     0x20000834   Section       10  myadc.o(.bss)
    .bss                                     0x20000840   Section       96  libspace.o(.bss)
    HEAP                                     0x200008a0   Section        0  startup.o(HEAP)
    STACK                                    0x200008a0   Section      256  startup.o(STACK)
    HeapMem                                  0x200008a0   Data           0  startup.o(HEAP)
    StackMem                                 0x200008a0   Data           0  startup.o(STACK)

    Global Symbols

    Symbol Name                              Value     Ov Type        Size  Object(Section)

    BuildAttributes$$THM_ISAv4$E$P$D$K$B$S$7EM$VFPi3$EXTD16$VFPS$VFMA$PE$A:L22UL41UL21$X:L11$S22US41US21$IEEE1$IW$USESV6$~STKCKD$USESV7$~SHL$OTIME$ROPI$IEEEX$EBA8$UX$STANDARDLIB$REQ8$PRES8$EABIv2 0x00000000   Number         0  anon$$obj.o ABSOLUTE
    __ARM_use_no_argv                        0x00000000   Number         0  main.o ABSOLUTE
    __Vectors                                0x00000000   Data           0  startup.o(RESET)
    __ARM_exceptions_init                     - Undefined Weak Reference
    __alloca_initialize                       - Undefined Weak Reference
    __cpp_initialize__aeabi_                  - Undefined Weak Reference
    __cxa_finalize                            - Undefined Weak Reference
    __rt_locale                               - Undefined Weak Reference
    __sigvec_lookup                           - Undefined Weak Reference
    _atexit_init                              - Undefined Weak Reference
    _call_atexit_fns                          - Undefined Weak Reference
    _clock_init                               - Undefined Weak Reference
    _fp_trap_init                             - Undefined Weak Reference
    _fp_trap_shutdown                         - Undefined Weak Reference
    _get_lc_collate                           - Undefined Weak Reference
    _get_lc_ctype                             - Undefined Weak Reference
    _get_lc_monetary                          - Undefined Weak Reference
    _get_lc_numeric                           - Undefined Weak Reference
    _get_lc_time                              - Undefined Weak Reference
    _getenv_init                              - Undefined Weak Reference
    _handle_redirection                       - Undefined Weak Reference
    _init_alloc                               - Undefined Weak Reference
    _init_user_alloc                          - Undefined Weak Reference
    _initio                                   - Undefined Weak Reference
    _rand_init                                - Undefined Weak Reference
    _signal_finish                            - Undefined Weak Reference
    _signal_init                              - Undefined Weak Reference
    _terminate_alloc                          - Undefined Weak Reference
    _terminate_user_alloc                     - Undefined Weak Reference
    _terminateio                              - Undefined Weak Reference
    Reset_Handler                            0x0000026d   Thumb Code     0  startup.o(RESET)
    __main                                   0x00000285   Thumb Code     8  __main.o(!!!main)
    __scatterload                            0x0000028d   Thumb Code     0  __scatter.o(!!!scatter)
    __scatterload_rt2                        0x0000028d   Thumb Code    44  __scatter.o(!!!scatter)
    __scatterload_rt2_thumb_only             0x0000028d   Thumb Code     0  __scatter.o(!!!scatter)
    __scatterload_null                       0x0000029b   Thumb Code     0  __scatter.o(!!!scatter)
    __decompress                             0x000002c1   Thumb Code    58  __dczerorl.o(!!dczerorl)
    __decompress0                            0x000002c1   Thumb Code     0  __dczerorl.o(!!dczerorl)
    __scatterload_zeroinit                   0x000002fd   Thumb Code    28  __scatter_zi.o(!!handler_zi)
    __rt_lib_init                            0x00000319   Thumb Code     0  libinit.o(.ARM.Collect$$libinit$$00000000)
    __rt_lib_init_fp_1                       0x0000031b   Thumb Code     0  libinit2.o(.ARM.Collect$$libinit$$00000001)
    __rt_lib_init_alloca_1                   0x0000031f   Thumb Code     0  libinit2.o(.ARM.Collect$$libinit$$0000002C)
    __rt_lib_init_argv_1                     0x0000031f   Thumb Code     0  libinit2.o(.ARM.Collect$$libinit$$0000002A)
    __rt_lib_init_atexit_1                   0x0000031f   Thumb Code     0  libinit2.o(.ARM.Collect$$libinit$$00000019)
    __rt_lib_init_clock_1                    0x0000031f   Thumb Code     0  libinit2.o(.ARM.Collect$$libinit$$0000001F)
    __rt_lib_init_cpp_1                      0x0000031f   Thumb Code     0  libinit2.o(.ARM.Collect$$libinit$$00000030)
    __rt_lib_init_exceptions_1               0x0000031f   Thumb Code     0  libinit2.o(.ARM.Collect$$libinit$$0000002E)
    __rt_lib_init_fp_trap_1                  0x0000031f   Thumb Code     0  libinit2.o(.ARM.Collect$$libinit$$0000001D)
    __rt_lib_init_getenv_1                   0x0000031f   Thumb Code     0  libinit2.o(.ARM.Collect$$libinit$$00000021)
    __rt_lib_init_heap_1                     0x0000031f   Thumb Code     0  libinit2.o(.ARM.Collect$$libinit$$00000008)
    __rt_lib_init_lc_collate_1               0x0000031f   Thumb Code     0  libinit2.o(.ARM.Collect$$libinit$$0000000F)
    __rt_lib_init_lc_ctype_1                 0x0000031f   Thumb Code     0  libinit2.o(.ARM.Collect$$libinit$$00000011)
    __rt_lib_init_lc_monetary_1              0x0000031f   Thumb Code     0  libinit2.o(.ARM.Collect$$libinit$$00000013)
    __rt_lib_init_lc_numeric_1               0x0000031f   Thumb Code     0  libinit2.o(.ARM.Collect$$libinit$$00000015)
    __rt_lib_init_lc_time_1                  0x0000031f   Thumb Code     0  libinit2.o(.ARM.Collect$$libinit$$00000017)
    __rt_lib_init_rand_1                     0x0000031f   Thumb Code     0  libinit2.o(.ARM.Collect$$libinit$$0000000C)
    __rt_lib_init_return                     0x0000031f   Thumb Code     0  libinit2.o(.ARM.Collect$$libinit$$00000031)
    __rt_lib_init_signal_1                   0x0000031f   Thumb Code     0  libinit2.o(.ARM.Collect$$libinit$$0000001B)
    __rt_lib_init_stdio_1                    0x0000031f   Thumb Code     0  libinit2.o(.ARM.Collect$$libinit$$00000023)
    __rt_lib_init_user_alloc_1               0x0000031f   Thumb Code     0  libinit2.o(.ARM.Collect$$libinit$$0000000A)
    __rt_lib_shutdown                        0x00000321   Thumb Code     0  libshutdown.o(.ARM.Collect$$libshutdown$$00000000)
    __rt_lib_shutdown_fp_trap_1              0x00000323   Thumb Code     0  libshutdown2.o(.ARM.Collect$$libshutdown$$00000006)
    __rt_lib_shutdown_heap_1                 0x00000323   Thumb Code     0  libshutdown2.o(.ARM.Collect$$libshutdown$$0000000E)
    __rt_lib_shutdown_return                 0x00000323   Thumb Code     0  libshutdown2.o(.ARM.Collect$$libshutdown$$0000000F)
    __rt_lib_shutdown_signal_1               0x00000323   Thumb Code     0  libshutdown2.o(.ARM.Collect$$libshutdown$$00000009)
    __rt_lib_shutdown_stdio_1                0x00000323   Thumb Code     0  libshutdown2.o(.ARM.Collect$$libshutdown$$00000003)
    __rt_lib_shutdown_user_alloc_1           0x00000323   Thumb Code     0  libshutdown2.o(.ARM.Collect$$libshutdown$$0000000B)
    __rt_entry                               0x00000325   Thumb Code     0  rtentry.o(.ARM.Collect$$rtentry$$00000000)
    __rt_entry_presh_1                       0x00000325   Thumb Code     0  rtentry2.o(.ARM.Collect$$rtentry$$00000002)
    __rt_entry_sh                            0x00000325   Thumb Code     0  rtentry4.o(.ARM.Collect$$rtentry$$00000004)
    __rt_entry_li                            0x0000032b   Thumb Code     0  rtentry2.o(.ARM.Collect$$rtentry$$0000000A)
    __rt_entry_postsh_1                      0x0000032b   Thumb Code     0  rtentry2.o(.ARM.Collect$$rtentry$$00000009)
    __rt_entry_main                          0x0000032f   Thumb Code     0  rtentry2.o(.ARM.Collect$$rtentry$$0000000D)
    __rt_entry_postli_1                      0x0000032f   Thumb Code     0  rtentry2.o(.ARM.Collect$$rtentry$$0000000C)
    __rt_exit                                0x00000337   Thumb Code     0  rtexit.o(.ARM.Collect$$rtexit$$00000000)
    __rt_exit_ls                             0x00000339   Thumb Code     0  rtexit2.o(.ARM.Collect$$rtexit$$00000003)
    __rt_exit_prels_1                        0x00000339   Thumb Code     0  rtexit2.o(.ARM.Collect$$rtexit$$00000002)
    __rt_exit_exit                           0x0000033d   Thumb Code     0  rtexit2.o(.ARM.Collect$$rtexit$$00000004)
    CPUcpsid                                 0x00000345   Thumb Code     8  cpu.o(.emb_text)
    CPUprimask                               0x0000034d   Thumb Code     6  cpu.o(.emb_text)
    CPUcpsie                                 0x00000353   Thumb Code     8  cpu.o(.emb_text)
    CPUwfi                                   0x0000035b   Thumb Code     4  cpu.o(.emb_text)
    CPUbasepriSet                            0x0000035f   Thumb Code     6  cpu.o(.emb_text)
    CPUbasepriGet                            0x00000365   Thumb Code     6  cpu.o(.emb_text)
    SysCtlDelay                              0x0000036d   Thumb Code     6  sysctl.o(.emb_text)
    main                                     0x00000375   Thumb Code  1178  main.o(.text)
    UART0_Handler                            0x0000080f   Thumb Code   156  main.o(.text)
    SysTick_Handler                          0x000008d9   Thumb Code     2  tm4c_int.o(.text)
    GPIOA_Handler                            0x000008db   Thumb Code     2  tm4c_int.o(.text)
    GPIOC_Handler                            0x000008dd   Thumb Code     2  tm4c_int.o(.text)
    GPIOD_Handler                            0x000008df   Thumb Code     2  tm4c_int.o(.text)
    GPIOE_Handler                            0x000008e1   Thumb Code     2  tm4c_int.o(.text)
    UART1_Handler                            0x000008e3   Thumb Code     2  tm4c_int.o(.text)
    SSI0_Handler                             0x000008e5   Thumb Code     2  tm4c_int.o(.text)
    I2C0_Handler                             0x000008e7   Thumb Code     2  tm4c_int.o(.text)
    PWM0_Fault_Handler                       0x000008e9   Thumb Code     2  tm4c_int.o(.text)
    PWM0_G0_Handler                          0x000008eb   Thumb Code     2  tm4c_int.o(.text)
    PWM0_G1_Handler                          0x000008ed   Thumb Code     2  tm4c_int.o(.text)
    PWM0_G2_Handler                          0x000008ef   Thumb Code     2  tm4c_int.o(.text)
    QE_Handler                               0x000008f1   Thumb Code     2  tm4c_int.o(.text)
    ADC0_S0_Handler                          0x000008f3   Thumb Code     2  tm4c_int.o(.text)
    ADC0_S1_Handler                          0x000008f5   Thumb Code     2  tm4c_int.o(.text)
    ADC0_S2_Handler                          0x000008f7   Thumb Code     2  tm4c_int.o(.text)
    ADC0_S3_Handler                          0x000008f9   Thumb Code     2  tm4c_int.o(.text)
    WDOG_Timer_Handler                       0x000008fb   Thumb Code     2  tm4c_int.o(.text)
    TIMER0_STA_Handler                       0x000008fd   Thumb Code     2  tm4c_int.o(.text)
    TIMER0_STB_Handler                       0x000008ff   Thumb Code     2  tm4c_int.o(.text)
    TIMER1_STA_Handler                       0x00000901   Thumb Code     2  tm4c_int.o(.text)
    TIMER1_STB_Handler                       0x00000903   Thumb Code     2  tm4c_int.o(.text)
    TIMER2_STA_Handler                       0x00000905   Thumb Code     2  tm4c_int.o(.text)
    TIMER2_STB_Handler                       0x00000907   Thumb Code     2  tm4c_int.o(.text)
    COMP0_Handler                            0x00000909   Thumb Code     2  tm4c_int.o(.text)
    COMP1_Handler                            0x0000090b   Thumb Code     2  tm4c_int.o(.text)
    COMP2_Handler                            0x0000090d   Thumb Code     2  tm4c_int.o(.text)
    SYSCTL_Handler                           0x0000090f   Thumb Code     2  tm4c_int.o(.text)
    FLASH_Handler                            0x00000911   Thumb Code     2  tm4c_int.o(.text)
    GPIOF_Handler                            0x00000913   Thumb Code     2  tm4c_int.o(.text)
    GPIOH_Handler                            0x00000915   Thumb Code     2  tm4c_int.o(.text)
    UART2_Handler                            0x00000917   Thumb Code     2  tm4c_int.o(.text)
    SSI1_Handler                             0x00000919   Thumb Code     2  tm4c_int.o(.text)
    TIMER3_STA_Handler                       0x0000091b   Thumb Code     2  tm4c_int.o(.text)
    TIMER3_STB_Handler                       0x0000091d   Thumb Code     2  tm4c_int.o(.text)
    I2C1_Handler                             0x0000091f   Thumb Code     2  tm4c_int.o(.text)
    QE1_Handler                              0x00000921   Thumb Code     2  tm4c_int.o(.text)
    CAN0_Handler                             0x00000923   Thumb Code     2  tm4c_int.o(.text)
    CA1_Handler                              0x00000925   Thumb Code     2  tm4c_int.o(.text)
    CA2_Handler                              0x00000927   Thumb Code     2  tm4c_int.o(.text)
    Ethernet_Handler                         0x00000929   Thumb Code     2  tm4c_int.o(.text)
    Hibernate_Handler                        0x0000092b   Thumb Code     2  tm4c_int.o(.text)
    USB0_Handler                             0x0000092d   Thumb Code     2  tm4c_int.o(.text)
    PWM_G3_Handler                           0x0000092f   Thumb Code     2  tm4c_int.o(.text)
    UDMA_SUCCESS_Handler                     0x00000931   Thumb Code     2  tm4c_int.o(.text)
    UDMA_ERROR_Handler                       0x00000933   Thumb Code     2  tm4c_int.o(.text)
    ADC1_S0_Handler                          0x00000935   Thumb Code     2  tm4c_int.o(.text)
    ADC1_S1_Handler                          0x00000937   Thumb Code     2  tm4c_int.o(.text)
    ADC1_S2_Handler                          0x00000939   Thumb Code     2  tm4c_int.o(.text)
    ADC1_S3_Handler                          0x0000093b   Thumb Code     2  tm4c_int.o(.text)
    I2S0_Handler                             0x0000093d   Thumb Code     2  tm4c_int.o(.text)
    EBI0_Handler                             0x0000093f   Thumb Code     2  tm4c_int.o(.text)
    GPIOK_Handler                            0x00000941   Thumb Code     2  tm4c_int.o(.text)
    GPIOL_Handler                            0x00000943   Thumb Code     2  tm4c_int.o(.text)
    SSI2_Handler                             0x00000945   Thumb Code     2  tm4c_int.o(.text)
    SSI3_Handler                             0x00000947   Thumb Code     2  tm4c_int.o(.text)
    UART3_Handler                            0x00000949   Thumb Code     2  tm4c_int.o(.text)
    UART4_Handler                            0x0000094b   Thumb Code     2  tm4c_int.o(.text)
    UART5_Handler                            0x0000094d   Thumb Code     2  tm4c_int.o(.text)
    UART6_Handler                            0x0000094f   Thumb Code     2  tm4c_int.o(.text)
    UART7_Handler                            0x00000951   Thumb Code     2  tm4c_int.o(.text)
    I2C2_Handler                             0x00000953   Thumb Code     2  tm4c_int.o(.text)
    I2C3_Handler                             0x00000955   Thumb Code     2  tm4c_int.o(.text)
    TIMER4_STB_Handler                       0x00000957   Thumb Code     2  tm4c_int.o(.text)
    TIMER5_STA_Handler                       0x00000959   Thumb Code     2  tm4c_int.o(.text)
    TIMER5_STB_Handler                       0x0000095b   Thumb Code     2  tm4c_int.o(.text)
    WTIMER0_STA_Handler                      0x0000095d   Thumb Code     2  tm4c_int.o(.text)
    WTIMER0_STB_Handler                      0x0000095f   Thumb Code     2  tm4c_int.o(.text)
    WTIMER1_STA_Handler                      0x00000961   Thumb Code     2  tm4c_int.o(.text)
    WTIMER1_STB_Handler                      0x00000963   Thumb Code     2  tm4c_int.o(.text)
    WTIMER2_STA_Handler                      0x00000965   Thumb Code     2  tm4c_int.o(.text)
    WTIMER2_STB_Handler                      0x00000967   Thumb Code     2  tm4c_int.o(.text)
    WTIMER3_STA_Handler                      0x00000969   Thumb Code     2  tm4c_int.o(.text)
    WTIMER3_STB_Handler                      0x0000096b   Thumb Code     2  tm4c_int.o(.text)
    WTIMER4_STA_Handler                      0x0000096d   Thumb Code     2  tm4c_int.o(.text)
    WTIMER4_STB_Handler                      0x0000096f   Thumb Code     2  tm4c_int.o(.text)
    WTIMER5_STA_Handler                      0x00000971   Thumb Code     2  tm4c_int.o(.text)
    WTIMER5_STB_Handler                      0x00000973   Thumb Code     2  tm4c_int.o(.text)
    FPU_Handler                              0x00000975   Thumb Code     2  tm4c_int.o(.text)
    PECI0_Handler                            0x00000977   Thumb Code     2  tm4c_int.o(.text)
    LPC0_Handler                             0x00000979   Thumb Code     2  tm4c_int.o(.text)
    I2C4_Handler                             0x0000097b   Thumb Code     2  tm4c_int.o(.text)
    I2C5_Handler                             0x0000097d   Thumb Code     2  tm4c_int.o(.text)
    GPIOM_Handler                            0x0000097f   Thumb Code     2  tm4c_int.o(.text)
    GPION_Handler                            0x00000981   Thumb Code     2  tm4c_int.o(.text)
    QE2_Handler                              0x00000983   Thumb Code     2  tm4c_int.o(.text)
    Fan0_Handler                             0x00000985   Thumb Code     2  tm4c_int.o(.text)
    GPIOP0_Handler                           0x00000987   Thumb Code     2  tm4c_int.o(.text)
    GPIOP1_Handler                           0x00000989   Thumb Code     2  tm4c_int.o(.text)
    GPIOP2_Handler                           0x0000098b   Thumb Code     2  tm4c_int.o(.text)
    GPIOP3_Handler                           0x0000098d   Thumb Code     2  tm4c_int.o(.text)
    GPIOP4_Handler                           0x0000098f   Thumb Code     2  tm4c_int.o(.text)
    GPIOP5_Handler                           0x00000991   Thumb Code     2  tm4c_int.o(.text)
    GPIOP6_Handler                           0x00000993   Thumb Code     2  tm4c_int.o(.text)
    GPIOP7_Handler                           0x00000995   Thumb Code     2  tm4c_int.o(.text)
    GPIOQ0_Handler                           0x00000997   Thumb Code     2  tm4c_int.o(.text)
    GPIOQ1_Handler                           0x00000999   Thumb Code     2  tm4c_int.o(.text)
    GPIOQ2_Handler                           0x0000099b   Thumb Code     2  tm4c_int.o(.text)
    GPIOQ3_Handler                           0x0000099d   Thumb Code     2  tm4c_int.o(.text)
    GPIOQ4_Handler                           0x0000099f   Thumb Code     2  tm4c_int.o(.text)
    GPIOQ5_Handler                           0x000009a1   Thumb Code     2  tm4c_int.o(.text)
    GPIOQ6_Handler                           0x000009a3   Thumb Code     2  tm4c_int.o(.text)
    GPIOQ7_Handler                           0x000009a5   Thumb Code     2  tm4c_int.o(.text)
    GPIOR_Handler                            0x000009a7   Thumb Code     2  tm4c_int.o(.text)
    GPIOS_Handler                            0x000009a9   Thumb Code     2  tm4c_int.o(.text)
    PWM1_G0_Handler                          0x000009ab   Thumb Code     2  tm4c_int.o(.text)
    PWM1_G1_Handler                          0x000009ad   Thumb Code     2  tm4c_int.o(.text)
    PWM1_G2_Handler                          0x000009af   Thumb Code     2  tm4c_int.o(.text)
    PWM1_G3_Handler                          0x000009b1   Thumb Code     2  tm4c_int.o(.text)
    PWM1_Fault_Handler                       0x000009b3   Thumb Code     2  tm4c_int.o(.text)
    __user_initial_stackheap                 0x000009b5   Thumb Code     0  startup.o(.text)
    ADCIntRegister                           0x00000a19   Thumb Code    38  adc.o(.text)
    ADCIntUnregister                         0x00000a3f   Thumb Code    30  adc.o(.text)
    ADCIntDisable                            0x00000a5d   Thumb Code    12  adc.o(.text)
    ADCIntEnable                             0x00000a69   Thumb Code    18  adc.o(.text)
    ADCIntStatus                             0x00000a7b   Thumb Code    54  adc.o(.text)
    ADCIntClear                              0x00000ab1   Thumb Code     8  adc.o(.text)
    ADCSequenceEnable                        0x00000ab9   Thumb Code    12  adc.o(.text)
    ADCSequenceDisable                       0x00000ac5   Thumb Code    12  adc.o(.text)
    ADCSequenceConfigure                     0x00000ad1   Thumb Code    62  adc.o(.text)
    ADCSequenceStepConfigure                 0x00000b0f   Thumb Code   136  adc.o(.text)
    ADCSequenceOverflow                      0x00000b97   Thumb Code    12  adc.o(.text)
    ADCSequenceOverflowClear                 0x00000ba3   Thumb Code     8  adc.o(.text)
    ADCSequenceUnderflow                     0x00000bab   Thumb Code    12  adc.o(.text)
    ADCSequenceUnderflowClear                0x00000bb7   Thumb Code     8  adc.o(.text)
    ADCSequenceDataGet                       0x00000bbf   Thumb Code    34  adc.o(.text)
    ADCProcessorTrigger                      0x00000be1   Thumb Code    24  adc.o(.text)
    ADCSoftwareOversampleConfigure           0x00000bf9   Thumb Code    24  adc.o(.text)
    ADCSoftwareOversampleStepConfigure       0x00000c11   Thumb Code   110  adc.o(.text)
    ADCSoftwareOversampleDataGet             0x00000c7f   Thumb Code    54  adc.o(.text)
    ADCHardwareOversampleConfigure           0x00000cb5   Thumb Code    18  adc.o(.text)
    ADCComparatorConfigure                   0x00000cc7   Thumb Code    10  adc.o(.text)
    ADCComparatorRegionSet                   0x00000cd1   Thumb Code    16  adc.o(.text)
    ADCComparatorReset                       0x00000ce1   Thumb Code    34  adc.o(.text)
    ADCComparatorIntDisable                  0x00000d03   Thumb Code    14  adc.o(.text)
    ADCComparatorIntEnable                   0x00000d11   Thumb Code    14  adc.o(.text)
    ADCComparatorIntStatus                   0x00000d1f   Thumb Code     6  adc.o(.text)
    ADCComparatorIntClear                    0x00000d25   Thumb Code     4  adc.o(.text)
    ADCIntDisableEx                          0x00000d29   Thumb Code     8  adc.o(.text)
    ADCIntEnableEx                           0x00000d31   Thumb Code     8  adc.o(.text)
    ADCIntStatusEx                           0x00000d39   Thumb Code    22  adc.o(.text)
    ADCIntClearEx                            0x00000d4f   Thumb Code     8  adc.o(.text)
    ADCReferenceSet                          0x00000d57   Thumb Code    12  adc.o(.text)
    ADCReferenceGet                          0x00000d63   Thumb Code    10  adc.o(.text)
    ADCPhaseDelaySet                         0x00000d6d   Thumb Code     4  adc.o(.text)
    ADCPhaseDelayGet                         0x00000d71   Thumb Code     6  adc.o(.text)
    ADCSequenceDMAEnable                     0x00000d77   Thumb Code    14  adc.o(.text)
    ADCSequenceDMADisable                    0x00000d85   Thumb Code    14  adc.o(.text)
    ADCBusy                                  0x00000d93   Thumb Code    10  adc.o(.text)
    ADCClockConfigSet                        0x00000d9d   Thumb Code    48  adc.o(.text)
    ADCClockConfigGet                        0x00000dcd   Thumb Code    30  adc.o(.text)
    FPUEnable                                0x00000ded   Thumb Code    14  fpu.o(.text)
    FPUDisable                               0x00000dfb   Thumb Code    14  fpu.o(.text)
    FPUStackingEnable                        0x00000e09   Thumb Code    18  fpu.o(.text)
    FPULazyStackingEnable                    0x00000e1b   Thumb Code    14  fpu.o(.text)
    FPUStackingDisable                       0x00000e29   Thumb Code    14  fpu.o(.text)
    FPUHalfPrecisionModeSet                  0x00000e37   Thumb Code    20  fpu.o(.text)
    FPUNaNModeSet                            0x00000e4b   Thumb Code    20  fpu.o(.text)
    FPUFlushToZeroModeSet                    0x00000e5f   Thumb Code    20  fpu.o(.text)
    FPURoundingModeSet                       0x00000e73   Thumb Code    20  fpu.o(.text)
    GPIODirModeSet                           0x00000ec9   Thumb Code    50  gpio.o(.text)
    GPIODirModeGet                           0x00000efb   Thumb Code    46  gpio.o(.text)
    GPIOIntTypeSet                           0x00000f29   Thumb Code   102  gpio.o(.text)
    GPIOIntTypeGet                           0x00000f8f   Thumb Code    84  gpio.o(.text)
    GPIOPadConfigSet                         0x00000fe3   Thumb Code   342  gpio.o(.text)
    GPIOPadConfigGet                         0x00001139   Thumb Code   206  gpio.o(.text)
    GPIOIntEnable                            0x00001207   Thumb Code    12  gpio.o(.text)
    GPIOIntDisable                           0x00001213   Thumb Code    12  gpio.o(.text)
    GPIOIntStatus                            0x0000121f   Thumb Code    16  gpio.o(.text)
    GPIOIntClear                             0x0000122f   Thumb Code     6  gpio.o(.text)
    GPIOIntRegister                          0x00001235   Thumb Code    30  gpio.o(.text)
    GPIOIntUnregister                        0x00001253   Thumb Code    26  gpio.o(.text)
    GPIOPinRead                              0x0000126d   Thumb Code    32  gpio.o(.text)
    GPIOPinWrite                             0x0000128d   Thumb Code    10  gpio.o(.text)
    GPIOPinTypeADC                           0x00001297   Thumb Code    30  gpio.o(.text)
    GPIOPinTypeCAN                           0x000012b5   Thumb Code    30  gpio.o(.text)
    GPIOPinTypeComparator                    0x000012d3   Thumb Code    30  gpio.o(.text)
    GPIOPinTypeEPI                           0x000012f1   Thumb Code    30  gpio.o(.text)
    GPIOPinTypeEthernetLED                   0x0000130f   Thumb Code    30  gpio.o(.text)
    GPIOPinTypeEthernetMII                   0x0000132d   Thumb Code    30  gpio.o(.text)
    GPIOPinTypeGPIOInput                     0x0000134b   Thumb Code    30  gpio.o(.text)
    GPIOPinTypeGPIOOutput                    0x00001369   Thumb Code    30  gpio.o(.text)
    GPIOPinTypeGPIOOutputOD                  0x00001387   Thumb Code    30  gpio.o(.text)
    GPIOPinTypeI2C                           0x000013a5   Thumb Code    30  gpio.o(.text)
    GPIOPinTypeI2CSCL                        0x000013c3   Thumb Code    30  gpio.o(.text)
    GPIOPinTypeLCD                           0x000013e1   Thumb Code    30  gpio.o(.text)
    GPIOPinTypeLPC                           0x000013ff   Thumb Code    30  gpio.o(.text)
    GPIOPinTypePECIRx                        0x0000141d   Thumb Code    30  gpio.o(.text)
    GPIOPinTypePECITx                        0x0000143b   Thumb Code    30  gpio.o(.text)
    GPIOPinTypePWM                           0x00001459   Thumb Code    30  gpio.o(.text)
    GPIOPinTypeQEI                           0x00001477   Thumb Code    30  gpio.o(.text)
    GPIOPinTypeSSI                           0x00001495   Thumb Code    30  gpio.o(.text)
    GPIOPinTypeTimer                         0x000014b3   Thumb Code    30  gpio.o(.text)
    GPIOPinTypeUART                          0x000014d1   Thumb Code    30  gpio.o(.text)
    GPIOPinTypeUSBAnalog                     0x000014ef   Thumb Code    30  gpio.o(.text)
    GPIOPinTypeUSBDigital                    0x0000150d   Thumb Code    30  gpio.o(.text)
    GPIOPinTypeWakeHigh                      0x0000152b   Thumb Code    32  gpio.o(.text)
    GPIOPinTypeWakeLow                       0x0000154b   Thumb Code    32  gpio.o(.text)
    GPIOPinTypeKBRow                         0x0000156b   Thumb Code    30  gpio.o(.text)
    GPIOPinTypeKBColumn                      0x00001589   Thumb Code    30  gpio.o(.text)
    GPIOPinTypeLEDSeq                        0x000015a7   Thumb Code    30  gpio.o(.text)
    GPIOPinTypeCIR                           0x000015c5   Thumb Code    30  gpio.o(.text)
    GPIOPinWakeStatus                        0x000015e3   Thumb Code     8  gpio.o(.text)
    GPIOPinConfigure                         0x000015eb   Thumb Code    70  gpio.o(.text)
    GPIODMATriggerEnable                     0x00001631   Thumb Code    12  gpio.o(.text)
    GPIODMATriggerDisable                    0x0000163d   Thumb Code    12  gpio.o(.text)
    GPIOADCTriggerEnable                     0x00001649   Thumb Code    12  gpio.o(.text)
    GPIOADCTriggerDisable                    0x00001655   Thumb Code    12  gpio.o(.text)
    IntMasterEnable                          0x0000166d   Thumb Code    16  interrupt.o(.text)
    IntMasterDisable                         0x0000167d   Thumb Code    16  interrupt.o(.text)
    IntRegister                              0x0000168d   Thumb Code    52  interrupt.o(.text)
    IntUnregister                            0x000016c1   Thumb Code    10  interrupt.o(.text)
    IntPriorityGroupingSet                   0x000016cb   Thumb Code    18  interrupt.o(.text)
    IntPriorityGroupingGet                   0x000016dd   Thumb Code    36  interrupt.o(.text)
    IntPrioritySet                           0x00001701   Thumb Code    46  interrupt.o(.text)
    IntPriorityGet                           0x0000172f   Thumb Code    22  interrupt.o(.text)
    IntEnable                                0x00001745   Thumb Code   120  interrupt.o(.text)
    IntDisable                               0x000017bd   Thumb Code   120  interrupt.o(.text)
    IntIsEnabled                             0x00001835   Thumb Code   106  interrupt.o(.text)
    IntPendSet                               0x0000189f   Thumb Code    98  interrupt.o(.text)
    IntPendClear                             0x00001901   Thumb Code    76  interrupt.o(.text)
    IntPriorityMaskSet                       0x0000194d   Thumb Code    12  interrupt.o(.text)
    IntPriorityMaskGet                       0x00001959   Thumb Code     8  interrupt.o(.text)
    IntTrigger                               0x00001961   Thumb Code    10  interrupt.o(.text)
    PWMGenConfigure                          0x00001999   Thumb Code    42  pwm.o(.text)
    PWMGenPeriodSet                          0x000019c3   Thumb Code    22  pwm.o(.text)
    PWMGenPeriodGet                          0x000019d9   Thumb Code    24  pwm.o(.text)
    PWMGenEnable                             0x000019f1   Thumb Code    10  pwm.o(.text)
    PWMGenDisable                            0x000019fb   Thumb Code    10  pwm.o(.text)
    PWMPulseWidthSet                         0x00001a05   Thumb Code    38  pwm.o(.text)
    PWMPulseWidthGet                         0x00001a2b   Thumb Code    40  pwm.o(.text)
    PWMDeadBandEnable                        0x00001a53   Thumb Code    18  pwm.o(.text)
    PWMDeadBandDisable                       0x00001a65   Thumb Code    14  pwm.o(.text)
    PWMSyncUpdate                            0x00001a73   Thumb Code     4  pwm.o(.text)
    PWMSyncTimeBase                          0x00001a77   Thumb Code     4  pwm.o(.text)
    PWMOutputState                           0x00001a7b   Thumb Code    20  pwm.o(.text)
    PWMOutputInvert                          0x00001a8f   Thumb Code    20  pwm.o(.text)
    PWMOutputFaultLevel                      0x00001aa3   Thumb Code    20  pwm.o(.text)
    PWMOutputFault                           0x00001ab7   Thumb Code    20  pwm.o(.text)
    PWMGenIntRegister                        0x00001bc3   Thumb Code    38  pwm.o(.text)
    PWMGenIntUnregister                      0x00001be9   Thumb Code    30  pwm.o(.text)
    PWMFaultIntRegister                      0x00001c45   Thumb Code    30  pwm.o(.text)
    PWMFaultIntUnregister                    0x00001c63   Thumb Code    26  pwm.o(.text)
    PWMGenIntTrigEnable                      0x00001c7d   Thumb Code    14  pwm.o(.text)
    PWMGenIntTrigDisable                     0x00001c8b   Thumb Code    14  pwm.o(.text)
    PWMGenIntStatus                          0x00001c99   Thumb Code    16  pwm.o(.text)
    PWMGenIntClear                           0x00001ca9   Thumb Code     6  pwm.o(.text)
    PWMIntEnable                             0x00001caf   Thumb Code     8  pwm.o(.text)
    PWMIntDisable                            0x00001cb7   Thumb Code     8  pwm.o(.text)
    PWMFaultIntClear                         0x00001cbf   Thumb Code     8  pwm.o(.text)
    PWMIntStatus                             0x00001cc7   Thumb Code    14  pwm.o(.text)
    PWMFaultIntClearExt                      0x00001cd5   Thumb Code     4  pwm.o(.text)
    PWMGenFaultConfigure                     0x00001cd9   Thumb Code    20  pwm.o(.text)
    PWMGenFaultTriggerSet                    0x00001ced   Thumb Code    16  pwm.o(.text)
    PWMGenFaultTriggerGet                    0x00001cfd   Thumb Code    16  pwm.o(.text)
    PWMGenFaultStatus                        0x00001d0d   Thumb Code    38  pwm.o(.text)
    PWMGenFaultClear                         0x00001d33   Thumb Code    36  pwm.o(.text)
    PWMClockSet                              0x00001d57   Thumb Code    18  pwm.o(.text)
    PWMClockGet                              0x00001d69   Thumb Code    60  pwm.o(.text)
    PWMOutputUpdateMode                      0x00001da5   Thumb Code    82  pwm.o(.text)
    SysCtlSRAMSizeGet                        0x00001e7d   Thumb Code    12  sysctl.o(.text)
    SysCtlFlashSizeGet                       0x00001e89   Thumb Code    42  sysctl.o(.text)
    SysCtlFlashSectorSizeGet                 0x00001eb3   Thumb Code    40  sysctl.o(.text)
    SysCtlPeripheralPresent                  0x00001edb   Thumb Code    52  sysctl.o(.text)
    SysCtlPeripheralReady                    0x00001f0f   Thumb Code    52  sysctl.o(.text)
    SysCtlPeripheralPowerOn                  0x00001f43   Thumb Code    46  sysctl.o(.text)
    SysCtlPeripheralPowerOff                 0x00001f71   Thumb Code    46  sysctl.o(.text)
    SysCtlPeripheralReset                    0x00001f9f   Thumb Code   106  sysctl.o(.text)
    SysCtlPeripheralEnable                   0x00002009   Thumb Code    46  sysctl.o(.text)
    SysCtlPeripheralDisable                  0x00002037   Thumb Code    46  sysctl.o(.text)
    SysCtlPeripheralSleepEnable              0x00002065   Thumb Code    46  sysctl.o(.text)
    SysCtlPeripheralSleepDisable             0x00002093   Thumb Code    46  sysctl.o(.text)
    SysCtlPeripheralDeepSleepEnable          0x000020c1   Thumb Code    46  sysctl.o(.text)
    SysCtlPeripheralDeepSleepDisable         0x000020ef   Thumb Code    46  sysctl.o(.text)
    SysCtlPeripheralClockGating              0x0000211d   Thumb Code    82  sysctl.o(.text)
    SysCtlIntRegister                        0x0000216f   Thumb Code    20  sysctl.o(.text)
    SysCtlIntUnregister                      0x00002183   Thumb Code    16  sysctl.o(.text)
    SysCtlIntEnable                          0x00002193   Thumb Code    12  sysctl.o(.text)
    SysCtlIntDisable                         0x0000219f   Thumb Code    12  sysctl.o(.text)
    SysCtlIntClear                           0x000021ab   Thumb Code     6  sysctl.o(.text)
    SysCtlIntStatus                          0x000021b1   Thumb Code    16  sysctl.o(.text)
    SysCtlLDOSleepSet                        0x000021c1   Thumb Code     6  sysctl.o(.text)
    SysCtlLDOSleepGet                        0x000021c7   Thumb Code     6  sysctl.o(.text)
    SysCtlLDODeepSleepSet                    0x000021cd   Thumb Code     8  sysctl.o(.text)
    SysCtlLDODeepSleepGet                    0x000021d5   Thumb Code    60  sysctl.o(.text)
    SysCtlSleepPowerSet                      0x00002211   Thumb Code     6  sysctl.o(.text)
    SysCtlDeepSleepPowerSet                  0x00002217   Thumb Code     8  sysctl.o(.text)
    SysCtlReset                              0x0000221f   Thumb Code    10  sysctl.o(.text)
    SysCtlSleep                              0x00002229   Thumb Code     8  sysctl.o(.text)
    SysCtlDeepSleep                          0x00002231   Thumb Code    40  sysctl.o(.text)
    SysCtlResetCauseGet                      0x00002259   Thumb Code     6  sysctl.o(.text)
    SysCtlResetCauseClear                    0x0000225f   Thumb Code    12  sysctl.o(.text)
    SysCtlMOSCConfigSet                      0x0000226b   Thumb Code     6  sysctl.o(.text)
    SysCtlPIOSCCalibrate                     0x00002271   Thumb Code    82  sysctl.o(.text)
    SysCtlResetBehaviorSet                   0x000022c3   Thumb Code     8  sysctl.o(.text)
    SysCtlResetBehaviorGet                   0x000022cb   Thumb Code     8  sysctl.o(.text)
    SysCtlClockFreqSet                       0x000022d3   Thumb Code   646  sysctl.o(.text)
    SysCtlClockSet                           0x00002559   Thumb Code   340  sysctl.o(.text)
    SysCtlClockGet                           0x000026ad   Thumb Code   336  sysctl.o(.text)
    SysCtlDeepSleepClockSet                  0x000027fd   Thumb Code     8  sysctl.o(.text)
    SysCtlDeepSleepClockConfigSet            0x00002805   Thumb Code   110  sysctl.o(.text)
    SysCtlPWMClockSet                        0x00002873   Thumb Code    16  sysctl.o(.text)
    SysCtlPWMClockGet                        0x00002883   Thumb Code    24  sysctl.o(.text)
    SysCtlGPIOAHBEnable                      0x0000289b   Thumb Code    20  sysctl.o(.text)
    SysCtlGPIOAHBDisable                     0x000028af   Thumb Code    20  sysctl.o(.text)
    SysCtlUSBPLLEnable                       0x000028c3   Thumb Code    14  sysctl.o(.text)
    SysCtlUSBPLLDisable                      0x000028d1   Thumb Code    14  sysctl.o(.text)
    SysCtlVoltageEventConfig                 0x000028df   Thumb Code     6  sysctl.o(.text)
    SysCtlVoltageEventStatus                 0x000028e5   Thumb Code     6  sysctl.o(.text)
    SysCtlVoltageEventClear                  0x000028eb   Thumb Code    12  sysctl.o(.text)
    SysCtlNMIStatus                          0x000028f7   Thumb Code     6  sysctl.o(.text)
    SysCtlNMIClear                           0x000028fd   Thumb Code    12  sysctl.o(.text)
    SysCtlClockOutConfig                     0x00002909   Thumb Code    14  sysctl.o(.text)
    SysCtlAltClkConfig                       0x00002917   Thumb Code     8  sysctl.o(.text)
    TimerEnable                              0x000029a1   Thumb Code    14  timer.o(.text)
    TimerDisable                             0x000029af   Thumb Code    14  timer.o(.text)
    TimerConfigure                           0x000029bd   Thumb Code    84  timer.o(.text)
    TimerControlLevel                        0x00002a11   Thumb Code    22  timer.o(.text)
    TimerControlTrigger                      0x00002a27   Thumb Code    60  timer.o(.text)
    TimerControlEvent                        0x00002a63   Thumb Code    22  timer.o(.text)
    TimerControlStall                        0x00002a79   Thumb Code    22  timer.o(.text)
    TimerControlWaitOnTrigger                0x00002a8f   Thumb Code    52  timer.o(.text)
    TimerRTCEnable                           0x00002ac3   Thumb Code    10  timer.o(.text)
    TimerRTCDisable                          0x00002acd   Thumb Code    10  timer.o(.text)
    TimerClockSourceSet                      0x00002ad7   Thumb Code     6  timer.o(.text)
    TimerClockSourceGet                      0x00002add   Thumb Code     8  timer.o(.text)
    TimerPrescaleSet                         0x00002ae5   Thumb Code    16  timer.o(.text)
    TimerPrescaleGet                         0x00002af5   Thumb Code    14  timer.o(.text)
    TimerPrescaleMatchSet                    0x00002b03   Thumb Code    16  timer.o(.text)
    TimerPrescaleMatchGet                    0x00002b13   Thumb Code    14  timer.o(.text)
    TimerLoadSet                             0x00002b21   Thumb Code    16  timer.o(.text)
    TimerLoadGet                             0x00002b31   Thumb Code    14  timer.o(.text)
    TimerLoadSet64                           0x00002b3f   Thumb Code     6  timer.o(.text)
    TimerLoadGet64                           0x00002b45   Thumb Code    26  timer.o(.text)
    TimerValueGet                            0x00002b5f   Thumb Code    14  timer.o(.text)
    TimerValueGet64                          0x00002b6d   Thumb Code    26  timer.o(.text)
    TimerMatchSet                            0x00002b87   Thumb Code    16  timer.o(.text)
    TimerMatchGet                            0x00002b97   Thumb Code    14  timer.o(.text)
    TimerMatchSet64                          0x00002ba5   Thumb Code     6  timer.o(.text)
    TimerMatchGet64                          0x00002bab   Thumb Code    26  timer.o(.text)
    TimerIntRegister                         0x00002bc5   Thumb Code    38  timer.o(.text)
    TimerIntUnregister                       0x00002beb   Thumb Code    30  timer.o(.text)
    TimerIntEnable                           0x00002c09   Thumb Code     8  timer.o(.text)
    TimerIntDisable                          0x00002c11   Thumb Code     8  timer.o(.text)
    TimerIntStatus                           0x00002c19   Thumb Code    12  timer.o(.text)
    TimerIntClear                            0x00002c25   Thumb Code     4  timer.o(.text)
    TimerSynchronize                         0x00002c29   Thumb Code     4  timer.o(.text)
    TimerADCEventSet                         0x00002c2d   Thumb Code     4  timer.o(.text)
    TimerADCEventGet                         0x00002c31   Thumb Code     6  timer.o(.text)
    TimerDMAEventSet                         0x00002c37   Thumb Code     4  timer.o(.text)
    TimerDMAEventGet                         0x00002c3b   Thumb Code     6  timer.o(.text)
    TimerUpdateMode                          0x00002c41   Thumb Code    42  timer.o(.text)
    UARTParityModeSet                        0x00002cb9   Thumb Code    12  uart.o(.text)
    UARTParityModeGet                        0x00002cc5   Thumb Code    10  uart.o(.text)
    UARTFIFOLevelSet                         0x00002ccf   Thumb Code     8  uart.o(.text)
    UARTFIFOLevelGet                         0x00002cd7   Thumb Code    18  uart.o(.text)
    UARTEnable                               0x00002ce9   Thumb Code    20  uart.o(.text)
    UARTDisable                              0x00002cfd   Thumb Code    32  uart.o(.text)
    UARTConfigSetExpClk                      0x00002d1d   Thumb Code    76  uart.o(.text)
    UARTConfigGetExpClk                      0x00002d69   Thumb Code    44  uart.o(.text)
    UARTFIFOEnable                           0x00002d95   Thumb Code    10  uart.o(.text)
    UARTFIFODisable                          0x00002d9f   Thumb Code    10  uart.o(.text)
    UARTEnableSIR                            0x00002da9   Thumb Code    22  uart.o(.text)
    UARTDisableSIR                           0x00002dbf   Thumb Code    10  uart.o(.text)
    UARTSmartCardEnable                      0x00002dc9   Thumb Code    22  uart.o(.text)
    UARTSmartCardDisable                     0x00002ddf   Thumb Code    10  uart.o(.text)
    UARTModemControlSet                      0x00002de9   Thumb Code    12  uart.o(.text)
    UARTModemControlClear                    0x00002df5   Thumb Code    12  uart.o(.text)
    UARTModemControlGet                      0x00002e01   Thumb Code    10  uart.o(.text)
    UARTModemStatusGet                       0x00002e0b   Thumb Code    12  uart.o(.text)
    UARTFlowControlSet                       0x00002e17   Thumb Code    12  uart.o(.text)
    UARTFlowControlGet                       0x00002e23   Thumb Code    10  uart.o(.text)
    UARTTxIntModeSet                         0x00002e2d   Thumb Code    12  uart.o(.text)
    UARTTxIntModeGet                         0x00002e39   Thumb Code    10  uart.o(.text)
    UARTCharsAvail                           0x00002e43   Thumb Code    12  uart.o(.text)
    UARTSpaceAvail                           0x00002e4f   Thumb Code    12  uart.o(.text)
    UARTCharGetNonBlocking                   0x00002e5b   Thumb Code    20  uart.o(.text)
    UARTCharGet                              0x00002e6f   Thumb Code    18  uart.o(.text)
    UARTCharPutNonBlocking                   0x00002e81   Thumb Code    20  uart.o(.text)
    UARTCharPut                              0x00002e95   Thumb Code    16  uart.o(.text)
    UARTBreakCtl                             0x00002ea5   Thumb Code    20  uart.o(.text)
    UARTBusy                                 0x00002eb9   Thumb Code    10  uart.o(.text)
    UARTIntRegister                          0x00002ec3   Thumb Code    30  uart.o(.text)
    UARTIntUnregister                        0x00002ee1   Thumb Code    26  uart.o(.text)
    UARTIntEnable                            0x00002efb   Thumb Code     8  uart.o(.text)
    UARTIntDisable                           0x00002f03   Thumb Code     8  uart.o(.text)
    UARTIntStatus                            0x00002f0b   Thumb Code    12  uart.o(.text)
    UARTIntClear                             0x00002f17   Thumb Code     4  uart.o(.text)
    UARTDMAEnable                            0x00002f1b   Thumb Code     8  uart.o(.text)
    UARTDMADisable                           0x00002f23   Thumb Code     8  uart.o(.text)
    UARTRxErrorGet                           0x00002f2b   Thumb Code    10  uart.o(.text)
    UARTRxErrorClear                         0x00002f35   Thumb Code     6  uart.o(.text)
    UARTClockSourceSet                       0x00002f3b   Thumb Code     6  uart.o(.text)
    UARTClockSourceGet                       0x00002f41   Thumb Code     8  uart.o(.text)
    UART9BitEnable                           0x00002f49   Thumb Code    14  uart.o(.text)
    UART9BitDisable                          0x00002f57   Thumb Code    14  uart.o(.text)
    UART9BitAddrSet                          0x00002f65   Thumb Code    10  uart.o(.text)
    UART9BitAddrSend                         0x00002f6f   Thumb Code    44  uart.o(.text)
    UART0_Conf                               0x00002fb1   Thumb Code    74  selfuart.o(.text)
    Uart1_Send_Buf                           0x00002ffb   Thumb Code    28  selfuart.o(.text)
    Data_Send_Status                         0x00003017   Thumb Code   282  selfuart.o(.text)
    Data_Send_RCData                         0x00003131   Thumb Code   308  selfuart.o(.text)
    Data_Send_Senser                         0x00003265   Thumb Code   396  selfuart.o(.text)
    Data_Send_MotoPWM                        0x000033f1   Thumb Code   232  selfuart.o(.text)
    Data_Send_PID1                           0x000034d9   Thumb Code   488  selfuart.o(.text)
    Data_Send_PID2                           0x000036c1   Thumb Code   296  selfuart.o(.text)
    Data_Send_Check                          0x000037e9   Thumb Code    68  selfuart.o(.text)
    Show_Data                                0x0000382d   Thumb Code    90  selfuart.o(.text)
    Data_Receive_Anl                         0x00003887   Thumb Code   240  selfuart.o(.text)
    GPIO_Init                                0x00003991   Thumb Code   180  mygpio.o(.text)
    OUT_NormalGPIO_Conf                      0x00003a45   Thumb Code    42  mygpio.o(.text)
    IN_NormalGPIO_Conf                       0x00003a6f   Thumb Code    44  mygpio.o(.text)
    EXTI_GPIO_Conf                           0x00003a9b   Thumb Code    48  mygpio.o(.text)
    PWM_OutConf                              0x00003ae1   Thumb Code   226  selfpwm.o(.text)
    Moter_Out_Set                            0x00003bc3   Thumb Code    96  selfpwm.o(.text)
    delay_ms                                 0x00003c49   Thumb Code    28  sysclock.o(.text)
    delay_us                                 0x00003c65   Thumb Code    26  sysclock.o(.text)
    SysClock_Init                            0x00003c7f   Thumb Code    62  sysclock.o(.text)
    TIMER4_STA_Handler                       0x00003cbd   Thumb Code    28  sysclock.o(.text)
    GetSysTimer                              0x00003cd9   Thumb Code     6  sysclock.o(.text)
    PPM_Rec_Init                             0x00003cf9   Thumb Code    58  ppm_rec.o(.text)
    PPM_Data_Get                             0x00003d33   Thumb Code   160  ppm_rec.o(.text)
    GPIOB_Handler                            0x00003dd3   Thumb Code   122  ppm_rec.o(.text)
    GPIOG_Handler                            0x00003e4d   Thumb Code   206  ppm_rec.o(.text)
    PID_Init                                 0x00003f49   Thumb Code   176  pid_count.o(.text)
    PID_Count                                0x00003ff9   Thumb Code   180  pid_count.o(.text)
    Attitude_PID_Process                     0x000040ad   Thumb Code    22  pid_count.o(.text)
    I2C_delay                                0x000040f5   Thumb Code     4  mpu6050.o(.text)
    I2C_Stop                                 0x000040f9   Thumb Code    68  mpu6050.o(.text)
    I2C_WaitAck                              0x0000413d   Thumb Code   126  mpu6050.o(.text)
    I2C_SendByte                             0x000041bb   Thumb Code   104  mpu6050.o(.text)
    I2C_Start                                0x00004223   Thumb Code   106  mpu6050.o(.text)
    Single_Write                             0x0000428d   Thumb Code    66  mpu6050.o(.text)
    Congfigration_mpu6050                    0x000042cf   Thumb Code    54  mpu6050.o(.text)
    I2C_NoAck                                0x00004305   Thumb Code    68  mpu6050.o(.text)
    I2C_RadeByte                             0x00004349   Thumb Code   122  mpu6050.o(.text)
    Single_Read                              0x000043c3   Thumb Code    80  mpu6050.o(.text)
    GetData                                  0x00004413   Thumb Code    34  mpu6050.o(.text)
    Get_MPU6050_firstData                    0x00004435   Thumb Code   102  mpu6050.o(.text)
    Get_MPU6050_FilterAfter_Data             0x0000449b   Thumb Code   374  mpu6050.o(.text)
    Simulation_II2C_GPIO_Config              0x00004611   Thumb Code    20  mpu6050.o(.text)
    MPU6050_Init                             0x00004625   Thumb Code   420  mpu6050.o(.text)
    I2C_Ack                                  0x000047c9   Thumb Code    68  mpu6050.o(.text)
    Position_DataInit                        0x0000481d   Thumb Code    76  angle_core.o(.text)
    Get_Angle                                0x00004869   Thumb Code  1018  angle_core.o(.text)
    Ulatran_DataInit                         0x00004c6d   Thumb Code   194  ultrasonic_height.o(.text)
    Ulatran_Init                             0x00004d2f   Thumb Code    48  ultrasonic_height.o(.text)
    Detection_distance                       0x00004d5f   Thumb Code   394  ultrasonic_height.o(.text)
    Height_Pocess                            0x00004ee9   Thumb Code  1150  ultrasonic_height.o(.text)
    GPIOJ_Handler                            0x00005367   Thumb Code    70  ultrasonic_height.o(.text)
    ADC_Conf                                 0x0000540d   Thumb Code    64  myadc.o(.text)
    ADC_Buff_Clear                           0x0000544d   Thumb Code    46  myadc.o(.text)
    ADC_GetV                                 0x0000547b   Thumb Code    96  myadc.o(.text)
    _6050fsin                                0x000054f5   Thumb Code   132  fly_math.o(.text)
    _6050fcos                                0x00005579   Thumb Code   132  fly_math.o(.text)
    SysDataInit                              0x00005619   Thumb Code    74  initialize.o(.text)
    SysInit                                  0x00005663   Thumb Code   118  initialize.o(.text)
    Mode_Det                                 0x000056d9   Thumb Code   124  initialize.o(.text)
    LED_Electromagnet_Init                   0x00005775   Thumb Code   202  gpioinit.o(.text)
    __use_two_region_memory                  0x00005859   Thumb Code     2  heapauxi.o(.text)
    __rt_heap_escrow$2region                 0x0000585b   Thumb Code     2  heapauxi.o(.text)
    __rt_heap_expand$2region                 0x0000585d   Thumb Code     2  heapauxi.o(.text)
    __user_libspace                          0x00005861   Thumb Code     8  libspace.o(.text)
    __user_perproc_libspace                  0x00005861   Thumb Code     0  libspace.o(.text)
    __user_perthread_libspace                0x00005861   Thumb Code     0  libspace.o(.text)
    __user_setup_stackheap                   0x00005869   Thumb Code    74  sys_stackheap_outer.o(.text)
    exit                                     0x000058b3   Thumb Code    12  exit.o(.text)
    _sys_exit                                0x000058c1   Thumb Code     8  sys_exit.o(.text)
    __I$use$semihosting                      0x000058cd   Thumb Code     0  use_no_semi.o(.text)
    __use_no_semihosting_swi                 0x000058cd   Thumb Code     2  use_no_semi.o(.text)
    __ARM_fpclassify                         0x000058cf   Thumb Code    48  fpclassify.o(i.__ARM_fpclassify)
    __semihosting_library_function           0x000058cf   Thumb Code     0  indicate_semi.o(.text)
    __hardfp_atan                            0x00005901   Thumb Code   632  atan.o(i.__hardfp_atan)
    __hardfp_atan2                           0x00005be1   Thumb Code   426  atan2.o(i.__hardfp_atan2)
    __kernel_poly                            0x00005dd1   Thumb Code   248  poly.o(i.__kernel_poly)
    __mathlib_dbl_underflow                  0x00005ec9   Thumb Code    24  dunder.o(i.__mathlib_dbl_underflow)
    atan                                     0x00005ee9   Thumb Code    16  atan.o(i.atan)
    fabs                                     0x00005ef9   Thumb Code    24  fabs.o(i.fabs)
    __aeabi_dneg                             0x00005f11   Thumb Code     0  basic.o(x$fpl$basic)
    _dneg                                    0x00005f11   Thumb Code     6  basic.o(x$fpl$basic)
    __aeabi_fneg                             0x00005f17   Thumb Code     0  basic.o(x$fpl$basic)
    _fneg                                    0x00005f17   Thumb Code     6  basic.o(x$fpl$basic)
    _dabs                                    0x00005f1d   Thumb Code     6  basic.o(x$fpl$basic)
    _fabs                                    0x00005f23   Thumb Code     6  basic.o(x$fpl$basic)
    __aeabi_d2f                              0x00005f29   Thumb Code     0  d2f.o(x$fpl$d2f)
    _d2f                                     0x00005f29   Thumb Code    98  d2f.o(x$fpl$d2f)
    __aeabi_dadd                             0x00005f8d   Thumb Code     0  daddsub_clz.o(x$fpl$dadd)
    _dadd                                    0x00005f8d   Thumb Code   332  daddsub_clz.o(x$fpl$dadd)
    __aeabi_ddiv                             0x000060dd   Thumb Code     0  ddiv.o(x$fpl$ddiv)
    _ddiv                                    0x000060dd   Thumb Code   552  ddiv.o(x$fpl$ddiv)
    __aeabi_i2d                              0x0000638d   Thumb Code     0  dflt_clz.o(x$fpl$dflt)
    _dflt                                    0x0000638d   Thumb Code    46  dflt_clz.o(x$fpl$dflt)
    __aeabi_ui2d                             0x000063bb   Thumb Code     0  dflt_clz.o(x$fpl$dfltu)
    _dfltu                                   0x000063bb   Thumb Code    38  dflt_clz.o(x$fpl$dfltu)
    __aeabi_dmul                             0x000063e1   Thumb Code     0  dmul.o(x$fpl$dmul)
    _dmul                                    0x000063e1   Thumb Code   332  dmul.o(x$fpl$dmul)
    __fpl_dnaninf                            0x00006535   Thumb Code   156  dnaninf.o(x$fpl$dnaninf)
    __fpl_dretinf                            0x000065d1   Thumb Code    12  dretinf.o(x$fpl$dretinf)
    __aeabi_drsub                            0x000065dd   Thumb Code     0  daddsub_clz.o(x$fpl$drsb)
    _drsb                                    0x000065dd   Thumb Code    22  daddsub_clz.o(x$fpl$drsb)
    __aeabi_dsub                             0x000065f5   Thumb Code     0  daddsub_clz.o(x$fpl$dsub)
    _dsub                                    0x000065f5   Thumb Code   464  daddsub_clz.o(x$fpl$dsub)
    __aeabi_f2d                              0x000067c9   Thumb Code     0  f2d.o(x$fpl$f2d)
    _f2d                                     0x000067c9   Thumb Code    86  f2d.o(x$fpl$f2d)
    __fpl_fnaninf                            0x0000681f   Thumb Code   140  fnaninf.o(x$fpl$fnaninf)
    _fp_init                                 0x000068ab   Thumb Code    10  fpinit.o(x$fpl$fpinit)
    __fplib_config_fpu_vfp                   0x000068b3   Thumb Code     0  fpinit.o(x$fpl$fpinit)
    __fplib_config_pureend_doubles           0x000068b3   Thumb Code     0  fpinit.o(x$fpl$fpinit)
    __fpl_fretinf                            0x000068b5   Thumb Code    10  fretinf.o(x$fpl$fretinf)
    __I$use$fp                               0x000068be   Number         0  usenofp.o(x$fpl$usenofp)
    GyroFilter_Factor                        0x00006ec0   Data          12  mpu6050.o(.constdata)
    AccFilter_Factor                         0x00006ecc   Data          40  mpu6050.o(.constdata)
    __fsin                                   0x00006ef4   Data        3752  fly_math.o(.constdata)
    __fcos                                   0x00007d9c   Data        3752  fly_math.o(.constdata)
    __mathlib_zero                           0x00008ce0   Data           8  qnan.o(.constdata)
    Region$$Table$$Base                      0x00008ce8   Number         0  anon$$obj.o(Region$$Table)
    Region$$Table$$Limit                     0x00008d08   Number         0  anon$$obj.o(Region$$Table)
    flag                                     0x20000000   Data           1  main.o(.data)
    out                                      0x20000002   Data           8  main.o(.data)
    Stop                                     0x2000000a   Data           2  main.o(.data)
    throcontemp                              0x2000000c   Data           4  main.o(.data)
    ADTemp                                   0x20000010   Data           2  main.o(.data)
    down_flag                                0x20000012   Data           1  main.o(.data)
    Xdirection                               0x20000013   Data           1  main.o(.data)
    Ydirection                               0x20000014   Data           1  main.o(.data)
    Down                                     0x20000015   Data           1  main.o(.data)
    zz                                       0x20000016   Data           1  main.o(.data)
    Cnt                                      0x20000017   Data           1  main.o(.data)
    PPMtemp                                  0x20000018   Data           1  main.o(.data)
    SysTimeOut_Flag                          0x20000020   Data           1  sysclock.o(.data)
    suspend_time                             0x20000021   Data           1  sysclock.o(.data)
    count                                    0x20000022   Data           2  sysclock.o(.data)
    boot_timer                               0x20000024   Data           4  sysclock.o(.data)
    course_reserval                          0x20000028   Data           1  sysclock.o(.data)
    ppmstasus1                               0x2000002c   Data           1  ppm_rec.o(.data)
    ppmstasus2                               0x2000002d   Data           1  ppm_rec.o(.data)
    PPM_Temp1                                0x20000030   Data           4  ppm_rec.o(.data)
    PPM_Temp2                                0x20000034   Data           4  ppm_rec.o(.data)
    Acc_Gyro_Add                             0x20000038   Data           4  angle_core.o(.data)
    df_i                                     0x2000003c   Data           1  angle_core.o(.data)
    Ulatrasonic_Sta                          0x20000040   Data           4  ultrasonic_height.o(.data)
    Ulatrasonic_Count                        0x20000044   Data           4  ultrasonic_height.o(.data)
    Ulatrasonic_CountTemp                    0x20000048   Data           4  ultrasonic_height.o(.data)
    Ulacount_flag                            0x2000004c   Data           1  ultrasonic_height.o(.data)
    Height_PID_EXP                           0x20000050   Data           4  ultrasonic_height.o(.data)
    rec_Suspension                           0x20000054   Data           4  ultrasonic_height.o(.data)
    stop                                     0x20000058   Data           1  ultrasonic_height.o(.data)
    Step_FlySta                              0x20000059   Data           1  ultrasonic_height.o(.data)
    FloatThro                                0x2000005c   Data           4  ultrasonic_height.o(.data)
    temp                                     0x20000060   Data           4  ultrasonic_height.o(.data)
    use_camera                               0x20000064   Data           1  ultrasonic_height.o(.data)
    filterpos                                0x20000065   Data           1  ultrasonic_height.o(.data)
    upfilter_data                            0x20000068   Data           4  ultrasonic_height.o(.data)
    UpDown                                   0x2000006c   Data           1  ultrasonic_height.o(.data)
    WaitFly                                  0x2000006d   Data           1  ultrasonic_height.o(.data)
    HTimes_Count                             0x2000006e   Data           2  ultrasonic_height.o(.data)
    StopF                                    0x20000070   Data           2  ultrasonic_height.o(.data)
    Rema_thro                                0x20000074   Data           4  ultrasonic_height.o(.data)
    ulaInt_Flag                              0x20000078   Data           1  ultrasonic_height.o(.data)
    adc_buff_flag                            0x20000079   Data           1  myadc.o(.data)
    math_temp                                0x2000007c   Data           4  fly_math.o(.data)
    math_tn                                  0x20000080   Data           2  fly_math.o(.data)
    math_tn3                                 0x20000082   Data           2  fly_math.o(.data)
    math_tn2                                 0x20000084   Data           2  fly_math.o(.data)
    Control_Mode                             0x20000086   Data           1  initialize.o(.data)
    _6050_Data                               0x2000066c   Data          12  main.o(.bss)
    _Angle_Data                              0x20000678   Data          12  main.o(.bss)
    _PPM_Data                                0x20000684   Data          10  main.o(.bss)
    outTemp                                  0x20000690   Data          16  main.o(.bss)
    Receieve_Data                            0x200006a0   Data          10  main.o(.bss)
    send_data                                0x200006aa   Data          20  main.o(.bss)
    data_to_send                             0x200006be   Data          30  selfuart.o(.bss)
    PPM_Precount                             0x200006dc   Data          24  ppm_rec.o(.bss)
    PPM_Ncount                               0x200006f4   Data          24  ppm_rec.o(.bss)
    Roll_PID                                 0x2000070c   Data          32  pid_count.o(.bss)
    Pitch_PID                                0x2000072c   Data          32  pid_count.o(.bss)
    Yaw_PID                                  0x2000074c   Data          32  pid_count.o(.bss)
    _6050_Init_Data                          0x2000076c   Data          12  mpu6050.o(.bss)
    _6050_GyroFilter_Buff                    0x20000778   Data          18  mpu6050.o(.bss)
    _6050_AccFilter_Buff                     0x2000078a   Data          60  mpu6050.o(.bss)
    Pre_V                                    0x200007c8   Data          12  angle_core.o(.bss)
    Now_V                                    0x200007d4   Data          12  angle_core.o(.bss)
    Temp_V                                   0x200007e0   Data          12  angle_core.o(.bss)
    fsind                                    0x200007ec   Data          12  angle_core.o(.bss)
    fcosd                                    0x200007f8   Data          12  angle_core.o(.bss)
    Height_PID                               0x20000804   Data          32  ultrasonic_height.o(.bss)
    Filer_buff                               0x20000824   Data          16  ultrasonic_height.o(.bss)
    ADC_BUFF                                 0x20000834   Data          10  myadc.o(.bss)
    __libspace_start                         0x20000840   Data          96  libspace.o(.bss)
    __temporary_stack_top$libspace           0x200008a0   Data           0  libspace.o(.bss)



==============================================================================

Memory Map of the image

  Image Entry point : 0x00000285

  Load Region LR_IROM1 (Base: 0x00000000, Size: 0x00009374, Max: 0x00040000, ABSOLUTE, COMPRESSED[0x00008d28])

    Execution Region ER_IROM1 (Base: 0x00000000, Size: 0x00008d08, Max: 0x00040000, ABSOLUTE)

    Base Addr    Size         Type   Attr      Idx    E Section Name        Object

    0x00000000   0x00000284   Code   RO          230    RESET               startup.o
    0x00000284   0x00000008   Code   RO          979  * !!!main             c_w.l(__main.o)
    0x0000028c   0x00000034   Code   RO         1214    !!!scatter          c_w.l(__scatter.o)
    0x000002c0   0x0000003a   Code   RO         1212    !!dczerorl          c_w.l(__dczerorl.o)
    0x000002fa   0x00000002   PAD
    0x000002fc   0x0000001c   Code   RO         1216    !!handler_zi        c_w.l(__scatter_zi.o)
    0x00000318   0x00000002   Code   RO         1088    .ARM.Collect$$libinit$$00000000  c_w.l(libinit.o)
    0x0000031a   0x00000004   Code   RO         1091    .ARM.Collect$$libinit$$00000001  c_w.l(libinit2.o)
    0x0000031e   0x00000000   Code   RO         1095    .ARM.Collect$$libinit$$00000008  c_w.l(libinit2.o)
    0x0000031e   0x00000000   Code   RO         1097    .ARM.Collect$$libinit$$0000000A  c_w.l(libinit2.o)
    0x0000031e   0x00000000   Code   RO         1099    .ARM.Collect$$libinit$$0000000C  c_w.l(libinit2.o)
    0x0000031e   0x00000000   Code   RO         1102    .ARM.Collect$$libinit$$0000000F  c_w.l(libinit2.o)
    0x0000031e   0x00000000   Code   RO         1104    .ARM.Collect$$libinit$$00000011  c_w.l(libinit2.o)
    0x0000031e   0x00000000   Code   RO         1106    .ARM.Collect$$libinit$$00000013  c_w.l(libinit2.o)
    0x0000031e   0x00000000   Code   RO         1108    .ARM.Collect$$libinit$$00000015  c_w.l(libinit2.o)
    0x0000031e   0x00000000   Code   RO         1110    .ARM.Collect$$libinit$$00000017  c_w.l(libinit2.o)
    0x0000031e   0x00000000   Code   RO         1112    .ARM.Collect$$libinit$$00000019  c_w.l(libinit2.o)
    0x0000031e   0x00000000   Code   RO         1114    .ARM.Collect$$libinit$$0000001B  c_w.l(libinit2.o)
    0x0000031e   0x00000000   Code   RO         1116    .ARM.Collect$$libinit$$0000001D  c_w.l(libinit2.o)
    0x0000031e   0x00000000   Code   RO         1118    .ARM.Collect$$libinit$$0000001F  c_w.l(libinit2.o)
    0x0000031e   0x00000000   Code   RO         1120    .ARM.Collect$$libinit$$00000021  c_w.l(libinit2.o)
    0x0000031e   0x00000000   Code   RO         1122    .ARM.Collect$$libinit$$00000023  c_w.l(libinit2.o)
    0x0000031e   0x00000000   Code   RO         1126    .ARM.Collect$$libinit$$0000002A  c_w.l(libinit2.o)
    0x0000031e   0x00000000   Code   RO         1128    .ARM.Collect$$libinit$$0000002C  c_w.l(libinit2.o)
    0x0000031e   0x00000000   Code   RO         1130    .ARM.Collect$$libinit$$0000002E  c_w.l(libinit2.o)
    0x0000031e   0x00000000   Code   RO         1132    .ARM.Collect$$libinit$$00000030  c_w.l(libinit2.o)
    0x0000031e   0x00000002   Code   RO         1133    .ARM.Collect$$libinit$$00000031  c_w.l(libinit2.o)
    0x00000320   0x00000002   Code   RO         1153    .ARM.Collect$$libshutdown$$00000000  c_w.l(libshutdown.o)
    0x00000322   0x00000000   Code   RO         1167    .ARM.Collect$$libshutdown$$00000003  c_w.l(libshutdown2.o)
    0x00000322   0x00000000   Code   RO         1170    .ARM.Collect$$libshutdown$$00000006  c_w.l(libshutdown2.o)
    0x00000322   0x00000000   Code   RO         1173    .ARM.Collect$$libshutdown$$00000009  c_w.l(libshutdown2.o)
    0x00000322   0x00000000   Code   RO         1175    .ARM.Collect$$libshutdown$$0000000B  c_w.l(libshutdown2.o)
    0x00000322   0x00000000   Code   RO         1178    .ARM.Collect$$libshutdown$$0000000E  c_w.l(libshutdown2.o)
    0x00000322   0x00000002   Code   RO         1179    .ARM.Collect$$libshutdown$$0000000F  c_w.l(libshutdown2.o)
    0x00000324   0x00000000   Code   RO         1011    .ARM.Collect$$rtentry$$00000000  c_w.l(rtentry.o)
    0x00000324   0x00000000   Code   RO         1051    .ARM.Collect$$rtentry$$00000002  c_w.l(rtentry2.o)
    0x00000324   0x00000006   Code   RO         1063    .ARM.Collect$$rtentry$$00000004  c_w.l(rtentry4.o)
    0x0000032a   0x00000000   Code   RO         1053    .ARM.Collect$$rtentry$$00000009  c_w.l(rtentry2.o)
    0x0000032a   0x00000004   Code   RO         1054    .ARM.Collect$$rtentry$$0000000A  c_w.l(rtentry2.o)
    0x0000032e   0x00000000   Code   RO         1056    .ARM.Collect$$rtentry$$0000000C  c_w.l(rtentry2.o)
    0x0000032e   0x00000008   Code   RO         1057    .ARM.Collect$$rtentry$$0000000D  c_w.l(rtentry2.o)
    0x00000336   0x00000002   Code   RO         1089    .ARM.Collect$$rtexit$$00000000  c_w.l(rtexit.o)
    0x00000338   0x00000000   Code   RO         1135    .ARM.Collect$$rtexit$$00000002  c_w.l(rtexit2.o)
    0x00000338   0x00000004   Code   RO         1136    .ARM.Collect$$rtexit$$00000003  c_w.l(rtexit2.o)
    0x0000033c   0x00000006   Code   RO         1137    .ARM.Collect$$rtexit$$00000004  c_w.l(rtexit2.o)
    0x00000342   0x00000002   PAD
    0x00000344   0x00000026   Code   RO          313    .emb_text           cpu.o
    0x0000036a   0x00000002   PAD
    0x0000036c   0x00000006   Code   RO          593    .emb_text           sysctl.o
    0x00000372   0x00000002   PAD
    0x00000374   0x00000564   Code   RO            1    .text               main.o
    0x000008d8   0x000000dc   Code   RO          201    .text               tm4c_int.o
    0x000009b4   0x00000018   Code   RO          231    .text               startup.o
    0x000009cc   0x0000041e   Code   RO          237    .text               adc.o
    0x00000dea   0x00000002   PAD
    0x00000dec   0x000000a4   Code   RO          414    .text               fpu.o
    0x00000e90   0x000007d8   Code   RO          426    .text               gpio.o
    0x00001668   0x00000330   Code   RO          475    .text               interrupt.o
    0x00001998   0x0000045e   Code   RO          517    .text               pwm.o
    0x00001df6   0x00000002   PAD
    0x00001df8   0x00000b64   Code   RO          594    .text               sysctl.o
    0x0000295c   0x00000324   Code   RO          638    .text               timer.o
    0x00002c80   0x00000330   Code   RO          655    .text               uart.o
    0x00002fb0   0x000009e0   Code   RO          717    .text               selfuart.o
    0x00003990   0x00000150   Code   RO          741    .text               mygpio.o
    0x00003ae0   0x00000168   Code   RO          756    .text               selfpwm.o
    0x00003c48   0x000000b0   Code   RO          774    .text               sysclock.o
    0x00003cf8   0x00000250   Code   RO          800    .text               ppm_rec.o
    0x00003f48   0x000001ac   Code   RO          820    .text               pid_count.o
    0x000040f4   0x00000728   Code   RO          838    .text               mpu6050.o
    0x0000481c   0x00000450   Code   RO          861    .text               angle_core.o
    0x00004c6c   0x000007a0   Code   RO          887    .text               ultrasonic_height.o
    0x0000540c   0x000000e8   Code   RO          906    .text               myadc.o
    0x000054f4   0x00000124   Code   RO          925    .text               fly_math.o
    0x00005618   0x0000015c   Code   RO          944    .text               initialize.o
    0x00005774   0x000000e4   Code   RO          963    .text               gpioinit.o
    0x00005858   0x00000006   Code   RO          977    .text               c_w.l(heapauxi.o)
    0x0000585e   0x00000002   PAD
    0x00005860   0x00000008   Code   RO         1076    .text               c_w.l(libspace.o)
    0x00005868   0x0000004a   Code   RO         1079    .text               c_w.l(sys_stackheap_outer.o)
    0x000058b2   0x0000000c   Code   RO         1081    .text               c_w.l(exit.o)
    0x000058be   0x00000002   PAD
    0x000058c0   0x0000000c   Code   RO         1145    .text               c_w.l(sys_exit.o)
    0x000058cc   0x00000002   Code   RO         1156    .text               c_w.l(use_no_semi.o)
    0x000058ce   0x00000000   Code   RO         1158    .text               c_w.l(indicate_semi.o)
    0x000058ce   0x00000030   Code   RO         1072    i.__ARM_fpclassify  m_wm.l(fpclassify.o)
    0x000058fe   0x00000002   PAD
    0x00005900   0x000002e0   Code   RO         1029    i.__hardfp_atan     m_wm.l(atan.o)
    0x00005be0   0x000001f0   Code   RO          999    i.__hardfp_atan2    m_wm.l(atan2.o)
    0x00005dd0   0x000000f8   Code   RO         1074    i.__kernel_poly     m_wm.l(poly.o)
    0x00005ec8   0x00000020   Code   RO         1070    i.__mathlib_dbl_underflow  m_wm.l(dunder.o)
    0x00005ee8   0x00000010   Code   RO         1031    i.atan              m_wm.l(atan.o)
    0x00005ef8   0x00000018   Code   RO         1045    i.fabs              m_wm.l(fabs.o)
    0x00005f10   0x00000018   Code   RO         1014    x$fpl$basic         fz_wm.l(basic.o)
    0x00005f28   0x00000062   Code   RO          981    x$fpl$d2f           fz_wm.l(d2f.o)
    0x00005f8a   0x00000002   PAD
    0x00005f8c   0x00000150   Code   RO          983    x$fpl$dadd          fz_wm.l(daddsub_clz.o)
    0x000060dc   0x000002b0   Code   RO         1017    x$fpl$ddiv          fz_wm.l(ddiv.o)
    0x0000638c   0x0000002e   Code   RO          990    x$fpl$dflt          fz_wm.l(dflt_clz.o)
    0x000063ba   0x00000026   Code   RO          989    x$fpl$dfltu         fz_wm.l(dflt_clz.o)
    0x000063e0   0x00000154   Code   RO          995    x$fpl$dmul          fz_wm.l(dmul.o)
    0x00006534   0x0000009c   Code   RO         1020    x$fpl$dnaninf       fz_wm.l(dnaninf.o)
    0x000065d0   0x0000000c   Code   RO         1022    x$fpl$dretinf       fz_wm.l(dretinf.o)
    0x000065dc   0x00000016   Code   RO          984    x$fpl$drsb          fz_wm.l(daddsub_clz.o)
    0x000065f2   0x00000002   PAD
    0x000065f4   0x000001d4   Code   RO          985    x$fpl$dsub          fz_wm.l(daddsub_clz.o)
    0x000067c8   0x00000056   Code   RO          997    x$fpl$f2d           fz_wm.l(f2d.o)
    0x0000681e   0x0000008c   Code   RO         1024    x$fpl$fnaninf       fz_wm.l(fnaninf.o)
    0x000068aa   0x0000000a   Code   RO         1143    x$fpl$fpinit        fz_wm.l(fpinit.o)
    0x000068b4   0x0000000a   Code   RO         1026    x$fpl$fretinf       fz_wm.l(fretinf.o)
    0x000068be   0x00000000   Code   RO         1028    x$fpl$usenofp       fz_wm.l(usenofp.o)
    0x000068be   0x00000002   PAD
    0x000068c0   0x00000210   Data   RO          427    .constdata          gpio.o
    0x00006ad0   0x0000010c   Data   RO          476    .constdata          interrupt.o
    0x00006bdc   0x000001c4   Data   RO          595    .constdata          sysctl.o
    0x00006da0   0x000000a0   Data   RO          639    .constdata          timer.o
    0x00006e40   0x00000080   Data   RO          656    .constdata          uart.o
    0x00006ec0   0x00000034   Data   RO          840    .constdata          mpu6050.o
    0x00006ef4   0x00001d50   Data   RO          926    .constdata          fly_math.o
    0x00008c44   0x00000004   PAD
    0x00008c48   0x00000098   Data   RO         1032    .constdata          m_wm.l(atan.o)
    0x00008ce0   0x00000008   Data   RO         1049    .constdata          m_wm.l(qnan.o)
    0x00008ce8   0x00000020   Data   RO         1210    Region$$Table       anon$$obj.o


    Execution Region RW_IRAM1 (Base: 0x20000000, Size: 0x000009a0, Max: 0x00008000, ABSOLUTE, COMPRESSED[0x00000020])

    Base Addr    Size         Type   Attr      Idx    E Section Name        Object

    0x20000000   0x00000019   Data   RW            3    .data               main.o
    0x20000019   0x00000003   Data   RW          238    .data               adc.o
    0x2000001c   0x00000004   Data   RW          719    .data               selfuart.o
    0x20000020   0x00000009   Data   RW          775    .data               sysclock.o
    0x20000029   0x00000003   PAD
    0x2000002c   0x0000000c   Data   RW          802    .data               ppm_rec.o
    0x20000038   0x00000005   Data   RW          863    .data               angle_core.o
    0x2000003d   0x00000003   PAD
    0x20000040   0x00000039   Data   RW          889    .data               ultrasonic_height.o
    0x20000079   0x00000001   Data   RW          908    .data               myadc.o
    0x2000007a   0x00000002   PAD
    0x2000007c   0x0000000a   Data   RW          927    .data               fly_math.o
    0x20000086   0x00000001   Data   RW          945    .data               initialize.o
    0x20000087   0x00000379   PAD
    0x20000400   0x0000026c   Data   RW          477    vtable              interrupt.o
    0x2000066c   0x00000052   Zero   RW            2    .bss                main.o
    0x200006be   0x0000001e   Zero   RW          718    .bss                selfuart.o
    0x200006dc   0x00000030   Zero   RW          801    .bss                ppm_rec.o
    0x2000070c   0x00000060   Zero   RW          821    .bss                pid_count.o
    0x2000076c   0x0000005a   Zero   RW          839    .bss                mpu6050.o
    0x200007c6   0x00000002   PAD
    0x200007c8   0x0000003c   Zero   RW          862    .bss                angle_core.o
    0x20000804   0x00000030   Zero   RW          888    .bss                ultrasonic_height.o
    0x20000834   0x0000000a   Zero   RW          907    .bss                myadc.o
    0x2000083e   0x00000002   PAD
    0x20000840   0x00000060   Zero   RW         1077    .bss                c_w.l(libspace.o)
    0x200008a0   0x00000000   Zero   RW          229    HEAP                startup.o
    0x200008a0   0x00000100   Zero   RW          228    STACK               startup.o


==============================================================================

Image component sizes


      Code (inc. data)   RO Data    RW Data    ZI Data      Debug   Object Name

      1054         24          0          3          0      11696   adc.o
      1104         50          0          5         60       2541   angle_core.o
        38          0          0          0          0        588   cpu.o
       292         28       7504         10          0       1550   fly_math.o
       164         10          0          0          0       1613   fpu.o
      2008         28        528          0          0      13361   gpio.o
       228         26          0          0          0        589   gpioinit.o
       348         32          0          1          0       1226   initialize.o
       816         46        268        620          0       4784   interrupt.o
      1380        134          0         25         82       9204   main.o
      1832         36         52          0         90       6538   mpu6050.o
       232         26          0          1         10       1652   myadc.o
       336         22          0          0          0       3390   mygpio.o
       428         50          0          0         96       2159   pid_count.o
       592         46          0         12         48       2747   ppm_rec.o
      1118         32          0          0          0      10129   pwm.o
       360         38          0          0          0       1148   selfpwm.o
      2528         92          0          4         30       6107   selfuart.o
       668        638          0          0        256        520   startup.o
       176         26          0          9          0       1641   sysclock.o
      2922        174        452          0          0      14177   sysctl.o
       804         22        160          0          0      10498   timer.o
       220          0          0          0          0      11279   tm4c_int.o
       816         22        128          0          0      10840   uart.o
      1952        242          0         57         48       3622   ultrasonic_height.o

    ----------------------------------------------------------------------
     22424       1844       9128       1644        724     133599   Object Totals
         0          0         32          0          0          0   (incl. Generated)
         8          0          4        897          4          0   (incl. Padding)

    ----------------------------------------------------------------------

      Code (inc. data)   RO Data    RW Data    ZI Data      Debug   Library Member Name

        58          0          0          0          0          0   __dczerorl.o
         8          0          0          0          0         68   __main.o
        52          8          0          0          0          0   __scatter.o
        28          0          0          0          0          0   __scatter_zi.o
        12          0          0          0          0         72   exit.o
         6          0          0          0          0        152   heapauxi.o
         0          0          0          0          0          0   indicate_semi.o
         2          0          0          0          0          0   libinit.o
         6          0          0          0          0          0   libinit2.o
         2          0          0          0          0          0   libshutdown.o
         2          0          0          0          0          0   libshutdown2.o
         8          4          0          0         96         68   libspace.o
         0          0          0          0          0          0   rtentry.o
        12          0          0          0          0          0   rtentry2.o
         6          0          0          0          0          0   rtentry4.o
         2          0          0          0          0          0   rtexit.o
        10          0          0          0          0          0   rtexit2.o
        12          4          0          0          0         68   sys_exit.o
        74          0          0          0          0         80   sys_stackheap_outer.o
         2          0          0          0          0         68   use_no_semi.o
        24          0          0          0          0        164   basic.o
        98          4          0          0          0        140   d2f.o
       826         16          0          0          0        492   daddsub_clz.o
       688        140          0          0          0        256   ddiv.o
        84          0          0          0          0        232   dflt_clz.o
       340         12          0          0          0        152   dmul.o
       156          4          0          0          0        140   dnaninf.o
        12          0          0          0          0        116   dretinf.o
        86          4          0          0          0        132   f2d.o
       140          4          0          0          0        132   fnaninf.o
        10          0          0          0          0        116   fpinit.o
        10          0          0          0          0        116   fretinf.o
         0          0          0          0          0          0   usenofp.o
       752        104        152          0          0        344   atan.o
       496         70          0          0          0        156   atan2.o
        32          8          0          0          0        124   dunder.o
        24          0          0          0          0        124   fabs.o
        48          0          0          0          0        124   fpclassify.o
       248          0          0          0          0        152   poly.o
         0          0          8          0          0          0   qnan.o

    ----------------------------------------------------------------------
      4392        382        160          0         96       3788   Library Totals
        16          0          0          0          0          0   (incl. Padding)

    ----------------------------------------------------------------------

      Code (inc. data)   RO Data    RW Data    ZI Data      Debug   Library Name

       302         16          0          0         96        576   c_w.l
      2474        184          0          0          0       2188   fz_wm.l
      1600        182        160          0          0       1024   m_wm.l

    ----------------------------------------------------------------------
      4392        382        160          0         96       3788   Library Totals

    ----------------------------------------------------------------------

==============================================================================


      Code (inc. data)   RO Data    RW Data    ZI Data      Debug   

     26816       2226       9288       1644        820     130831   Grand Totals
     26816       2226       9288         32        820     130831   ELF Image Totals (compressed)
     26816       2226       9288         32          0          0   ROM Totals

==============================================================================

    Total RO  Size (Code + RO Data)                36104 (  35.26kB)
    Total RW  Size (RW Data + ZI Data)              2464 (   2.41kB)
    Total ROM Size (Code + RO Data + RW Data)      36136 (  35.29kB)

==============================================================================

