<html>
<body>
<pre>
<h1>礦ision Build Log</h1>
<h2>Project:</h2>
E:\单片机\TM4C\基本起飞\TI主控2016竞赛定高 - 8-14基础部分\Project\Pro.uvproj
Project File Date:  08/11/2016

<h2>Output:</h2>
Build target 'FLY MODE'
compiling main.c...
compiling tm4c_int.c...
assembling Startup.s...
compiling adc.c...
compiling aes.c...
compiling can.c...
compiling comp.c...
compiling cpu.c...
compiling crc.c...
compiling des.c...
compiling eeprom.c...
compiling emac.c...
compiling epi.c...
compiling flash.c...
compiling fpu.c...
compiling gpio.c...
compiling hibernate.c...
compiling i2c.c...
compiling interrupt.c...
compiling lcd.c...
compiling mpu.c...
compiling pwm.c...
compiling qei.c...
compiling shamd5.c...
compiling ssi.c...
compiling sw_crc.c...
compiling sysctl.c...
compiling sysexc.c...
compiling systick.c...
compiling timer.c...
compiling uart.c...
compiling udma.c...
compiling usb.c...
compiling watchdog.c...
compiling selfUART.c...
compiling mygpio.c...
compiling selfPWM.c...
compiling SYSCLOCk.c...
compiling PPM_Rec.c...
compiling PID_Count.c...
compiling MPU6050.c...
compiling Angle_Core.c...
compiling Ultrasonic_Height.c...
compiling MyADC.c...
compiling fly_math.c...
compiling initialize.c...
compiling gpioInit.c...
linking...
Program Size: Code=26816 RO-data=9288 RW-data=1644 ZI-data=820  
".\Obj\Pro.axf" - 0 Error(s), 0 Warning(s).
Load "E:\\单片机\\TM4C\\基本起飞\\TI主控2016竞赛定高 - 8-14基础部分\\Project\\Obj\\Pro.axf" 
Erase Done.
Programming Done.
Verify OK.
Load "E:\\单片机\\TM4C\\基本起飞\\TI主控2016竞赛定高 - 8-14基础部分\\Project\\Obj\\Pro.axf" 
Erase Done.
Programming Done.
Verify OK.
</pre>
</body>
</html>
