<!doctype html public "-//w3c//dtd html 4.0 transitional//en">
<html><head>
<title>Static Call Graph - [.\Obj\Pro.axf]</title></head>
<body><HR>
<H1>Static Call Graph for image .\Obj\Pro.axf</H1><HR>
<BR><P>#&#060CALLGRAPH&#062# ARM Linker, 5040049: Last Updated: Tue Nov 08 10:30:39 2016
<BR><P>
<H3>Maximum Stack Usage =        240 bytes + Unknown(Functions without stacksize, Cycles, Untraceable Function Pointers)</H3><H3>
Call chain for Maximum Stack Depth:</H3>
__rt_entry_main &rArr; main &rArr; Get_Angle &rArr; __hardfp_atan2 &rArr; atan &rArr; __hardfp_atan &rArr; __kernel_poly &rArr; __aeabi_dmul
<P>
<H3>
Functions with no stack information
</H3><UL>
 <LI><a href="#[2]">Reset_Handler</a>
 <LI><a href="#[134]">__user_initial_stackheap</a>
 <LI><a href="#[3]">NmiSR</a>
 <LI><a href="#[4]">FaultISR</a>
 <LI><a href="#[5]">IntDefaultHandler</a>
</UL>
</UL>
<P>
<H3>
Mutually Recursive functions
</H3> <LI><a href="#[3]">NmiSR</a>&nbsp;&nbsp;&nbsp;&rArr;&nbsp;&nbsp;&nbsp;<a href="#[3]">NmiSR</a><BR>
 <LI><a href="#[4]">FaultISR</a>&nbsp;&nbsp;&nbsp;&rArr;&nbsp;&nbsp;&nbsp;<a href="#[4]">FaultISR</a><BR>
 <LI><a href="#[5]">IntDefaultHandler</a>&nbsp;&nbsp;&nbsp;&rArr;&nbsp;&nbsp;&nbsp;<a href="#[5]">IntDefaultHandler</a><BR>
 <LI><a href="#[8b]">SysCtlDelay</a>&nbsp;&nbsp;&nbsp;&rArr;&nbsp;&nbsp;&nbsp;<a href="#[8b]">SysCtlDelay</a><BR>
</UL>
<P>
<H3>
Function Pointers
</H3><UL>
 <LI><a href="#[15]">ADC0_S0_Handler</a> from tm4c_int.o(.text) referenced from startup.o(RESET)
 <LI><a href="#[16]">ADC0_S1_Handler</a> from tm4c_int.o(.text) referenced from startup.o(RESET)
 <LI><a href="#[17]">ADC0_S2_Handler</a> from tm4c_int.o(.text) referenced from startup.o(RESET)
 <LI><a href="#[18]">ADC0_S3_Handler</a> from tm4c_int.o(.text) referenced from startup.o(RESET)
 <LI><a href="#[37]">ADC1_S0_Handler</a> from tm4c_int.o(.text) referenced from startup.o(RESET)
 <LI><a href="#[38]">ADC1_S1_Handler</a> from tm4c_int.o(.text) referenced from startup.o(RESET)
 <LI><a href="#[39]">ADC1_S2_Handler</a> from tm4c_int.o(.text) referenced from startup.o(RESET)
 <LI><a href="#[3a]">ADC1_S3_Handler</a> from tm4c_int.o(.text) referenced from startup.o(RESET)
 <LI><a href="#[2f]">CA1_Handler</a> from tm4c_int.o(.text) referenced from startup.o(RESET)
 <LI><a href="#[30]">CA2_Handler</a> from tm4c_int.o(.text) referenced from startup.o(RESET)
 <LI><a href="#[2e]">CAN0_Handler</a> from tm4c_int.o(.text) referenced from startup.o(RESET)
 <LI><a href="#[20]">COMP0_Handler</a> from tm4c_int.o(.text) referenced from startup.o(RESET)
 <LI><a href="#[21]">COMP1_Handler</a> from tm4c_int.o(.text) referenced from startup.o(RESET)
 <LI><a href="#[22]">COMP2_Handler</a> from tm4c_int.o(.text) referenced from startup.o(RESET)
 <LI><a href="#[3c]">EBI0_Handler</a> from tm4c_int.o(.text) referenced from startup.o(RESET)
 <LI><a href="#[31]">Ethernet_Handler</a> from tm4c_int.o(.text) referenced from startup.o(RESET)
 <LI><a href="#[24]">FLASH_Handler</a> from tm4c_int.o(.text) referenced from startup.o(RESET)
 <LI><a href="#[59]">FPU_Handler</a> from tm4c_int.o(.text) referenced from startup.o(RESET)
 <LI><a href="#[61]">Fan0_Handler</a> from tm4c_int.o(.text) referenced from startup.o(RESET)
 <LI><a href="#[4]">FaultISR</a> from startup.o(RESET) referenced from startup.o(RESET)
 <LI><a href="#[7]">GPIOA_Handler</a> from tm4c_int.o(.text) referenced from startup.o(RESET)
 <LI><a href="#[8]">GPIOB_Handler</a> from ppm_rec.o(.text) referenced from startup.o(RESET)
 <LI><a href="#[9]">GPIOC_Handler</a> from tm4c_int.o(.text) referenced from startup.o(RESET)
 <LI><a href="#[a]">GPIOD_Handler</a> from tm4c_int.o(.text) referenced from startup.o(RESET)
 <LI><a href="#[b]">GPIOE_Handler</a> from tm4c_int.o(.text) referenced from startup.o(RESET)
 <LI><a href="#[25]">GPIOF_Handler</a> from tm4c_int.o(.text) referenced from startup.o(RESET)
 <LI><a href="#[26]">GPIOG_Handler</a> from ppm_rec.o(.text) referenced from startup.o(RESET)
 <LI><a href="#[27]">GPIOH_Handler</a> from tm4c_int.o(.text) referenced from startup.o(RESET)
 <LI><a href="#[3d]">GPIOJ_Handler</a> from ultrasonic_height.o(.text) referenced from startup.o(RESET)
 <LI><a href="#[3e]">GPIOK_Handler</a> from tm4c_int.o(.text) referenced from startup.o(RESET)
 <LI><a href="#[3f]">GPIOL_Handler</a> from tm4c_int.o(.text) referenced from startup.o(RESET)
 <LI><a href="#[5e]">GPIOM_Handler</a> from tm4c_int.o(.text) referenced from startup.o(RESET)
 <LI><a href="#[5f]">GPION_Handler</a> from tm4c_int.o(.text) referenced from startup.o(RESET)
 <LI><a href="#[62]">GPIOP0_Handler</a> from tm4c_int.o(.text) referenced from startup.o(RESET)
 <LI><a href="#[63]">GPIOP1_Handler</a> from tm4c_int.o(.text) referenced from startup.o(RESET)
 <LI><a href="#[64]">GPIOP2_Handler</a> from tm4c_int.o(.text) referenced from startup.o(RESET)
 <LI><a href="#[65]">GPIOP3_Handler</a> from tm4c_int.o(.text) referenced from startup.o(RESET)
 <LI><a href="#[66]">GPIOP4_Handler</a> from tm4c_int.o(.text) referenced from startup.o(RESET)
 <LI><a href="#[67]">GPIOP5_Handler</a> from tm4c_int.o(.text) referenced from startup.o(RESET)
 <LI><a href="#[68]">GPIOP6_Handler</a> from tm4c_int.o(.text) referenced from startup.o(RESET)
 <LI><a href="#[69]">GPIOP7_Handler</a> from tm4c_int.o(.text) referenced from startup.o(RESET)
 <LI><a href="#[6a]">GPIOQ0_Handler</a> from tm4c_int.o(.text) referenced from startup.o(RESET)
 <LI><a href="#[6b]">GPIOQ1_Handler</a> from tm4c_int.o(.text) referenced from startup.o(RESET)
 <LI><a href="#[6c]">GPIOQ2_Handler</a> from tm4c_int.o(.text) referenced from startup.o(RESET)
 <LI><a href="#[6d]">GPIOQ3_Handler</a> from tm4c_int.o(.text) referenced from startup.o(RESET)
 <LI><a href="#[6e]">GPIOQ4_Handler</a> from tm4c_int.o(.text) referenced from startup.o(RESET)
 <LI><a href="#[6f]">GPIOQ5_Handler</a> from tm4c_int.o(.text) referenced from startup.o(RESET)
 <LI><a href="#[70]">GPIOQ6_Handler</a> from tm4c_int.o(.text) referenced from startup.o(RESET)
 <LI><a href="#[71]">GPIOQ7_Handler</a> from tm4c_int.o(.text) referenced from startup.o(RESET)
 <LI><a href="#[72]">GPIOR_Handler</a> from tm4c_int.o(.text) referenced from startup.o(RESET)
 <LI><a href="#[73]">GPIOS_Handler</a> from tm4c_int.o(.text) referenced from startup.o(RESET)
 <LI><a href="#[32]">Hibernate_Handler</a> from tm4c_int.o(.text) referenced from startup.o(RESET)
 <LI><a href="#[f]">I2C0_Handler</a> from tm4c_int.o(.text) referenced from startup.o(RESET)
 <LI><a href="#[2c]">I2C1_Handler</a> from tm4c_int.o(.text) referenced from startup.o(RESET)
 <LI><a href="#[47]">I2C2_Handler</a> from tm4c_int.o(.text) referenced from startup.o(RESET)
 <LI><a href="#[48]">I2C3_Handler</a> from tm4c_int.o(.text) referenced from startup.o(RESET)
 <LI><a href="#[5c]">I2C4_Handler</a> from tm4c_int.o(.text) referenced from startup.o(RESET)
 <LI><a href="#[5d]">I2C5_Handler</a> from tm4c_int.o(.text) referenced from startup.o(RESET)
 <LI><a href="#[3b]">I2S0_Handler</a> from tm4c_int.o(.text) referenced from startup.o(RESET)
 <LI><a href="#[5]">IntDefaultHandler</a> from startup.o(RESET) referenced 6 times from startup.o(RESET)
 <LI><a href="#[5b]">LPC0_Handler</a> from tm4c_int.o(.text) referenced from startup.o(RESET)
 <LI><a href="#[3]">NmiSR</a> from startup.o(RESET) referenced from startup.o(RESET)
 <LI><a href="#[5a]">PECI0_Handler</a> from tm4c_int.o(.text) referenced from startup.o(RESET)
 <LI><a href="#[10]">PWM0_Fault_Handler</a> from tm4c_int.o(.text) referenced from startup.o(RESET)
 <LI><a href="#[11]">PWM0_G0_Handler</a> from tm4c_int.o(.text) referenced from startup.o(RESET)
 <LI><a href="#[12]">PWM0_G1_Handler</a> from tm4c_int.o(.text) referenced from startup.o(RESET)
 <LI><a href="#[13]">PWM0_G2_Handler</a> from tm4c_int.o(.text) referenced from startup.o(RESET)
 <LI><a href="#[78]">PWM1_Fault_Handler</a> from tm4c_int.o(.text) referenced from startup.o(RESET)
 <LI><a href="#[74]">PWM1_G0_Handler</a> from tm4c_int.o(.text) referenced from startup.o(RESET)
 <LI><a href="#[75]">PWM1_G1_Handler</a> from tm4c_int.o(.text) referenced from startup.o(RESET)
 <LI><a href="#[76]">PWM1_G2_Handler</a> from tm4c_int.o(.text) referenced from startup.o(RESET)
 <LI><a href="#[77]">PWM1_G3_Handler</a> from tm4c_int.o(.text) referenced from startup.o(RESET)
 <LI><a href="#[34]">PWM_G3_Handler</a> from tm4c_int.o(.text) referenced from startup.o(RESET)
 <LI><a href="#[2d]">QE1_Handler</a> from tm4c_int.o(.text) referenced from startup.o(RESET)
 <LI><a href="#[60]">QE2_Handler</a> from tm4c_int.o(.text) referenced from startup.o(RESET)
 <LI><a href="#[14]">QE_Handler</a> from tm4c_int.o(.text) referenced from startup.o(RESET)
 <LI><a href="#[2]">Reset_Handler</a> from startup.o(RESET) referenced from startup.o(RESET)
 <LI><a href="#[e]">SSI0_Handler</a> from tm4c_int.o(.text) referenced from startup.o(RESET)
 <LI><a href="#[29]">SSI1_Handler</a> from tm4c_int.o(.text) referenced from startup.o(RESET)
 <LI><a href="#[40]">SSI2_Handler</a> from tm4c_int.o(.text) referenced from startup.o(RESET)
 <LI><a href="#[41]">SSI3_Handler</a> from tm4c_int.o(.text) referenced from startup.o(RESET)
 <LI><a href="#[23]">SYSCTL_Handler</a> from tm4c_int.o(.text) referenced from startup.o(RESET)
 <LI><a href="#[6]">SysTick_Handler</a> from tm4c_int.o(.text) referenced from startup.o(RESET)
 <LI><a href="#[1a]">TIMER0_STA_Handler</a> from tm4c_int.o(.text) referenced from startup.o(RESET)
 <LI><a href="#[1b]">TIMER0_STB_Handler</a> from tm4c_int.o(.text) referenced from startup.o(RESET)
 <LI><a href="#[1c]">TIMER1_STA_Handler</a> from tm4c_int.o(.text) referenced from startup.o(RESET)
 <LI><a href="#[1d]">TIMER1_STB_Handler</a> from tm4c_int.o(.text) referenced from startup.o(RESET)
 <LI><a href="#[1e]">TIMER2_STA_Handler</a> from tm4c_int.o(.text) referenced from startup.o(RESET)
 <LI><a href="#[1f]">TIMER2_STB_Handler</a> from tm4c_int.o(.text) referenced from startup.o(RESET)
 <LI><a href="#[2a]">TIMER3_STA_Handler</a> from tm4c_int.o(.text) referenced from startup.o(RESET)
 <LI><a href="#[2b]">TIMER3_STB_Handler</a> from tm4c_int.o(.text) referenced from startup.o(RESET)
 <LI><a href="#[49]">TIMER4_STA_Handler</a> from sysclock.o(.text) referenced from startup.o(RESET)
 <LI><a href="#[4a]">TIMER4_STB_Handler</a> from tm4c_int.o(.text) referenced from startup.o(RESET)
 <LI><a href="#[4b]">TIMER5_STA_Handler</a> from tm4c_int.o(.text) referenced from startup.o(RESET)
 <LI><a href="#[4c]">TIMER5_STB_Handler</a> from tm4c_int.o(.text) referenced from startup.o(RESET)
 <LI><a href="#[c]">UART0_Handler</a> from main.o(.text) referenced from startup.o(RESET)
 <LI><a href="#[d]">UART1_Handler</a> from tm4c_int.o(.text) referenced from startup.o(RESET)
 <LI><a href="#[28]">UART2_Handler</a> from tm4c_int.o(.text) referenced from startup.o(RESET)
 <LI><a href="#[42]">UART3_Handler</a> from tm4c_int.o(.text) referenced from startup.o(RESET)
 <LI><a href="#[43]">UART4_Handler</a> from tm4c_int.o(.text) referenced from startup.o(RESET)
 <LI><a href="#[44]">UART5_Handler</a> from tm4c_int.o(.text) referenced from startup.o(RESET)
 <LI><a href="#[45]">UART6_Handler</a> from tm4c_int.o(.text) referenced from startup.o(RESET)
 <LI><a href="#[46]">UART7_Handler</a> from tm4c_int.o(.text) referenced from startup.o(RESET)
 <LI><a href="#[36]">UDMA_ERROR_Handler</a> from tm4c_int.o(.text) referenced from startup.o(RESET)
 <LI><a href="#[35]">UDMA_SUCCESS_Handler</a> from tm4c_int.o(.text) referenced from startup.o(RESET)
 <LI><a href="#[33]">USB0_Handler</a> from tm4c_int.o(.text) referenced from startup.o(RESET)
 <LI><a href="#[19]">WDOG_Timer_Handler</a> from tm4c_int.o(.text) referenced from startup.o(RESET)
 <LI><a href="#[4d]">WTIMER0_STA_Handler</a> from tm4c_int.o(.text) referenced from startup.o(RESET)
 <LI><a href="#[4e]">WTIMER0_STB_Handler</a> from tm4c_int.o(.text) referenced from startup.o(RESET)
 <LI><a href="#[4f]">WTIMER1_STA_Handler</a> from tm4c_int.o(.text) referenced from startup.o(RESET)
 <LI><a href="#[50]">WTIMER1_STB_Handler</a> from tm4c_int.o(.text) referenced from startup.o(RESET)
 <LI><a href="#[51]">WTIMER2_STA_Handler</a> from tm4c_int.o(.text) referenced from startup.o(RESET)
 <LI><a href="#[52]">WTIMER2_STB_Handler</a> from tm4c_int.o(.text) referenced from startup.o(RESET)
 <LI><a href="#[53]">WTIMER3_STA_Handler</a> from tm4c_int.o(.text) referenced from startup.o(RESET)
 <LI><a href="#[54]">WTIMER3_STB_Handler</a> from tm4c_int.o(.text) referenced from startup.o(RESET)
 <LI><a href="#[55]">WTIMER4_STA_Handler</a> from tm4c_int.o(.text) referenced from startup.o(RESET)
 <LI><a href="#[56]">WTIMER4_STB_Handler</a> from tm4c_int.o(.text) referenced from startup.o(RESET)
 <LI><a href="#[57]">WTIMER5_STA_Handler</a> from tm4c_int.o(.text) referenced from startup.o(RESET)
 <LI><a href="#[58]">WTIMER5_STB_Handler</a> from tm4c_int.o(.text) referenced from startup.o(RESET)
 <LI><a href="#[79]">_IntDefaultHandler</a> from interrupt.o(.text) referenced from interrupt.o(.text)
</UL>
<P>
<H3>
Global Symbols
</H3>
<P><STRONG><a name="[2]"></a>Reset_Handler</STRONG> (Thumb, 0 bytes, Stack size unknown bytes, startup.o(RESET))
<BR><BR>[Calls]<UL><LI><a href="#[7a]">&gt;&gt;</a>&nbsp;&nbsp;&nbsp;__main
</UL>
<BR>[Address Reference Count : 1]<UL><LI> startup.o(RESET)
</UL>
<P><STRONG><a name="[7a]"></a>__main</STRONG> (Thumb, 8 bytes, Stack size 0 bytes, __main.o(!!!main))
<BR><BR>[Calls]<UL><LI><a href="#[7c]">&gt;&gt;</a>&nbsp;&nbsp;&nbsp;__rt_entry
<LI><a href="#[7b]">&gt;&gt;</a>&nbsp;&nbsp;&nbsp;__scatterload
</UL>
<BR>[Called By]<UL><LI><a href="#[2]">&gt;&gt;</a>&nbsp;&nbsp;&nbsp;Reset_Handler
</UL>

<P><STRONG><a name="[7b]"></a>__scatterload</STRONG> (Thumb, 0 bytes, Stack size unknown bytes, __scatter.o(!!!scatter))
<BR><BR>[Called By]<UL><LI><a href="#[7a]">&gt;&gt;</a>&nbsp;&nbsp;&nbsp;__main
</UL>

<P><STRONG><a name="[7d]"></a>__scatterload_rt2</STRONG> (Thumb, 44 bytes, Stack size unknown bytes, __scatter.o(!!!scatter), UNUSED)
<BR><BR>[Calls]<UL><LI><a href="#[7c]">&gt;&gt;</a>&nbsp;&nbsp;&nbsp;__rt_entry
</UL>

<P><STRONG><a name="[14d]"></a>__scatterload_rt2_thumb_only</STRONG> (Thumb, 0 bytes, Stack size unknown bytes, __scatter.o(!!!scatter), UNUSED)

<P><STRONG><a name="[14e]"></a>__scatterload_null</STRONG> (Thumb, 0 bytes, Stack size unknown bytes, __scatter.o(!!!scatter), UNUSED)

<P><STRONG><a name="[14f]"></a>__decompress</STRONG> (Thumb, 58 bytes, Stack size unknown bytes, __dczerorl.o(!!dczerorl), UNUSED)

<P><STRONG><a name="[150]"></a>__decompress0</STRONG> (Thumb, 0 bytes, Stack size unknown bytes, __dczerorl.o(!!dczerorl), UNUSED)

<P><STRONG><a name="[151]"></a>__scatterload_zeroinit</STRONG> (Thumb, 28 bytes, Stack size unknown bytes, __scatter_zi.o(!!handler_zi), UNUSED)

<P><STRONG><a name="[83]"></a>__rt_lib_init</STRONG> (Thumb, 0 bytes, Stack size unknown bytes, libinit.o(.ARM.Collect$$libinit$$00000000))
<BR><BR>[Called By]<UL><LI><a href="#[82]">&gt;&gt;</a>&nbsp;&nbsp;&nbsp;__rt_entry_li
</UL>

<P><STRONG><a name="[7e]"></a>__rt_lib_init_fp_1</STRONG> (Thumb, 0 bytes, Stack size unknown bytes, libinit2.o(.ARM.Collect$$libinit$$00000001))
<BR><BR>[Calls]<UL><LI><a href="#[7f]">&gt;&gt;</a>&nbsp;&nbsp;&nbsp;_fp_init
</UL>

<P><STRONG><a name="[152]"></a>__rt_lib_init_alloca_1</STRONG> (Thumb, 0 bytes, Stack size unknown bytes, libinit2.o(.ARM.Collect$$libinit$$0000002C))

<P><STRONG><a name="[153]"></a>__rt_lib_init_argv_1</STRONG> (Thumb, 0 bytes, Stack size unknown bytes, libinit2.o(.ARM.Collect$$libinit$$0000002A))

<P><STRONG><a name="[154]"></a>__rt_lib_init_atexit_1</STRONG> (Thumb, 0 bytes, Stack size unknown bytes, libinit2.o(.ARM.Collect$$libinit$$00000019))

<P><STRONG><a name="[155]"></a>__rt_lib_init_clock_1</STRONG> (Thumb, 0 bytes, Stack size unknown bytes, libinit2.o(.ARM.Collect$$libinit$$0000001F))

<P><STRONG><a name="[156]"></a>__rt_lib_init_cpp_1</STRONG> (Thumb, 0 bytes, Stack size unknown bytes, libinit2.o(.ARM.Collect$$libinit$$00000030))

<P><STRONG><a name="[157]"></a>__rt_lib_init_exceptions_1</STRONG> (Thumb, 0 bytes, Stack size unknown bytes, libinit2.o(.ARM.Collect$$libinit$$0000002E))

<P><STRONG><a name="[158]"></a>__rt_lib_init_fp_trap_1</STRONG> (Thumb, 0 bytes, Stack size unknown bytes, libinit2.o(.ARM.Collect$$libinit$$0000001D))

<P><STRONG><a name="[159]"></a>__rt_lib_init_getenv_1</STRONG> (Thumb, 0 bytes, Stack size unknown bytes, libinit2.o(.ARM.Collect$$libinit$$00000021))

<P><STRONG><a name="[15a]"></a>__rt_lib_init_heap_1</STRONG> (Thumb, 0 bytes, Stack size unknown bytes, libinit2.o(.ARM.Collect$$libinit$$00000008))

<P><STRONG><a name="[15b]"></a>__rt_lib_init_lc_collate_1</STRONG> (Thumb, 0 bytes, Stack size unknown bytes, libinit2.o(.ARM.Collect$$libinit$$0000000F))

<P><STRONG><a name="[15c]"></a>__rt_lib_init_lc_ctype_1</STRONG> (Thumb, 0 bytes, Stack size unknown bytes, libinit2.o(.ARM.Collect$$libinit$$00000011))

<P><STRONG><a name="[15d]"></a>__rt_lib_init_lc_monetary_1</STRONG> (Thumb, 0 bytes, Stack size unknown bytes, libinit2.o(.ARM.Collect$$libinit$$00000013))

<P><STRONG><a name="[15e]"></a>__rt_lib_init_lc_numeric_1</STRONG> (Thumb, 0 bytes, Stack size unknown bytes, libinit2.o(.ARM.Collect$$libinit$$00000015))

<P><STRONG><a name="[15f]"></a>__rt_lib_init_lc_time_1</STRONG> (Thumb, 0 bytes, Stack size unknown bytes, libinit2.o(.ARM.Collect$$libinit$$00000017))

<P><STRONG><a name="[160]"></a>__rt_lib_init_rand_1</STRONG> (Thumb, 0 bytes, Stack size unknown bytes, libinit2.o(.ARM.Collect$$libinit$$0000000C))

<P><STRONG><a name="[161]"></a>__rt_lib_init_return</STRONG> (Thumb, 0 bytes, Stack size unknown bytes, libinit2.o(.ARM.Collect$$libinit$$00000031))

<P><STRONG><a name="[162]"></a>__rt_lib_init_signal_1</STRONG> (Thumb, 0 bytes, Stack size unknown bytes, libinit2.o(.ARM.Collect$$libinit$$0000001B))

<P><STRONG><a name="[163]"></a>__rt_lib_init_stdio_1</STRONG> (Thumb, 0 bytes, Stack size unknown bytes, libinit2.o(.ARM.Collect$$libinit$$00000023))

<P><STRONG><a name="[164]"></a>__rt_lib_init_user_alloc_1</STRONG> (Thumb, 0 bytes, Stack size unknown bytes, libinit2.o(.ARM.Collect$$libinit$$0000000A))

<P><STRONG><a name="[88]"></a>__rt_lib_shutdown</STRONG> (Thumb, 0 bytes, Stack size unknown bytes, libshutdown.o(.ARM.Collect$$libshutdown$$00000000))
<BR><BR>[Called By]<UL><LI><a href="#[87]">&gt;&gt;</a>&nbsp;&nbsp;&nbsp;__rt_exit_ls
</UL>

<P><STRONG><a name="[165]"></a>__rt_lib_shutdown_fp_trap_1</STRONG> (Thumb, 0 bytes, Stack size unknown bytes, libshutdown2.o(.ARM.Collect$$libshutdown$$00000006))

<P><STRONG><a name="[166]"></a>__rt_lib_shutdown_heap_1</STRONG> (Thumb, 0 bytes, Stack size unknown bytes, libshutdown2.o(.ARM.Collect$$libshutdown$$0000000E))

<P><STRONG><a name="[167]"></a>__rt_lib_shutdown_return</STRONG> (Thumb, 0 bytes, Stack size unknown bytes, libshutdown2.o(.ARM.Collect$$libshutdown$$0000000F))

<P><STRONG><a name="[168]"></a>__rt_lib_shutdown_signal_1</STRONG> (Thumb, 0 bytes, Stack size unknown bytes, libshutdown2.o(.ARM.Collect$$libshutdown$$00000009))

<P><STRONG><a name="[169]"></a>__rt_lib_shutdown_stdio_1</STRONG> (Thumb, 0 bytes, Stack size unknown bytes, libshutdown2.o(.ARM.Collect$$libshutdown$$00000003))

<P><STRONG><a name="[16a]"></a>__rt_lib_shutdown_user_alloc_1</STRONG> (Thumb, 0 bytes, Stack size unknown bytes, libshutdown2.o(.ARM.Collect$$libshutdown$$0000000B))

<P><STRONG><a name="[7c]"></a>__rt_entry</STRONG> (Thumb, 0 bytes, Stack size unknown bytes, rtentry.o(.ARM.Collect$$rtentry$$00000000))
<BR><BR>[Called By]<UL><LI><a href="#[7a]">&gt;&gt;</a>&nbsp;&nbsp;&nbsp;__main
<LI><a href="#[7d]">&gt;&gt;</a>&nbsp;&nbsp;&nbsp;__scatterload_rt2
</UL>

<P><STRONG><a name="[16b]"></a>__rt_entry_presh_1</STRONG> (Thumb, 0 bytes, Stack size unknown bytes, rtentry2.o(.ARM.Collect$$rtentry$$00000002))

<P><STRONG><a name="[80]"></a>__rt_entry_sh</STRONG> (Thumb, 0 bytes, Stack size unknown bytes, rtentry4.o(.ARM.Collect$$rtentry$$00000004))
<BR><BR>[Stack]<UL><LI>Max Depth = 8 + Unknown Stack Size
<LI>Call Chain = __rt_entry_sh &rArr; __user_setup_stackheap
</UL>
<BR>[Calls]<UL><LI><a href="#[81]">&gt;&gt;</a>&nbsp;&nbsp;&nbsp;__user_setup_stackheap
</UL>

<P><STRONG><a name="[82]"></a>__rt_entry_li</STRONG> (Thumb, 0 bytes, Stack size unknown bytes, rtentry2.o(.ARM.Collect$$rtentry$$0000000A))
<BR><BR>[Calls]<UL><LI><a href="#[83]">&gt;&gt;</a>&nbsp;&nbsp;&nbsp;__rt_lib_init
</UL>

<P><STRONG><a name="[16c]"></a>__rt_entry_postsh_1</STRONG> (Thumb, 0 bytes, Stack size unknown bytes, rtentry2.o(.ARM.Collect$$rtentry$$00000009))

<P><STRONG><a name="[84]"></a>__rt_entry_main</STRONG> (Thumb, 0 bytes, Stack size unknown bytes, rtentry2.o(.ARM.Collect$$rtentry$$0000000D))
<BR><BR>[Stack]<UL><LI>Max Depth = 240 + Unknown Stack Size
<LI>Call Chain = __rt_entry_main &rArr; main &rArr; Get_Angle &rArr; __hardfp_atan2 &rArr; atan &rArr; __hardfp_atan &rArr; __kernel_poly &rArr; __aeabi_dmul
</UL>
<BR>[Calls]<UL><LI><a href="#[85]">&gt;&gt;</a>&nbsp;&nbsp;&nbsp;main
<LI><a href="#[86]">&gt;&gt;</a>&nbsp;&nbsp;&nbsp;exit
</UL>

<P><STRONG><a name="[16d]"></a>__rt_entry_postli_1</STRONG> (Thumb, 0 bytes, Stack size unknown bytes, rtentry2.o(.ARM.Collect$$rtentry$$0000000C))

<P><STRONG><a name="[135]"></a>__rt_exit</STRONG> (Thumb, 0 bytes, Stack size unknown bytes, rtexit.o(.ARM.Collect$$rtexit$$00000000))
<BR><BR>[Called By]<UL><LI><a href="#[86]">&gt;&gt;</a>&nbsp;&nbsp;&nbsp;exit
</UL>

<P><STRONG><a name="[87]"></a>__rt_exit_ls</STRONG> (Thumb, 0 bytes, Stack size unknown bytes, rtexit2.o(.ARM.Collect$$rtexit$$00000003))
<BR><BR>[Calls]<UL><LI><a href="#[88]">&gt;&gt;</a>&nbsp;&nbsp;&nbsp;__rt_lib_shutdown
</UL>

<P><STRONG><a name="[16e]"></a>__rt_exit_prels_1</STRONG> (Thumb, 0 bytes, Stack size unknown bytes, rtexit2.o(.ARM.Collect$$rtexit$$00000002))

<P><STRONG><a name="[89]"></a>__rt_exit_exit</STRONG> (Thumb, 0 bytes, Stack size unknown bytes, rtexit2.o(.ARM.Collect$$rtexit$$00000004))
<BR><BR>[Calls]<UL><LI><a href="#[8a]">&gt;&gt;</a>&nbsp;&nbsp;&nbsp;_sys_exit
</UL>

<P><STRONG><a name="[c3]"></a>CPUcpsid</STRONG> (Thumb, 8 bytes, Stack size 0 bytes, cpu.o(.emb_text), UNUSED)
<BR><BR>[Called By]<UL><LI><a href="#[c2]">&gt;&gt;</a>&nbsp;&nbsp;&nbsp;IntMasterDisable
</UL>

<P><STRONG><a name="[16f]"></a>CPUprimask</STRONG> (Thumb, 6 bytes, Stack size 0 bytes, cpu.o(.emb_text), UNUSED)

<P><STRONG><a name="[c1]"></a>CPUcpsie</STRONG> (Thumb, 8 bytes, Stack size 0 bytes, cpu.o(.emb_text))
<BR><BR>[Called By]<UL><LI><a href="#[c0]">&gt;&gt;</a>&nbsp;&nbsp;&nbsp;IntMasterEnable
</UL>

<P><STRONG><a name="[d1]"></a>CPUwfi</STRONG> (Thumb, 4 bytes, Stack size 0 bytes, cpu.o(.emb_text), UNUSED)
<BR><BR>[Called By]<UL><LI><a href="#[d2]">&gt;&gt;</a>&nbsp;&nbsp;&nbsp;SysCtlDeepSleep
<LI><a href="#[d0]">&gt;&gt;</a>&nbsp;&nbsp;&nbsp;SysCtlSleep
</UL>

<P><STRONG><a name="[c5]"></a>CPUbasepriSet</STRONG> (Thumb, 6 bytes, Stack size 0 bytes, cpu.o(.emb_text), UNUSED)
<BR><BR>[Called By]<UL><LI><a href="#[c4]">&gt;&gt;</a>&nbsp;&nbsp;&nbsp;IntPriorityMaskSet
</UL>

<P><STRONG><a name="[c7]"></a>CPUbasepriGet</STRONG> (Thumb, 6 bytes, Stack size 0 bytes, cpu.o(.emb_text), UNUSED)
<BR><BR>[Called By]<UL><LI><a href="#[c6]">&gt;&gt;</a>&nbsp;&nbsp;&nbsp;IntPriorityMaskGet
</UL>

<P><STRONG><a name="[8b]"></a>SysCtlDelay</STRONG> (Thumb, 6 bytes, Stack size 0 bytes, sysctl.o(.emb_text))
<BR><BR>[Calls]<UL><LI><a href="#[8b]">&gt;&gt;</a>&nbsp;&nbsp;&nbsp;SysCtlDelay
</UL>
<BR>[Called By]<UL><LI><a href="#[8b]">&gt;&gt;</a>&nbsp;&nbsp;&nbsp;SysCtlDelay
<LI><a href="#[d6]">&gt;&gt;</a>&nbsp;&nbsp;&nbsp;SysCtlClockSet
<LI><a href="#[ff]">&gt;&gt;</a>&nbsp;&nbsp;&nbsp;delay_us
<LI><a href="#[fe]">&gt;&gt;</a>&nbsp;&nbsp;&nbsp;delay_ms
</UL>

<P><STRONG><a name="[85]"></a>main</STRONG> (Thumb, 1178 bytes, Stack size 32 bytes, main.o(.text))
<BR><BR>[Stack]<UL><LI>Max Depth = 240<LI>Call Chain = main &rArr; Get_Angle &rArr; __hardfp_atan2 &rArr; atan &rArr; __hardfp_atan &rArr; __kernel_poly &rArr; __aeabi_dmul
</UL>
<BR>[Calls]<UL><LI><a href="#[8c]">&gt;&gt;</a>&nbsp;&nbsp;&nbsp;SysInit
<LI><a href="#[95]">&gt;&gt;</a>&nbsp;&nbsp;&nbsp;SysDataInit
<LI><a href="#[8d]">&gt;&gt;</a>&nbsp;&nbsp;&nbsp;PPM_Data_Get
<LI><a href="#[96]">&gt;&gt;</a>&nbsp;&nbsp;&nbsp;Moter_Out_Set
<LI><a href="#[8e]">&gt;&gt;</a>&nbsp;&nbsp;&nbsp;Get_Angle
<LI><a href="#[94]">&gt;&gt;</a>&nbsp;&nbsp;&nbsp;Attitude_PID_Process
<LI><a href="#[91]">&gt;&gt;</a>&nbsp;&nbsp;&nbsp;__aeabi_f2d
<LI><a href="#[90]">&gt;&gt;</a>&nbsp;&nbsp;&nbsp;__aeabi_dmul
<LI><a href="#[8f]">&gt;&gt;</a>&nbsp;&nbsp;&nbsp;__aeabi_i2d
<LI><a href="#[92]">&gt;&gt;</a>&nbsp;&nbsp;&nbsp;__aeabi_dadd
<LI><a href="#[93]">&gt;&gt;</a>&nbsp;&nbsp;&nbsp;__aeabi_d2f
</UL>
<BR>[Called By]<UL><LI><a href="#[84]">&gt;&gt;</a>&nbsp;&nbsp;&nbsp;__rt_entry_main
</UL>

<P><STRONG><a name="[c]"></a>UART0_Handler</STRONG> (Thumb, 156 bytes, Stack size 8 bytes, main.o(.text))
<BR><BR>[Stack]<UL><LI>Max Depth = 8<LI>Call Chain = UART0_Handler
</UL>
<BR>[Calls]<UL><LI><a href="#[97]">&gt;&gt;</a>&nbsp;&nbsp;&nbsp;UARTCharGet
</UL>
<BR>[Address Reference Count : 1]<UL><LI> startup.o(RESET)
</UL>
<P><STRONG><a name="[6]"></a>SysTick_Handler</STRONG> (Thumb, 2 bytes, Stack size 0 bytes, tm4c_int.o(.text))
<BR>[Address Reference Count : 1]<UL><LI> startup.o(RESET)
</UL>
<P><STRONG><a name="[7]"></a>GPIOA_Handler</STRONG> (Thumb, 2 bytes, Stack size 0 bytes, tm4c_int.o(.text))
<BR>[Address Reference Count : 1]<UL><LI> startup.o(RESET)
</UL>
<P><STRONG><a name="[9]"></a>GPIOC_Handler</STRONG> (Thumb, 2 bytes, Stack size 0 bytes, tm4c_int.o(.text))
<BR>[Address Reference Count : 1]<UL><LI> startup.o(RESET)
</UL>
<P><STRONG><a name="[a]"></a>GPIOD_Handler</STRONG> (Thumb, 2 bytes, Stack size 0 bytes, tm4c_int.o(.text))
<BR>[Address Reference Count : 1]<UL><LI> startup.o(RESET)
</UL>
<P><STRONG><a name="[b]"></a>GPIOE_Handler</STRONG> (Thumb, 2 bytes, Stack size 0 bytes, tm4c_int.o(.text))
<BR>[Address Reference Count : 1]<UL><LI> startup.o(RESET)
</UL>
<P><STRONG><a name="[d]"></a>UART1_Handler</STRONG> (Thumb, 2 bytes, Stack size 0 bytes, tm4c_int.o(.text))
<BR>[Address Reference Count : 1]<UL><LI> startup.o(RESET)
</UL>
<P><STRONG><a name="[e]"></a>SSI0_Handler</STRONG> (Thumb, 2 bytes, Stack size 0 bytes, tm4c_int.o(.text))
<BR>[Address Reference Count : 1]<UL><LI> startup.o(RESET)
</UL>
<P><STRONG><a name="[f]"></a>I2C0_Handler</STRONG> (Thumb, 2 bytes, Stack size 0 bytes, tm4c_int.o(.text))
<BR>[Address Reference Count : 1]<UL><LI> startup.o(RESET)
</UL>
<P><STRONG><a name="[10]"></a>PWM0_Fault_Handler</STRONG> (Thumb, 2 bytes, Stack size 0 bytes, tm4c_int.o(.text))
<BR>[Address Reference Count : 1]<UL><LI> startup.o(RESET)
</UL>
<P><STRONG><a name="[11]"></a>PWM0_G0_Handler</STRONG> (Thumb, 2 bytes, Stack size 0 bytes, tm4c_int.o(.text))
<BR>[Address Reference Count : 1]<UL><LI> startup.o(RESET)
</UL>
<P><STRONG><a name="[12]"></a>PWM0_G1_Handler</STRONG> (Thumb, 2 bytes, Stack size 0 bytes, tm4c_int.o(.text))
<BR>[Address Reference Count : 1]<UL><LI> startup.o(RESET)
</UL>
<P><STRONG><a name="[13]"></a>PWM0_G2_Handler</STRONG> (Thumb, 2 bytes, Stack size 0 bytes, tm4c_int.o(.text))
<BR>[Address Reference Count : 1]<UL><LI> startup.o(RESET)
</UL>
<P><STRONG><a name="[14]"></a>QE_Handler</STRONG> (Thumb, 2 bytes, Stack size 0 bytes, tm4c_int.o(.text))
<BR>[Address Reference Count : 1]<UL><LI> startup.o(RESET)
</UL>
<P><STRONG><a name="[15]"></a>ADC0_S0_Handler</STRONG> (Thumb, 2 bytes, Stack size 0 bytes, tm4c_int.o(.text))
<BR>[Address Reference Count : 1]<UL><LI> startup.o(RESET)
</UL>
<P><STRONG><a name="[16]"></a>ADC0_S1_Handler</STRONG> (Thumb, 2 bytes, Stack size 0 bytes, tm4c_int.o(.text))
<BR>[Address Reference Count : 1]<UL><LI> startup.o(RESET)
</UL>
<P><STRONG><a name="[17]"></a>ADC0_S2_Handler</STRONG> (Thumb, 2 bytes, Stack size 0 bytes, tm4c_int.o(.text))
<BR>[Address Reference Count : 1]<UL><LI> startup.o(RESET)
</UL>
<P><STRONG><a name="[18]"></a>ADC0_S3_Handler</STRONG> (Thumb, 2 bytes, Stack size 0 bytes, tm4c_int.o(.text))
<BR>[Address Reference Count : 1]<UL><LI> startup.o(RESET)
</UL>
<P><STRONG><a name="[19]"></a>WDOG_Timer_Handler</STRONG> (Thumb, 2 bytes, Stack size 0 bytes, tm4c_int.o(.text))
<BR>[Address Reference Count : 1]<UL><LI> startup.o(RESET)
</UL>
<P><STRONG><a name="[1a]"></a>TIMER0_STA_Handler</STRONG> (Thumb, 2 bytes, Stack size 0 bytes, tm4c_int.o(.text))
<BR>[Address Reference Count : 1]<UL><LI> startup.o(RESET)
</UL>
<P><STRONG><a name="[1b]"></a>TIMER0_STB_Handler</STRONG> (Thumb, 2 bytes, Stack size 0 bytes, tm4c_int.o(.text))
<BR>[Address Reference Count : 1]<UL><LI> startup.o(RESET)
</UL>
<P><STRONG><a name="[1c]"></a>TIMER1_STA_Handler</STRONG> (Thumb, 2 bytes, Stack size 0 bytes, tm4c_int.o(.text))
<BR>[Address Reference Count : 1]<UL><LI> startup.o(RESET)
</UL>
<P><STRONG><a name="[1d]"></a>TIMER1_STB_Handler</STRONG> (Thumb, 2 bytes, Stack size 0 bytes, tm4c_int.o(.text))
<BR>[Address Reference Count : 1]<UL><LI> startup.o(RESET)
</UL>
<P><STRONG><a name="[1e]"></a>TIMER2_STA_Handler</STRONG> (Thumb, 2 bytes, Stack size 0 bytes, tm4c_int.o(.text))
<BR>[Address Reference Count : 1]<UL><LI> startup.o(RESET)
</UL>
<P><STRONG><a name="[1f]"></a>TIMER2_STB_Handler</STRONG> (Thumb, 2 bytes, Stack size 0 bytes, tm4c_int.o(.text))
<BR>[Address Reference Count : 1]<UL><LI> startup.o(RESET)
</UL>
<P><STRONG><a name="[20]"></a>COMP0_Handler</STRONG> (Thumb, 2 bytes, Stack size 0 bytes, tm4c_int.o(.text))
<BR>[Address Reference Count : 1]<UL><LI> startup.o(RESET)
</UL>
<P><STRONG><a name="[21]"></a>COMP1_Handler</STRONG> (Thumb, 2 bytes, Stack size 0 bytes, tm4c_int.o(.text))
<BR>[Address Reference Count : 1]<UL><LI> startup.o(RESET)
</UL>
<P><STRONG><a name="[22]"></a>COMP2_Handler</STRONG> (Thumb, 2 bytes, Stack size 0 bytes, tm4c_int.o(.text))
<BR>[Address Reference Count : 1]<UL><LI> startup.o(RESET)
</UL>
<P><STRONG><a name="[23]"></a>SYSCTL_Handler</STRONG> (Thumb, 2 bytes, Stack size 0 bytes, tm4c_int.o(.text))
<BR>[Address Reference Count : 1]<UL><LI> startup.o(RESET)
</UL>
<P><STRONG><a name="[24]"></a>FLASH_Handler</STRONG> (Thumb, 2 bytes, Stack size 0 bytes, tm4c_int.o(.text))
<BR>[Address Reference Count : 1]<UL><LI> startup.o(RESET)
</UL>
<P><STRONG><a name="[25]"></a>GPIOF_Handler</STRONG> (Thumb, 2 bytes, Stack size 0 bytes, tm4c_int.o(.text))
<BR>[Address Reference Count : 1]<UL><LI> startup.o(RESET)
</UL>
<P><STRONG><a name="[27]"></a>GPIOH_Handler</STRONG> (Thumb, 2 bytes, Stack size 0 bytes, tm4c_int.o(.text))
<BR>[Address Reference Count : 1]<UL><LI> startup.o(RESET)
</UL>
<P><STRONG><a name="[28]"></a>UART2_Handler</STRONG> (Thumb, 2 bytes, Stack size 0 bytes, tm4c_int.o(.text))
<BR>[Address Reference Count : 1]<UL><LI> startup.o(RESET)
</UL>
<P><STRONG><a name="[29]"></a>SSI1_Handler</STRONG> (Thumb, 2 bytes, Stack size 0 bytes, tm4c_int.o(.text))
<BR>[Address Reference Count : 1]<UL><LI> startup.o(RESET)
</UL>
<P><STRONG><a name="[2a]"></a>TIMER3_STA_Handler</STRONG> (Thumb, 2 bytes, Stack size 0 bytes, tm4c_int.o(.text))
<BR>[Address Reference Count : 1]<UL><LI> startup.o(RESET)
</UL>
<P><STRONG><a name="[2b]"></a>TIMER3_STB_Handler</STRONG> (Thumb, 2 bytes, Stack size 0 bytes, tm4c_int.o(.text))
<BR>[Address Reference Count : 1]<UL><LI> startup.o(RESET)
</UL>
<P><STRONG><a name="[2c]"></a>I2C1_Handler</STRONG> (Thumb, 2 bytes, Stack size 0 bytes, tm4c_int.o(.text))
<BR>[Address Reference Count : 1]<UL><LI> startup.o(RESET)
</UL>
<P><STRONG><a name="[2d]"></a>QE1_Handler</STRONG> (Thumb, 2 bytes, Stack size 0 bytes, tm4c_int.o(.text))
<BR>[Address Reference Count : 1]<UL><LI> startup.o(RESET)
</UL>
<P><STRONG><a name="[2e]"></a>CAN0_Handler</STRONG> (Thumb, 2 bytes, Stack size 0 bytes, tm4c_int.o(.text))
<BR>[Address Reference Count : 1]<UL><LI> startup.o(RESET)
</UL>
<P><STRONG><a name="[2f]"></a>CA1_Handler</STRONG> (Thumb, 2 bytes, Stack size 0 bytes, tm4c_int.o(.text))
<BR>[Address Reference Count : 1]<UL><LI> startup.o(RESET)
</UL>
<P><STRONG><a name="[30]"></a>CA2_Handler</STRONG> (Thumb, 2 bytes, Stack size 0 bytes, tm4c_int.o(.text))
<BR>[Address Reference Count : 1]<UL><LI> startup.o(RESET)
</UL>
<P><STRONG><a name="[31]"></a>Ethernet_Handler</STRONG> (Thumb, 2 bytes, Stack size 0 bytes, tm4c_int.o(.text))
<BR>[Address Reference Count : 1]<UL><LI> startup.o(RESET)
</UL>
<P><STRONG><a name="[32]"></a>Hibernate_Handler</STRONG> (Thumb, 2 bytes, Stack size 0 bytes, tm4c_int.o(.text))
<BR>[Address Reference Count : 1]<UL><LI> startup.o(RESET)
</UL>
<P><STRONG><a name="[33]"></a>USB0_Handler</STRONG> (Thumb, 2 bytes, Stack size 0 bytes, tm4c_int.o(.text))
<BR>[Address Reference Count : 1]<UL><LI> startup.o(RESET)
</UL>
<P><STRONG><a name="[34]"></a>PWM_G3_Handler</STRONG> (Thumb, 2 bytes, Stack size 0 bytes, tm4c_int.o(.text))
<BR>[Address Reference Count : 1]<UL><LI> startup.o(RESET)
</UL>
<P><STRONG><a name="[35]"></a>UDMA_SUCCESS_Handler</STRONG> (Thumb, 2 bytes, Stack size 0 bytes, tm4c_int.o(.text))
<BR>[Address Reference Count : 1]<UL><LI> startup.o(RESET)
</UL>
<P><STRONG><a name="[36]"></a>UDMA_ERROR_Handler</STRONG> (Thumb, 2 bytes, Stack size 0 bytes, tm4c_int.o(.text))
<BR>[Address Reference Count : 1]<UL><LI> startup.o(RESET)
</UL>
<P><STRONG><a name="[37]"></a>ADC1_S0_Handler</STRONG> (Thumb, 2 bytes, Stack size 0 bytes, tm4c_int.o(.text))
<BR>[Address Reference Count : 1]<UL><LI> startup.o(RESET)
</UL>
<P><STRONG><a name="[38]"></a>ADC1_S1_Handler</STRONG> (Thumb, 2 bytes, Stack size 0 bytes, tm4c_int.o(.text))
<BR>[Address Reference Count : 1]<UL><LI> startup.o(RESET)
</UL>
<P><STRONG><a name="[39]"></a>ADC1_S2_Handler</STRONG> (Thumb, 2 bytes, Stack size 0 bytes, tm4c_int.o(.text))
<BR>[Address Reference Count : 1]<UL><LI> startup.o(RESET)
</UL>
<P><STRONG><a name="[3a]"></a>ADC1_S3_Handler</STRONG> (Thumb, 2 bytes, Stack size 0 bytes, tm4c_int.o(.text))
<BR>[Address Reference Count : 1]<UL><LI> startup.o(RESET)
</UL>
<P><STRONG><a name="[3b]"></a>I2S0_Handler</STRONG> (Thumb, 2 bytes, Stack size 0 bytes, tm4c_int.o(.text))
<BR>[Address Reference Count : 1]<UL><LI> startup.o(RESET)
</UL>
<P><STRONG><a name="[3c]"></a>EBI0_Handler</STRONG> (Thumb, 2 bytes, Stack size 0 bytes, tm4c_int.o(.text))
<BR>[Address Reference Count : 1]<UL><LI> startup.o(RESET)
</UL>
<P><STRONG><a name="[3e]"></a>GPIOK_Handler</STRONG> (Thumb, 2 bytes, Stack size 0 bytes, tm4c_int.o(.text))
<BR>[Address Reference Count : 1]<UL><LI> startup.o(RESET)
</UL>
<P><STRONG><a name="[3f]"></a>GPIOL_Handler</STRONG> (Thumb, 2 bytes, Stack size 0 bytes, tm4c_int.o(.text))
<BR>[Address Reference Count : 1]<UL><LI> startup.o(RESET)
</UL>
<P><STRONG><a name="[40]"></a>SSI2_Handler</STRONG> (Thumb, 2 bytes, Stack size 0 bytes, tm4c_int.o(.text))
<BR>[Address Reference Count : 1]<UL><LI> startup.o(RESET)
</UL>
<P><STRONG><a name="[41]"></a>SSI3_Handler</STRONG> (Thumb, 2 bytes, Stack size 0 bytes, tm4c_int.o(.text))
<BR>[Address Reference Count : 1]<UL><LI> startup.o(RESET)
</UL>
<P><STRONG><a name="[42]"></a>UART3_Handler</STRONG> (Thumb, 2 bytes, Stack size 0 bytes, tm4c_int.o(.text))
<BR>[Address Reference Count : 1]<UL><LI> startup.o(RESET)
</UL>
<P><STRONG><a name="[43]"></a>UART4_Handler</STRONG> (Thumb, 2 bytes, Stack size 0 bytes, tm4c_int.o(.text))
<BR>[Address Reference Count : 1]<UL><LI> startup.o(RESET)
</UL>
<P><STRONG><a name="[44]"></a>UART5_Handler</STRONG> (Thumb, 2 bytes, Stack size 0 bytes, tm4c_int.o(.text))
<BR>[Address Reference Count : 1]<UL><LI> startup.o(RESET)
</UL>
<P><STRONG><a name="[45]"></a>UART6_Handler</STRONG> (Thumb, 2 bytes, Stack size 0 bytes, tm4c_int.o(.text))
<BR>[Address Reference Count : 1]<UL><LI> startup.o(RESET)
</UL>
<P><STRONG><a name="[46]"></a>UART7_Handler</STRONG> (Thumb, 2 bytes, Stack size 0 bytes, tm4c_int.o(.text))
<BR>[Address Reference Count : 1]<UL><LI> startup.o(RESET)
</UL>
<P><STRONG><a name="[47]"></a>I2C2_Handler</STRONG> (Thumb, 2 bytes, Stack size 0 bytes, tm4c_int.o(.text))
<BR>[Address Reference Count : 1]<UL><LI> startup.o(RESET)
</UL>
<P><STRONG><a name="[48]"></a>I2C3_Handler</STRONG> (Thumb, 2 bytes, Stack size 0 bytes, tm4c_int.o(.text))
<BR>[Address Reference Count : 1]<UL><LI> startup.o(RESET)
</UL>
<P><STRONG><a name="[4a]"></a>TIMER4_STB_Handler</STRONG> (Thumb, 2 bytes, Stack size 0 bytes, tm4c_int.o(.text))
<BR>[Address Reference Count : 1]<UL><LI> startup.o(RESET)
</UL>
<P><STRONG><a name="[4b]"></a>TIMER5_STA_Handler</STRONG> (Thumb, 2 bytes, Stack size 0 bytes, tm4c_int.o(.text))
<BR>[Address Reference Count : 1]<UL><LI> startup.o(RESET)
</UL>
<P><STRONG><a name="[4c]"></a>TIMER5_STB_Handler</STRONG> (Thumb, 2 bytes, Stack size 0 bytes, tm4c_int.o(.text))
<BR>[Address Reference Count : 1]<UL><LI> startup.o(RESET)
</UL>
<P><STRONG><a name="[4d]"></a>WTIMER0_STA_Handler</STRONG> (Thumb, 2 bytes, Stack size 0 bytes, tm4c_int.o(.text))
<BR>[Address Reference Count : 1]<UL><LI> startup.o(RESET)
</UL>
<P><STRONG><a name="[4e]"></a>WTIMER0_STB_Handler</STRONG> (Thumb, 2 bytes, Stack size 0 bytes, tm4c_int.o(.text))
<BR>[Address Reference Count : 1]<UL><LI> startup.o(RESET)
</UL>
<P><STRONG><a name="[4f]"></a>WTIMER1_STA_Handler</STRONG> (Thumb, 2 bytes, Stack size 0 bytes, tm4c_int.o(.text))
<BR>[Address Reference Count : 1]<UL><LI> startup.o(RESET)
</UL>
<P><STRONG><a name="[50]"></a>WTIMER1_STB_Handler</STRONG> (Thumb, 2 bytes, Stack size 0 bytes, tm4c_int.o(.text))
<BR>[Address Reference Count : 1]<UL><LI> startup.o(RESET)
</UL>
<P><STRONG><a name="[51]"></a>WTIMER2_STA_Handler</STRONG> (Thumb, 2 bytes, Stack size 0 bytes, tm4c_int.o(.text))
<BR>[Address Reference Count : 1]<UL><LI> startup.o(RESET)
</UL>
<P><STRONG><a name="[52]"></a>WTIMER2_STB_Handler</STRONG> (Thumb, 2 bytes, Stack size 0 bytes, tm4c_int.o(.text))
<BR>[Address Reference Count : 1]<UL><LI> startup.o(RESET)
</UL>
<P><STRONG><a name="[53]"></a>WTIMER3_STA_Handler</STRONG> (Thumb, 2 bytes, Stack size 0 bytes, tm4c_int.o(.text))
<BR>[Address Reference Count : 1]<UL><LI> startup.o(RESET)
</UL>
<P><STRONG><a name="[54]"></a>WTIMER3_STB_Handler</STRONG> (Thumb, 2 bytes, Stack size 0 bytes, tm4c_int.o(.text))
<BR>[Address Reference Count : 1]<UL><LI> startup.o(RESET)
</UL>
<P><STRONG><a name="[55]"></a>WTIMER4_STA_Handler</STRONG> (Thumb, 2 bytes, Stack size 0 bytes, tm4c_int.o(.text))
<BR>[Address Reference Count : 1]<UL><LI> startup.o(RESET)
</UL>
<P><STRONG><a name="[56]"></a>WTIMER4_STB_Handler</STRONG> (Thumb, 2 bytes, Stack size 0 bytes, tm4c_int.o(.text))
<BR>[Address Reference Count : 1]<UL><LI> startup.o(RESET)
</UL>
<P><STRONG><a name="[57]"></a>WTIMER5_STA_Handler</STRONG> (Thumb, 2 bytes, Stack size 0 bytes, tm4c_int.o(.text))
<BR>[Address Reference Count : 1]<UL><LI> startup.o(RESET)
</UL>
<P><STRONG><a name="[58]"></a>WTIMER5_STB_Handler</STRONG> (Thumb, 2 bytes, Stack size 0 bytes, tm4c_int.o(.text))
<BR>[Address Reference Count : 1]<UL><LI> startup.o(RESET)
</UL>
<P><STRONG><a name="[59]"></a>FPU_Handler</STRONG> (Thumb, 2 bytes, Stack size 0 bytes, tm4c_int.o(.text))
<BR>[Address Reference Count : 1]<UL><LI> startup.o(RESET)
</UL>
<P><STRONG><a name="[5a]"></a>PECI0_Handler</STRONG> (Thumb, 2 bytes, Stack size 0 bytes, tm4c_int.o(.text))
<BR>[Address Reference Count : 1]<UL><LI> startup.o(RESET)
</UL>
<P><STRONG><a name="[5b]"></a>LPC0_Handler</STRONG> (Thumb, 2 bytes, Stack size 0 bytes, tm4c_int.o(.text))
<BR>[Address Reference Count : 1]<UL><LI> startup.o(RESET)
</UL>
<P><STRONG><a name="[5c]"></a>I2C4_Handler</STRONG> (Thumb, 2 bytes, Stack size 0 bytes, tm4c_int.o(.text))
<BR>[Address Reference Count : 1]<UL><LI> startup.o(RESET)
</UL>
<P><STRONG><a name="[5d]"></a>I2C5_Handler</STRONG> (Thumb, 2 bytes, Stack size 0 bytes, tm4c_int.o(.text))
<BR>[Address Reference Count : 1]<UL><LI> startup.o(RESET)
</UL>
<P><STRONG><a name="[5e]"></a>GPIOM_Handler</STRONG> (Thumb, 2 bytes, Stack size 0 bytes, tm4c_int.o(.text))
<BR>[Address Reference Count : 1]<UL><LI> startup.o(RESET)
</UL>
<P><STRONG><a name="[5f]"></a>GPION_Handler</STRONG> (Thumb, 2 bytes, Stack size 0 bytes, tm4c_int.o(.text))
<BR>[Address Reference Count : 1]<UL><LI> startup.o(RESET)
</UL>
<P><STRONG><a name="[60]"></a>QE2_Handler</STRONG> (Thumb, 2 bytes, Stack size 0 bytes, tm4c_int.o(.text))
<BR>[Address Reference Count : 1]<UL><LI> startup.o(RESET)
</UL>
<P><STRONG><a name="[61]"></a>Fan0_Handler</STRONG> (Thumb, 2 bytes, Stack size 0 bytes, tm4c_int.o(.text))
<BR>[Address Reference Count : 1]<UL><LI> startup.o(RESET)
</UL>
<P><STRONG><a name="[62]"></a>GPIOP0_Handler</STRONG> (Thumb, 2 bytes, Stack size 0 bytes, tm4c_int.o(.text))
<BR>[Address Reference Count : 1]<UL><LI> startup.o(RESET)
</UL>
<P><STRONG><a name="[63]"></a>GPIOP1_Handler</STRONG> (Thumb, 2 bytes, Stack size 0 bytes, tm4c_int.o(.text))
<BR>[Address Reference Count : 1]<UL><LI> startup.o(RESET)
</UL>
<P><STRONG><a name="[64]"></a>GPIOP2_Handler</STRONG> (Thumb, 2 bytes, Stack size 0 bytes, tm4c_int.o(.text))
<BR>[Address Reference Count : 1]<UL><LI> startup.o(RESET)
</UL>
<P><STRONG><a name="[65]"></a>GPIOP3_Handler</STRONG> (Thumb, 2 bytes, Stack size 0 bytes, tm4c_int.o(.text))
<BR>[Address Reference Count : 1]<UL><LI> startup.o(RESET)
</UL>
<P><STRONG><a name="[66]"></a>GPIOP4_Handler</STRONG> (Thumb, 2 bytes, Stack size 0 bytes, tm4c_int.o(.text))
<BR>[Address Reference Count : 1]<UL><LI> startup.o(RESET)
</UL>
<P><STRONG><a name="[67]"></a>GPIOP5_Handler</STRONG> (Thumb, 2 bytes, Stack size 0 bytes, tm4c_int.o(.text))
<BR>[Address Reference Count : 1]<UL><LI> startup.o(RESET)
</UL>
<P><STRONG><a name="[68]"></a>GPIOP6_Handler</STRONG> (Thumb, 2 bytes, Stack size 0 bytes, tm4c_int.o(.text))
<BR>[Address Reference Count : 1]<UL><LI> startup.o(RESET)
</UL>
<P><STRONG><a name="[69]"></a>GPIOP7_Handler</STRONG> (Thumb, 2 bytes, Stack size 0 bytes, tm4c_int.o(.text))
<BR>[Address Reference Count : 1]<UL><LI> startup.o(RESET)
</UL>
<P><STRONG><a name="[6a]"></a>GPIOQ0_Handler</STRONG> (Thumb, 2 bytes, Stack size 0 bytes, tm4c_int.o(.text))
<BR>[Address Reference Count : 1]<UL><LI> startup.o(RESET)
</UL>
<P><STRONG><a name="[6b]"></a>GPIOQ1_Handler</STRONG> (Thumb, 2 bytes, Stack size 0 bytes, tm4c_int.o(.text))
<BR>[Address Reference Count : 1]<UL><LI> startup.o(RESET)
</UL>
<P><STRONG><a name="[6c]"></a>GPIOQ2_Handler</STRONG> (Thumb, 2 bytes, Stack size 0 bytes, tm4c_int.o(.text))
<BR>[Address Reference Count : 1]<UL><LI> startup.o(RESET)
</UL>
<P><STRONG><a name="[6d]"></a>GPIOQ3_Handler</STRONG> (Thumb, 2 bytes, Stack size 0 bytes, tm4c_int.o(.text))
<BR>[Address Reference Count : 1]<UL><LI> startup.o(RESET)
</UL>
<P><STRONG><a name="[6e]"></a>GPIOQ4_Handler</STRONG> (Thumb, 2 bytes, Stack size 0 bytes, tm4c_int.o(.text))
<BR>[Address Reference Count : 1]<UL><LI> startup.o(RESET)
</UL>
<P><STRONG><a name="[6f]"></a>GPIOQ5_Handler</STRONG> (Thumb, 2 bytes, Stack size 0 bytes, tm4c_int.o(.text))
<BR>[Address Reference Count : 1]<UL><LI> startup.o(RESET)
</UL>
<P><STRONG><a name="[70]"></a>GPIOQ6_Handler</STRONG> (Thumb, 2 bytes, Stack size 0 bytes, tm4c_int.o(.text))
<BR>[Address Reference Count : 1]<UL><LI> startup.o(RESET)
</UL>
<P><STRONG><a name="[71]"></a>GPIOQ7_Handler</STRONG> (Thumb, 2 bytes, Stack size 0 bytes, tm4c_int.o(.text))
<BR>[Address Reference Count : 1]<UL><LI> startup.o(RESET)
</UL>
<P><STRONG><a name="[72]"></a>GPIOR_Handler</STRONG> (Thumb, 2 bytes, Stack size 0 bytes, tm4c_int.o(.text))
<BR>[Address Reference Count : 1]<UL><LI> startup.o(RESET)
</UL>
<P><STRONG><a name="[73]"></a>GPIOS_Handler</STRONG> (Thumb, 2 bytes, Stack size 0 bytes, tm4c_int.o(.text))
<BR>[Address Reference Count : 1]<UL><LI> startup.o(RESET)
</UL>
<P><STRONG><a name="[74]"></a>PWM1_G0_Handler</STRONG> (Thumb, 2 bytes, Stack size 0 bytes, tm4c_int.o(.text))
<BR>[Address Reference Count : 1]<UL><LI> startup.o(RESET)
</UL>
<P><STRONG><a name="[75]"></a>PWM1_G1_Handler</STRONG> (Thumb, 2 bytes, Stack size 0 bytes, tm4c_int.o(.text))
<BR>[Address Reference Count : 1]<UL><LI> startup.o(RESET)
</UL>
<P><STRONG><a name="[76]"></a>PWM1_G2_Handler</STRONG> (Thumb, 2 bytes, Stack size 0 bytes, tm4c_int.o(.text))
<BR>[Address Reference Count : 1]<UL><LI> startup.o(RESET)
</UL>
<P><STRONG><a name="[77]"></a>PWM1_G3_Handler</STRONG> (Thumb, 2 bytes, Stack size 0 bytes, tm4c_int.o(.text))
<BR>[Address Reference Count : 1]<UL><LI> startup.o(RESET)
</UL>
<P><STRONG><a name="[78]"></a>PWM1_Fault_Handler</STRONG> (Thumb, 2 bytes, Stack size 0 bytes, tm4c_int.o(.text))
<BR>[Address Reference Count : 1]<UL><LI> startup.o(RESET)
</UL>
<P><STRONG><a name="[134]"></a>__user_initial_stackheap</STRONG> (Thumb, 0 bytes, Stack size unknown bytes, startup.o(.text))
<BR><BR>[Called By]<UL><LI><a href="#[81]">&gt;&gt;</a>&nbsp;&nbsp;&nbsp;__user_setup_stackheap
</UL>

<P><STRONG><a name="[98]"></a>ADCIntRegister</STRONG> (Thumb, 38 bytes, Stack size 24 bytes, adc.o(.text), UNUSED)
<BR><BR>[Calls]<UL><LI><a href="#[9a]">&gt;&gt;</a>&nbsp;&nbsp;&nbsp;IntRegister
<LI><a href="#[9b]">&gt;&gt;</a>&nbsp;&nbsp;&nbsp;IntEnable
<LI><a href="#[99]">&gt;&gt;</a>&nbsp;&nbsp;&nbsp;_ADCIntNumberGet
</UL>

<P><STRONG><a name="[9c]"></a>ADCIntUnregister</STRONG> (Thumb, 30 bytes, Stack size 16 bytes, adc.o(.text), UNUSED)
<BR><BR>[Calls]<UL><LI><a href="#[9e]">&gt;&gt;</a>&nbsp;&nbsp;&nbsp;IntUnregister
<LI><a href="#[9d]">&gt;&gt;</a>&nbsp;&nbsp;&nbsp;IntDisable
<LI><a href="#[99]">&gt;&gt;</a>&nbsp;&nbsp;&nbsp;_ADCIntNumberGet
</UL>

<P><STRONG><a name="[170]"></a>ADCIntDisable</STRONG> (Thumb, 12 bytes, Stack size 0 bytes, adc.o(.text), UNUSED)

<P><STRONG><a name="[171]"></a>ADCIntEnable</STRONG> (Thumb, 18 bytes, Stack size 0 bytes, adc.o(.text), UNUSED)

<P><STRONG><a name="[172]"></a>ADCIntStatus</STRONG> (Thumb, 54 bytes, Stack size 12 bytes, adc.o(.text), UNUSED)

<P><STRONG><a name="[12a]"></a>ADCIntClear</STRONG> (Thumb, 8 bytes, Stack size 0 bytes, adc.o(.text))
<BR><BR>[Called By]<UL><LI><a href="#[12b]">&gt;&gt;</a>&nbsp;&nbsp;&nbsp;ADC_GetV
<LI><a href="#[126]">&gt;&gt;</a>&nbsp;&nbsp;&nbsp;ADC_Conf
</UL>

<P><STRONG><a name="[129]"></a>ADCSequenceEnable</STRONG> (Thumb, 12 bytes, Stack size 0 bytes, adc.o(.text))
<BR><BR>[Called By]<UL><LI><a href="#[126]">&gt;&gt;</a>&nbsp;&nbsp;&nbsp;ADC_Conf
</UL>

<P><STRONG><a name="[173]"></a>ADCSequenceDisable</STRONG> (Thumb, 12 bytes, Stack size 0 bytes, adc.o(.text), UNUSED)

<P><STRONG><a name="[127]"></a>ADCSequenceConfigure</STRONG> (Thumb, 62 bytes, Stack size 12 bytes, adc.o(.text))
<BR><BR>[Stack]<UL><LI>Max Depth = 12<LI>Call Chain = ADCSequenceConfigure
</UL>
<BR>[Called By]<UL><LI><a href="#[126]">&gt;&gt;</a>&nbsp;&nbsp;&nbsp;ADC_Conf
</UL>

<P><STRONG><a name="[128]"></a>ADCSequenceStepConfigure</STRONG> (Thumb, 136 bytes, Stack size 16 bytes, adc.o(.text))
<BR><BR>[Stack]<UL><LI>Max Depth = 16<LI>Call Chain = ADCSequenceStepConfigure
</UL>
<BR>[Called By]<UL><LI><a href="#[126]">&gt;&gt;</a>&nbsp;&nbsp;&nbsp;ADC_Conf
</UL>

<P><STRONG><a name="[174]"></a>ADCSequenceOverflow</STRONG> (Thumb, 12 bytes, Stack size 0 bytes, adc.o(.text), UNUSED)

<P><STRONG><a name="[175]"></a>ADCSequenceOverflowClear</STRONG> (Thumb, 8 bytes, Stack size 0 bytes, adc.o(.text), UNUSED)

<P><STRONG><a name="[176]"></a>ADCSequenceUnderflow</STRONG> (Thumb, 12 bytes, Stack size 0 bytes, adc.o(.text), UNUSED)

<P><STRONG><a name="[177]"></a>ADCSequenceUnderflowClear</STRONG> (Thumb, 8 bytes, Stack size 0 bytes, adc.o(.text), UNUSED)

<P><STRONG><a name="[12c]"></a>ADCSequenceDataGet</STRONG> (Thumb, 34 bytes, Stack size 8 bytes, adc.o(.text), UNUSED)
<BR><BR>[Called By]<UL><LI><a href="#[12b]">&gt;&gt;</a>&nbsp;&nbsp;&nbsp;ADC_GetV
</UL>

<P><STRONG><a name="[12d]"></a>ADCProcessorTrigger</STRONG> (Thumb, 24 bytes, Stack size 8 bytes, adc.o(.text), UNUSED)
<BR><BR>[Called By]<UL><LI><a href="#[12b]">&gt;&gt;</a>&nbsp;&nbsp;&nbsp;ADC_GetV
</UL>

<P><STRONG><a name="[178]"></a>ADCSoftwareOversampleConfigure</STRONG> (Thumb, 24 bytes, Stack size 12 bytes, adc.o(.text), UNUSED)

<P><STRONG><a name="[179]"></a>ADCSoftwareOversampleStepConfigure</STRONG> (Thumb, 110 bytes, Stack size 12 bytes, adc.o(.text), UNUSED)

<P><STRONG><a name="[17a]"></a>ADCSoftwareOversampleDataGet</STRONG> (Thumb, 54 bytes, Stack size 20 bytes, adc.o(.text), UNUSED)

<P><STRONG><a name="[17b]"></a>ADCHardwareOversampleConfigure</STRONG> (Thumb, 18 bytes, Stack size 0 bytes, adc.o(.text), UNUSED)

<P><STRONG><a name="[17c]"></a>ADCComparatorConfigure</STRONG> (Thumb, 10 bytes, Stack size 0 bytes, adc.o(.text), UNUSED)

<P><STRONG><a name="[17d]"></a>ADCComparatorRegionSet</STRONG> (Thumb, 16 bytes, Stack size 12 bytes, adc.o(.text), UNUSED)

<P><STRONG><a name="[17e]"></a>ADCComparatorReset</STRONG> (Thumb, 34 bytes, Stack size 16 bytes, adc.o(.text), UNUSED)

<P><STRONG><a name="[17f]"></a>ADCComparatorIntDisable</STRONG> (Thumb, 14 bytes, Stack size 0 bytes, adc.o(.text), UNUSED)

<P><STRONG><a name="[180]"></a>ADCComparatorIntEnable</STRONG> (Thumb, 14 bytes, Stack size 0 bytes, adc.o(.text), UNUSED)

<P><STRONG><a name="[181]"></a>ADCComparatorIntStatus</STRONG> (Thumb, 6 bytes, Stack size 0 bytes, adc.o(.text), UNUSED)

<P><STRONG><a name="[182]"></a>ADCComparatorIntClear</STRONG> (Thumb, 4 bytes, Stack size 0 bytes, adc.o(.text), UNUSED)

<P><STRONG><a name="[183]"></a>ADCIntDisableEx</STRONG> (Thumb, 8 bytes, Stack size 0 bytes, adc.o(.text), UNUSED)

<P><STRONG><a name="[184]"></a>ADCIntEnableEx</STRONG> (Thumb, 8 bytes, Stack size 0 bytes, adc.o(.text), UNUSED)

<P><STRONG><a name="[185]"></a>ADCIntStatusEx</STRONG> (Thumb, 22 bytes, Stack size 0 bytes, adc.o(.text), UNUSED)

<P><STRONG><a name="[186]"></a>ADCIntClearEx</STRONG> (Thumb, 8 bytes, Stack size 0 bytes, adc.o(.text), UNUSED)

<P><STRONG><a name="[187]"></a>ADCReferenceSet</STRONG> (Thumb, 12 bytes, Stack size 0 bytes, adc.o(.text), UNUSED)

<P><STRONG><a name="[188]"></a>ADCReferenceGet</STRONG> (Thumb, 10 bytes, Stack size 0 bytes, adc.o(.text), UNUSED)

<P><STRONG><a name="[189]"></a>ADCPhaseDelaySet</STRONG> (Thumb, 4 bytes, Stack size 0 bytes, adc.o(.text), UNUSED)

<P><STRONG><a name="[18a]"></a>ADCPhaseDelayGet</STRONG> (Thumb, 6 bytes, Stack size 0 bytes, adc.o(.text), UNUSED)

<P><STRONG><a name="[18b]"></a>ADCSequenceDMAEnable</STRONG> (Thumb, 14 bytes, Stack size 0 bytes, adc.o(.text), UNUSED)

<P><STRONG><a name="[18c]"></a>ADCSequenceDMADisable</STRONG> (Thumb, 14 bytes, Stack size 0 bytes, adc.o(.text), UNUSED)

<P><STRONG><a name="[18d]"></a>ADCBusy</STRONG> (Thumb, 10 bytes, Stack size 0 bytes, adc.o(.text), UNUSED)

<P><STRONG><a name="[18e]"></a>ADCClockConfigSet</STRONG> (Thumb, 48 bytes, Stack size 8 bytes, adc.o(.text), UNUSED)

<P><STRONG><a name="[18f]"></a>ADCClockConfigGet</STRONG> (Thumb, 30 bytes, Stack size 0 bytes, adc.o(.text), UNUSED)

<P><STRONG><a name="[190]"></a>FPUEnable</STRONG> (Thumb, 14 bytes, Stack size 0 bytes, fpu.o(.text), UNUSED)

<P><STRONG><a name="[191]"></a>FPUDisable</STRONG> (Thumb, 14 bytes, Stack size 0 bytes, fpu.o(.text), UNUSED)

<P><STRONG><a name="[192]"></a>FPUStackingEnable</STRONG> (Thumb, 18 bytes, Stack size 0 bytes, fpu.o(.text), UNUSED)

<P><STRONG><a name="[101]"></a>FPULazyStackingEnable</STRONG> (Thumb, 14 bytes, Stack size 0 bytes, fpu.o(.text))
<BR><BR>[Called By]<UL><LI><a href="#[100]">&gt;&gt;</a>&nbsp;&nbsp;&nbsp;SysClock_Init
</UL>

<P><STRONG><a name="[193]"></a>FPUStackingDisable</STRONG> (Thumb, 14 bytes, Stack size 0 bytes, fpu.o(.text), UNUSED)

<P><STRONG><a name="[194]"></a>FPUHalfPrecisionModeSet</STRONG> (Thumb, 20 bytes, Stack size 0 bytes, fpu.o(.text), UNUSED)

<P><STRONG><a name="[195]"></a>FPUNaNModeSet</STRONG> (Thumb, 20 bytes, Stack size 0 bytes, fpu.o(.text), UNUSED)

<P><STRONG><a name="[196]"></a>FPUFlushToZeroModeSet</STRONG> (Thumb, 20 bytes, Stack size 0 bytes, fpu.o(.text), UNUSED)

<P><STRONG><a name="[197]"></a>FPURoundingModeSet</STRONG> (Thumb, 20 bytes, Stack size 0 bytes, fpu.o(.text), UNUSED)

<P><STRONG><a name="[a3]"></a>GPIODirModeSet</STRONG> (Thumb, 50 bytes, Stack size 0 bytes, gpio.o(.text))
<BR><BR>[Called By]<UL><LI><a href="#[bf]">&gt;&gt;</a>&nbsp;&nbsp;&nbsp;GPIOPinTypeCIR
<LI><a href="#[be]">&gt;&gt;</a>&nbsp;&nbsp;&nbsp;GPIOPinTypeLEDSeq
<LI><a href="#[bd]">&gt;&gt;</a>&nbsp;&nbsp;&nbsp;GPIOPinTypeKBColumn
<LI><a href="#[bc]">&gt;&gt;</a>&nbsp;&nbsp;&nbsp;GPIOPinTypeKBRow
<LI><a href="#[bb]">&gt;&gt;</a>&nbsp;&nbsp;&nbsp;GPIOPinTypeWakeLow
<LI><a href="#[ba]">&gt;&gt;</a>&nbsp;&nbsp;&nbsp;GPIOPinTypeWakeHigh
<LI><a href="#[b9]">&gt;&gt;</a>&nbsp;&nbsp;&nbsp;GPIOPinTypeUSBDigital
<LI><a href="#[b8]">&gt;&gt;</a>&nbsp;&nbsp;&nbsp;GPIOPinTypeUSBAnalog
<LI><a href="#[b7]">&gt;&gt;</a>&nbsp;&nbsp;&nbsp;GPIOPinTypeUART
<LI><a href="#[b6]">&gt;&gt;</a>&nbsp;&nbsp;&nbsp;GPIOPinTypeTimer
<LI><a href="#[b5]">&gt;&gt;</a>&nbsp;&nbsp;&nbsp;GPIOPinTypeSSI
<LI><a href="#[b4]">&gt;&gt;</a>&nbsp;&nbsp;&nbsp;GPIOPinTypeQEI
<LI><a href="#[b3]">&gt;&gt;</a>&nbsp;&nbsp;&nbsp;GPIOPinTypePWM
<LI><a href="#[b2]">&gt;&gt;</a>&nbsp;&nbsp;&nbsp;GPIOPinTypePECITx
<LI><a href="#[b1]">&gt;&gt;</a>&nbsp;&nbsp;&nbsp;GPIOPinTypePECIRx
<LI><a href="#[b0]">&gt;&gt;</a>&nbsp;&nbsp;&nbsp;GPIOPinTypeLPC
<LI><a href="#[af]">&gt;&gt;</a>&nbsp;&nbsp;&nbsp;GPIOPinTypeLCD
<LI><a href="#[ae]">&gt;&gt;</a>&nbsp;&nbsp;&nbsp;GPIOPinTypeI2CSCL
<LI><a href="#[ad]">&gt;&gt;</a>&nbsp;&nbsp;&nbsp;GPIOPinTypeI2C
<LI><a href="#[ac]">&gt;&gt;</a>&nbsp;&nbsp;&nbsp;GPIOPinTypeGPIOOutputOD
<LI><a href="#[ab]">&gt;&gt;</a>&nbsp;&nbsp;&nbsp;GPIOPinTypeGPIOOutput
<LI><a href="#[aa]">&gt;&gt;</a>&nbsp;&nbsp;&nbsp;GPIOPinTypeGPIOInput
<LI><a href="#[a9]">&gt;&gt;</a>&nbsp;&nbsp;&nbsp;GPIOPinTypeEthernetMII
<LI><a href="#[a8]">&gt;&gt;</a>&nbsp;&nbsp;&nbsp;GPIOPinTypeEthernetLED
<LI><a href="#[a7]">&gt;&gt;</a>&nbsp;&nbsp;&nbsp;GPIOPinTypeEPI
<LI><a href="#[a6]">&gt;&gt;</a>&nbsp;&nbsp;&nbsp;GPIOPinTypeComparator
<LI><a href="#[a5]">&gt;&gt;</a>&nbsp;&nbsp;&nbsp;GPIOPinTypeCAN
<LI><a href="#[a2]">&gt;&gt;</a>&nbsp;&nbsp;&nbsp;GPIOPinTypeADC
<LI><a href="#[f1]">&gt;&gt;</a>&nbsp;&nbsp;&nbsp;GPIO_Init
</UL>

<P><STRONG><a name="[198]"></a>GPIODirModeGet</STRONG> (Thumb, 46 bytes, Stack size 12 bytes, gpio.o(.text), UNUSED)

<P><STRONG><a name="[f3]"></a>GPIOIntTypeSet</STRONG> (Thumb, 102 bytes, Stack size 0 bytes, gpio.o(.text))
<BR><BR>[Called By]<UL><LI><a href="#[f1]">&gt;&gt;</a>&nbsp;&nbsp;&nbsp;GPIO_Init
</UL>

<P><STRONG><a name="[199]"></a>GPIOIntTypeGet</STRONG> (Thumb, 84 bytes, Stack size 20 bytes, gpio.o(.text), UNUSED)

<P><STRONG><a name="[a4]"></a>GPIOPadConfigSet</STRONG> (Thumb, 342 bytes, Stack size 20 bytes, gpio.o(.text))
<BR><BR>[Stack]<UL><LI>Max Depth = 20<LI>Call Chain = GPIOPadConfigSet
</UL>
<BR>[Called By]<UL><LI><a href="#[bf]">&gt;&gt;</a>&nbsp;&nbsp;&nbsp;GPIOPinTypeCIR
<LI><a href="#[be]">&gt;&gt;</a>&nbsp;&nbsp;&nbsp;GPIOPinTypeLEDSeq
<LI><a href="#[bd]">&gt;&gt;</a>&nbsp;&nbsp;&nbsp;GPIOPinTypeKBColumn
<LI><a href="#[bc]">&gt;&gt;</a>&nbsp;&nbsp;&nbsp;GPIOPinTypeKBRow
<LI><a href="#[bb]">&gt;&gt;</a>&nbsp;&nbsp;&nbsp;GPIOPinTypeWakeLow
<LI><a href="#[ba]">&gt;&gt;</a>&nbsp;&nbsp;&nbsp;GPIOPinTypeWakeHigh
<LI><a href="#[b9]">&gt;&gt;</a>&nbsp;&nbsp;&nbsp;GPIOPinTypeUSBDigital
<LI><a href="#[b8]">&gt;&gt;</a>&nbsp;&nbsp;&nbsp;GPIOPinTypeUSBAnalog
<LI><a href="#[b7]">&gt;&gt;</a>&nbsp;&nbsp;&nbsp;GPIOPinTypeUART
<LI><a href="#[b6]">&gt;&gt;</a>&nbsp;&nbsp;&nbsp;GPIOPinTypeTimer
<LI><a href="#[b5]">&gt;&gt;</a>&nbsp;&nbsp;&nbsp;GPIOPinTypeSSI
<LI><a href="#[b4]">&gt;&gt;</a>&nbsp;&nbsp;&nbsp;GPIOPinTypeQEI
<LI><a href="#[b3]">&gt;&gt;</a>&nbsp;&nbsp;&nbsp;GPIOPinTypePWM
<LI><a href="#[b2]">&gt;&gt;</a>&nbsp;&nbsp;&nbsp;GPIOPinTypePECITx
<LI><a href="#[b1]">&gt;&gt;</a>&nbsp;&nbsp;&nbsp;GPIOPinTypePECIRx
<LI><a href="#[b0]">&gt;&gt;</a>&nbsp;&nbsp;&nbsp;GPIOPinTypeLPC
<LI><a href="#[af]">&gt;&gt;</a>&nbsp;&nbsp;&nbsp;GPIOPinTypeLCD
<LI><a href="#[ae]">&gt;&gt;</a>&nbsp;&nbsp;&nbsp;GPIOPinTypeI2CSCL
<LI><a href="#[ad]">&gt;&gt;</a>&nbsp;&nbsp;&nbsp;GPIOPinTypeI2C
<LI><a href="#[ac]">&gt;&gt;</a>&nbsp;&nbsp;&nbsp;GPIOPinTypeGPIOOutputOD
<LI><a href="#[ab]">&gt;&gt;</a>&nbsp;&nbsp;&nbsp;GPIOPinTypeGPIOOutput
<LI><a href="#[aa]">&gt;&gt;</a>&nbsp;&nbsp;&nbsp;GPIOPinTypeGPIOInput
<LI><a href="#[a9]">&gt;&gt;</a>&nbsp;&nbsp;&nbsp;GPIOPinTypeEthernetMII
<LI><a href="#[a8]">&gt;&gt;</a>&nbsp;&nbsp;&nbsp;GPIOPinTypeEthernetLED
<LI><a href="#[a7]">&gt;&gt;</a>&nbsp;&nbsp;&nbsp;GPIOPinTypeEPI
<LI><a href="#[a6]">&gt;&gt;</a>&nbsp;&nbsp;&nbsp;GPIOPinTypeComparator
<LI><a href="#[a5]">&gt;&gt;</a>&nbsp;&nbsp;&nbsp;GPIOPinTypeCAN
<LI><a href="#[a2]">&gt;&gt;</a>&nbsp;&nbsp;&nbsp;GPIOPinTypeADC
<LI><a href="#[f1]">&gt;&gt;</a>&nbsp;&nbsp;&nbsp;GPIO_Init
</UL>

<P><STRONG><a name="[19a]"></a>GPIOPadConfigGet</STRONG> (Thumb, 206 bytes, Stack size 20 bytes, gpio.o(.text), UNUSED)

<P><STRONG><a name="[f2]"></a>GPIOIntEnable</STRONG> (Thumb, 12 bytes, Stack size 0 bytes, gpio.o(.text))
<BR><BR>[Called By]<UL><LI><a href="#[f1]">&gt;&gt;</a>&nbsp;&nbsp;&nbsp;GPIO_Init
</UL>

<P><STRONG><a name="[19b]"></a>GPIOIntDisable</STRONG> (Thumb, 12 bytes, Stack size 0 bytes, gpio.o(.text), UNUSED)

<P><STRONG><a name="[109]"></a>GPIOIntStatus</STRONG> (Thumb, 16 bytes, Stack size 0 bytes, gpio.o(.text))
<BR><BR>[Called By]<UL><LI><a href="#[3d]">&gt;&gt;</a>&nbsp;&nbsp;&nbsp;GPIOJ_Handler
<LI><a href="#[26]">&gt;&gt;</a>&nbsp;&nbsp;&nbsp;GPIOG_Handler
<LI><a href="#[8]">&gt;&gt;</a>&nbsp;&nbsp;&nbsp;GPIOB_Handler
</UL>

<P><STRONG><a name="[10a]"></a>GPIOIntClear</STRONG> (Thumb, 6 bytes, Stack size 0 bytes, gpio.o(.text))
<BR><BR>[Called By]<UL><LI><a href="#[3d]">&gt;&gt;</a>&nbsp;&nbsp;&nbsp;GPIOJ_Handler
<LI><a href="#[26]">&gt;&gt;</a>&nbsp;&nbsp;&nbsp;GPIOG_Handler
<LI><a href="#[8]">&gt;&gt;</a>&nbsp;&nbsp;&nbsp;GPIOB_Handler
</UL>

<P><STRONG><a name="[9f]"></a>GPIOIntRegister</STRONG> (Thumb, 30 bytes, Stack size 16 bytes, gpio.o(.text), UNUSED)
<BR><BR>[Calls]<UL><LI><a href="#[9a]">&gt;&gt;</a>&nbsp;&nbsp;&nbsp;IntRegister
<LI><a href="#[9b]">&gt;&gt;</a>&nbsp;&nbsp;&nbsp;IntEnable
<LI><a href="#[a0]">&gt;&gt;</a>&nbsp;&nbsp;&nbsp;_GPIOIntNumberGet
</UL>

<P><STRONG><a name="[a1]"></a>GPIOIntUnregister</STRONG> (Thumb, 26 bytes, Stack size 16 bytes, gpio.o(.text), UNUSED)
<BR><BR>[Calls]<UL><LI><a href="#[9e]">&gt;&gt;</a>&nbsp;&nbsp;&nbsp;IntUnregister
<LI><a href="#[9d]">&gt;&gt;</a>&nbsp;&nbsp;&nbsp;IntDisable
<LI><a href="#[a0]">&gt;&gt;</a>&nbsp;&nbsp;&nbsp;_GPIOIntNumberGet
</UL>

<P><STRONG><a name="[10b]"></a>GPIOPinRead</STRONG> (Thumb, 32 bytes, Stack size 0 bytes, gpio.o(.text))
<BR><BR>[Called By]<UL><LI><a href="#[3d]">&gt;&gt;</a>&nbsp;&nbsp;&nbsp;GPIOJ_Handler
<LI><a href="#[26]">&gt;&gt;</a>&nbsp;&nbsp;&nbsp;GPIOG_Handler
<LI><a href="#[8]">&gt;&gt;</a>&nbsp;&nbsp;&nbsp;GPIOB_Handler
<LI><a href="#[116]">&gt;&gt;</a>&nbsp;&nbsp;&nbsp;I2C_RadeByte
<LI><a href="#[112]">&gt;&gt;</a>&nbsp;&nbsp;&nbsp;I2C_Start
<LI><a href="#[110]">&gt;&gt;</a>&nbsp;&nbsp;&nbsp;I2C_WaitAck
</UL>

<P><STRONG><a name="[10e]"></a>GPIOPinWrite</STRONG> (Thumb, 10 bytes, Stack size 0 bytes, gpio.o(.text))
<BR><BR>[Called By]<UL><LI><a href="#[123]">&gt;&gt;</a>&nbsp;&nbsp;&nbsp;Detection_distance
<LI><a href="#[121]">&gt;&gt;</a>&nbsp;&nbsp;&nbsp;Ulatran_Init
<LI><a href="#[11d]">&gt;&gt;</a>&nbsp;&nbsp;&nbsp;I2C_Ack
<LI><a href="#[116]">&gt;&gt;</a>&nbsp;&nbsp;&nbsp;I2C_RadeByte
<LI><a href="#[115]">&gt;&gt;</a>&nbsp;&nbsp;&nbsp;I2C_NoAck
<LI><a href="#[112]">&gt;&gt;</a>&nbsp;&nbsp;&nbsp;I2C_Start
<LI><a href="#[111]">&gt;&gt;</a>&nbsp;&nbsp;&nbsp;I2C_SendByte
<LI><a href="#[110]">&gt;&gt;</a>&nbsp;&nbsp;&nbsp;I2C_WaitAck
<LI><a href="#[10d]">&gt;&gt;</a>&nbsp;&nbsp;&nbsp;I2C_Stop
</UL>

<P><STRONG><a name="[a2]"></a>GPIOPinTypeADC</STRONG> (Thumb, 30 bytes, Stack size 12 bytes, gpio.o(.text))
<BR><BR>[Stack]<UL><LI>Max Depth = 32<LI>Call Chain = GPIOPinTypeADC &rArr; GPIOPadConfigSet
</UL>
<BR>[Calls]<UL><LI><a href="#[a4]">&gt;&gt;</a>&nbsp;&nbsp;&nbsp;GPIOPadConfigSet
<LI><a href="#[a3]">&gt;&gt;</a>&nbsp;&nbsp;&nbsp;GPIODirModeSet
</UL>
<BR>[Called By]<UL><LI><a href="#[126]">&gt;&gt;</a>&nbsp;&nbsp;&nbsp;ADC_Conf
</UL>

<P><STRONG><a name="[a5]"></a>GPIOPinTypeCAN</STRONG> (Thumb, 30 bytes, Stack size 12 bytes, gpio.o(.text), UNUSED)
<BR><BR>[Calls]<UL><LI><a href="#[a4]">&gt;&gt;</a>&nbsp;&nbsp;&nbsp;GPIOPadConfigSet
<LI><a href="#[a3]">&gt;&gt;</a>&nbsp;&nbsp;&nbsp;GPIODirModeSet
</UL>

<P><STRONG><a name="[a6]"></a>GPIOPinTypeComparator</STRONG> (Thumb, 30 bytes, Stack size 12 bytes, gpio.o(.text), UNUSED)
<BR><BR>[Calls]<UL><LI><a href="#[a4]">&gt;&gt;</a>&nbsp;&nbsp;&nbsp;GPIOPadConfigSet
<LI><a href="#[a3]">&gt;&gt;</a>&nbsp;&nbsp;&nbsp;GPIODirModeSet
</UL>

<P><STRONG><a name="[a7]"></a>GPIOPinTypeEPI</STRONG> (Thumb, 30 bytes, Stack size 12 bytes, gpio.o(.text), UNUSED)
<BR><BR>[Calls]<UL><LI><a href="#[a4]">&gt;&gt;</a>&nbsp;&nbsp;&nbsp;GPIOPadConfigSet
<LI><a href="#[a3]">&gt;&gt;</a>&nbsp;&nbsp;&nbsp;GPIODirModeSet
</UL>

<P><STRONG><a name="[a8]"></a>GPIOPinTypeEthernetLED</STRONG> (Thumb, 30 bytes, Stack size 12 bytes, gpio.o(.text), UNUSED)
<BR><BR>[Calls]<UL><LI><a href="#[a4]">&gt;&gt;</a>&nbsp;&nbsp;&nbsp;GPIOPadConfigSet
<LI><a href="#[a3]">&gt;&gt;</a>&nbsp;&nbsp;&nbsp;GPIODirModeSet
</UL>

<P><STRONG><a name="[a9]"></a>GPIOPinTypeEthernetMII</STRONG> (Thumb, 30 bytes, Stack size 12 bytes, gpio.o(.text), UNUSED)
<BR><BR>[Calls]<UL><LI><a href="#[a4]">&gt;&gt;</a>&nbsp;&nbsp;&nbsp;GPIOPadConfigSet
<LI><a href="#[a3]">&gt;&gt;</a>&nbsp;&nbsp;&nbsp;GPIODirModeSet
</UL>

<P><STRONG><a name="[aa]"></a>GPIOPinTypeGPIOInput</STRONG> (Thumb, 30 bytes, Stack size 12 bytes, gpio.o(.text), UNUSED)
<BR><BR>[Calls]<UL><LI><a href="#[a4]">&gt;&gt;</a>&nbsp;&nbsp;&nbsp;GPIOPadConfigSet
<LI><a href="#[a3]">&gt;&gt;</a>&nbsp;&nbsp;&nbsp;GPIODirModeSet
</UL>

<P><STRONG><a name="[ab]"></a>GPIOPinTypeGPIOOutput</STRONG> (Thumb, 30 bytes, Stack size 12 bytes, gpio.o(.text), UNUSED)
<BR><BR>[Calls]<UL><LI><a href="#[a4]">&gt;&gt;</a>&nbsp;&nbsp;&nbsp;GPIOPadConfigSet
<LI><a href="#[a3]">&gt;&gt;</a>&nbsp;&nbsp;&nbsp;GPIODirModeSet
</UL>

<P><STRONG><a name="[ac]"></a>GPIOPinTypeGPIOOutputOD</STRONG> (Thumb, 30 bytes, Stack size 12 bytes, gpio.o(.text), UNUSED)
<BR><BR>[Calls]<UL><LI><a href="#[a4]">&gt;&gt;</a>&nbsp;&nbsp;&nbsp;GPIOPadConfigSet
<LI><a href="#[a3]">&gt;&gt;</a>&nbsp;&nbsp;&nbsp;GPIODirModeSet
</UL>

<P><STRONG><a name="[ad]"></a>GPIOPinTypeI2C</STRONG> (Thumb, 30 bytes, Stack size 12 bytes, gpio.o(.text), UNUSED)
<BR><BR>[Calls]<UL><LI><a href="#[a4]">&gt;&gt;</a>&nbsp;&nbsp;&nbsp;GPIOPadConfigSet
<LI><a href="#[a3]">&gt;&gt;</a>&nbsp;&nbsp;&nbsp;GPIODirModeSet
</UL>

<P><STRONG><a name="[ae]"></a>GPIOPinTypeI2CSCL</STRONG> (Thumb, 30 bytes, Stack size 12 bytes, gpio.o(.text), UNUSED)
<BR><BR>[Calls]<UL><LI><a href="#[a4]">&gt;&gt;</a>&nbsp;&nbsp;&nbsp;GPIOPadConfigSet
<LI><a href="#[a3]">&gt;&gt;</a>&nbsp;&nbsp;&nbsp;GPIODirModeSet
</UL>

<P><STRONG><a name="[af]"></a>GPIOPinTypeLCD</STRONG> (Thumb, 30 bytes, Stack size 12 bytes, gpio.o(.text), UNUSED)
<BR><BR>[Calls]<UL><LI><a href="#[a4]">&gt;&gt;</a>&nbsp;&nbsp;&nbsp;GPIOPadConfigSet
<LI><a href="#[a3]">&gt;&gt;</a>&nbsp;&nbsp;&nbsp;GPIODirModeSet
</UL>

<P><STRONG><a name="[b0]"></a>GPIOPinTypeLPC</STRONG> (Thumb, 30 bytes, Stack size 12 bytes, gpio.o(.text), UNUSED)
<BR><BR>[Calls]<UL><LI><a href="#[a4]">&gt;&gt;</a>&nbsp;&nbsp;&nbsp;GPIOPadConfigSet
<LI><a href="#[a3]">&gt;&gt;</a>&nbsp;&nbsp;&nbsp;GPIODirModeSet
</UL>

<P><STRONG><a name="[b1]"></a>GPIOPinTypePECIRx</STRONG> (Thumb, 30 bytes, Stack size 12 bytes, gpio.o(.text), UNUSED)
<BR><BR>[Calls]<UL><LI><a href="#[a4]">&gt;&gt;</a>&nbsp;&nbsp;&nbsp;GPIOPadConfigSet
<LI><a href="#[a3]">&gt;&gt;</a>&nbsp;&nbsp;&nbsp;GPIODirModeSet
</UL>

<P><STRONG><a name="[b2]"></a>GPIOPinTypePECITx</STRONG> (Thumb, 30 bytes, Stack size 12 bytes, gpio.o(.text), UNUSED)
<BR><BR>[Calls]<UL><LI><a href="#[a4]">&gt;&gt;</a>&nbsp;&nbsp;&nbsp;GPIOPadConfigSet
<LI><a href="#[a3]">&gt;&gt;</a>&nbsp;&nbsp;&nbsp;GPIODirModeSet
</UL>

<P><STRONG><a name="[b3]"></a>GPIOPinTypePWM</STRONG> (Thumb, 30 bytes, Stack size 12 bytes, gpio.o(.text))
<BR><BR>[Stack]<UL><LI>Max Depth = 32<LI>Call Chain = GPIOPinTypePWM &rArr; GPIOPadConfigSet
</UL>
<BR>[Calls]<UL><LI><a href="#[a4]">&gt;&gt;</a>&nbsp;&nbsp;&nbsp;GPIOPadConfigSet
<LI><a href="#[a3]">&gt;&gt;</a>&nbsp;&nbsp;&nbsp;GPIODirModeSet
</UL>
<BR>[Called By]<UL><LI><a href="#[f7]">&gt;&gt;</a>&nbsp;&nbsp;&nbsp;PWM_OutConf
</UL>

<P><STRONG><a name="[b4]"></a>GPIOPinTypeQEI</STRONG> (Thumb, 30 bytes, Stack size 12 bytes, gpio.o(.text), UNUSED)
<BR><BR>[Calls]<UL><LI><a href="#[a4]">&gt;&gt;</a>&nbsp;&nbsp;&nbsp;GPIOPadConfigSet
<LI><a href="#[a3]">&gt;&gt;</a>&nbsp;&nbsp;&nbsp;GPIODirModeSet
</UL>

<P><STRONG><a name="[b5]"></a>GPIOPinTypeSSI</STRONG> (Thumb, 30 bytes, Stack size 12 bytes, gpio.o(.text), UNUSED)
<BR><BR>[Calls]<UL><LI><a href="#[a4]">&gt;&gt;</a>&nbsp;&nbsp;&nbsp;GPIOPadConfigSet
<LI><a href="#[a3]">&gt;&gt;</a>&nbsp;&nbsp;&nbsp;GPIODirModeSet
</UL>

<P><STRONG><a name="[b6]"></a>GPIOPinTypeTimer</STRONG> (Thumb, 30 bytes, Stack size 12 bytes, gpio.o(.text), UNUSED)
<BR><BR>[Calls]<UL><LI><a href="#[a4]">&gt;&gt;</a>&nbsp;&nbsp;&nbsp;GPIOPadConfigSet
<LI><a href="#[a3]">&gt;&gt;</a>&nbsp;&nbsp;&nbsp;GPIODirModeSet
</UL>

<P><STRONG><a name="[b7]"></a>GPIOPinTypeUART</STRONG> (Thumb, 30 bytes, Stack size 12 bytes, gpio.o(.text))
<BR><BR>[Stack]<UL><LI>Max Depth = 32<LI>Call Chain = GPIOPinTypeUART &rArr; GPIOPadConfigSet
</UL>
<BR>[Calls]<UL><LI><a href="#[a4]">&gt;&gt;</a>&nbsp;&nbsp;&nbsp;GPIOPadConfigSet
<LI><a href="#[a3]">&gt;&gt;</a>&nbsp;&nbsp;&nbsp;GPIODirModeSet
</UL>
<BR>[Called By]<UL><LI><a href="#[e0]">&gt;&gt;</a>&nbsp;&nbsp;&nbsp;UART0_Conf
</UL>

<P><STRONG><a name="[b8]"></a>GPIOPinTypeUSBAnalog</STRONG> (Thumb, 30 bytes, Stack size 12 bytes, gpio.o(.text), UNUSED)
<BR><BR>[Calls]<UL><LI><a href="#[a4]">&gt;&gt;</a>&nbsp;&nbsp;&nbsp;GPIOPadConfigSet
<LI><a href="#[a3]">&gt;&gt;</a>&nbsp;&nbsp;&nbsp;GPIODirModeSet
</UL>

<P><STRONG><a name="[b9]"></a>GPIOPinTypeUSBDigital</STRONG> (Thumb, 30 bytes, Stack size 12 bytes, gpio.o(.text), UNUSED)
<BR><BR>[Calls]<UL><LI><a href="#[a4]">&gt;&gt;</a>&nbsp;&nbsp;&nbsp;GPIOPadConfigSet
<LI><a href="#[a3]">&gt;&gt;</a>&nbsp;&nbsp;&nbsp;GPIODirModeSet
</UL>

<P><STRONG><a name="[ba]"></a>GPIOPinTypeWakeHigh</STRONG> (Thumb, 32 bytes, Stack size 12 bytes, gpio.o(.text), UNUSED)
<BR><BR>[Calls]<UL><LI><a href="#[a4]">&gt;&gt;</a>&nbsp;&nbsp;&nbsp;GPIOPadConfigSet
<LI><a href="#[a3]">&gt;&gt;</a>&nbsp;&nbsp;&nbsp;GPIODirModeSet
</UL>

<P><STRONG><a name="[bb]"></a>GPIOPinTypeWakeLow</STRONG> (Thumb, 32 bytes, Stack size 12 bytes, gpio.o(.text), UNUSED)
<BR><BR>[Calls]<UL><LI><a href="#[a4]">&gt;&gt;</a>&nbsp;&nbsp;&nbsp;GPIOPadConfigSet
<LI><a href="#[a3]">&gt;&gt;</a>&nbsp;&nbsp;&nbsp;GPIODirModeSet
</UL>

<P><STRONG><a name="[bc]"></a>GPIOPinTypeKBRow</STRONG> (Thumb, 30 bytes, Stack size 12 bytes, gpio.o(.text), UNUSED)
<BR><BR>[Calls]<UL><LI><a href="#[a4]">&gt;&gt;</a>&nbsp;&nbsp;&nbsp;GPIOPadConfigSet
<LI><a href="#[a3]">&gt;&gt;</a>&nbsp;&nbsp;&nbsp;GPIODirModeSet
</UL>

<P><STRONG><a name="[bd]"></a>GPIOPinTypeKBColumn</STRONG> (Thumb, 30 bytes, Stack size 12 bytes, gpio.o(.text), UNUSED)
<BR><BR>[Calls]<UL><LI><a href="#[a4]">&gt;&gt;</a>&nbsp;&nbsp;&nbsp;GPIOPadConfigSet
<LI><a href="#[a3]">&gt;&gt;</a>&nbsp;&nbsp;&nbsp;GPIODirModeSet
</UL>

<P><STRONG><a name="[be]"></a>GPIOPinTypeLEDSeq</STRONG> (Thumb, 30 bytes, Stack size 12 bytes, gpio.o(.text), UNUSED)
<BR><BR>[Calls]<UL><LI><a href="#[a4]">&gt;&gt;</a>&nbsp;&nbsp;&nbsp;GPIOPadConfigSet
<LI><a href="#[a3]">&gt;&gt;</a>&nbsp;&nbsp;&nbsp;GPIODirModeSet
</UL>

<P><STRONG><a name="[bf]"></a>GPIOPinTypeCIR</STRONG> (Thumb, 30 bytes, Stack size 12 bytes, gpio.o(.text), UNUSED)
<BR><BR>[Calls]<UL><LI><a href="#[a4]">&gt;&gt;</a>&nbsp;&nbsp;&nbsp;GPIOPadConfigSet
<LI><a href="#[a3]">&gt;&gt;</a>&nbsp;&nbsp;&nbsp;GPIODirModeSet
</UL>

<P><STRONG><a name="[19c]"></a>GPIOPinWakeStatus</STRONG> (Thumb, 8 bytes, Stack size 0 bytes, gpio.o(.text), UNUSED)

<P><STRONG><a name="[e2]"></a>GPIOPinConfigure</STRONG> (Thumb, 70 bytes, Stack size 8 bytes, gpio.o(.text))
<BR><BR>[Stack]<UL><LI>Max Depth = 8<LI>Call Chain = GPIOPinConfigure
</UL>
<BR>[Called By]<UL><LI><a href="#[f7]">&gt;&gt;</a>&nbsp;&nbsp;&nbsp;PWM_OutConf
<LI><a href="#[e0]">&gt;&gt;</a>&nbsp;&nbsp;&nbsp;UART0_Conf
</UL>

<P><STRONG><a name="[19d]"></a>GPIODMATriggerEnable</STRONG> (Thumb, 12 bytes, Stack size 0 bytes, gpio.o(.text), UNUSED)

<P><STRONG><a name="[19e]"></a>GPIODMATriggerDisable</STRONG> (Thumb, 12 bytes, Stack size 0 bytes, gpio.o(.text), UNUSED)

<P><STRONG><a name="[19f]"></a>GPIOADCTriggerEnable</STRONG> (Thumb, 12 bytes, Stack size 0 bytes, gpio.o(.text), UNUSED)

<P><STRONG><a name="[1a0]"></a>GPIOADCTriggerDisable</STRONG> (Thumb, 12 bytes, Stack size 0 bytes, gpio.o(.text), UNUSED)

<P><STRONG><a name="[c0]"></a>IntMasterEnable</STRONG> (Thumb, 16 bytes, Stack size 8 bytes, interrupt.o(.text))
<BR><BR>[Stack]<UL><LI>Max Depth = 8<LI>Call Chain = IntMasterEnable
</UL>
<BR>[Calls]<UL><LI><a href="#[c1]">&gt;&gt;</a>&nbsp;&nbsp;&nbsp;CPUcpsie
</UL>
<BR>[Called By]<UL><LI><a href="#[8c]">&gt;&gt;</a>&nbsp;&nbsp;&nbsp;SysInit
</UL>

<P><STRONG><a name="[c2]"></a>IntMasterDisable</STRONG> (Thumb, 16 bytes, Stack size 8 bytes, interrupt.o(.text), UNUSED)
<BR><BR>[Calls]<UL><LI><a href="#[c3]">&gt;&gt;</a>&nbsp;&nbsp;&nbsp;CPUcpsid
</UL>

<P><STRONG><a name="[9a]"></a>IntRegister</STRONG> (Thumb, 52 bytes, Stack size 12 bytes, interrupt.o(.text), UNUSED)
<BR><BR>[Called By]<UL><LI><a href="#[98]">&gt;&gt;</a>&nbsp;&nbsp;&nbsp;ADCIntRegister
<LI><a href="#[dd]">&gt;&gt;</a>&nbsp;&nbsp;&nbsp;UARTIntRegister
<LI><a href="#[d7]">&gt;&gt;</a>&nbsp;&nbsp;&nbsp;TimerIntRegister
<LI><a href="#[ce]">&gt;&gt;</a>&nbsp;&nbsp;&nbsp;SysCtlIntRegister
<LI><a href="#[cb]">&gt;&gt;</a>&nbsp;&nbsp;&nbsp;PWMFaultIntRegister
<LI><a href="#[c8]">&gt;&gt;</a>&nbsp;&nbsp;&nbsp;PWMGenIntRegister
<LI><a href="#[9f]">&gt;&gt;</a>&nbsp;&nbsp;&nbsp;GPIOIntRegister
</UL>

<P><STRONG><a name="[9e]"></a>IntUnregister</STRONG> (Thumb, 10 bytes, Stack size 0 bytes, interrupt.o(.text), UNUSED)
<BR><BR>[Called By]<UL><LI><a href="#[9c]">&gt;&gt;</a>&nbsp;&nbsp;&nbsp;ADCIntUnregister
<LI><a href="#[df]">&gt;&gt;</a>&nbsp;&nbsp;&nbsp;UARTIntUnregister
<LI><a href="#[d9]">&gt;&gt;</a>&nbsp;&nbsp;&nbsp;TimerIntUnregister
<LI><a href="#[cf]">&gt;&gt;</a>&nbsp;&nbsp;&nbsp;SysCtlIntUnregister
<LI><a href="#[cd]">&gt;&gt;</a>&nbsp;&nbsp;&nbsp;PWMFaultIntUnregister
<LI><a href="#[ca]">&gt;&gt;</a>&nbsp;&nbsp;&nbsp;PWMGenIntUnregister
<LI><a href="#[a1]">&gt;&gt;</a>&nbsp;&nbsp;&nbsp;GPIOIntUnregister
</UL>

<P><STRONG><a name="[1a1]"></a>IntPriorityGroupingSet</STRONG> (Thumb, 18 bytes, Stack size 0 bytes, interrupt.o(.text), UNUSED)

<P><STRONG><a name="[1a2]"></a>IntPriorityGroupingGet</STRONG> (Thumb, 36 bytes, Stack size 0 bytes, interrupt.o(.text), UNUSED)

<P><STRONG><a name="[1a3]"></a>IntPrioritySet</STRONG> (Thumb, 46 bytes, Stack size 8 bytes, interrupt.o(.text), UNUSED)

<P><STRONG><a name="[1a4]"></a>IntPriorityGet</STRONG> (Thumb, 22 bytes, Stack size 0 bytes, interrupt.o(.text), UNUSED)

<P><STRONG><a name="[9b]"></a>IntEnable</STRONG> (Thumb, 120 bytes, Stack size 0 bytes, interrupt.o(.text))
<BR><BR>[Called By]<UL><LI><a href="#[98]">&gt;&gt;</a>&nbsp;&nbsp;&nbsp;ADCIntRegister
<LI><a href="#[8c]">&gt;&gt;</a>&nbsp;&nbsp;&nbsp;SysInit
<LI><a href="#[dd]">&gt;&gt;</a>&nbsp;&nbsp;&nbsp;UARTIntRegister
<LI><a href="#[d7]">&gt;&gt;</a>&nbsp;&nbsp;&nbsp;TimerIntRegister
<LI><a href="#[ce]">&gt;&gt;</a>&nbsp;&nbsp;&nbsp;SysCtlIntRegister
<LI><a href="#[cb]">&gt;&gt;</a>&nbsp;&nbsp;&nbsp;PWMFaultIntRegister
<LI><a href="#[c8]">&gt;&gt;</a>&nbsp;&nbsp;&nbsp;PWMGenIntRegister
<LI><a href="#[9f]">&gt;&gt;</a>&nbsp;&nbsp;&nbsp;GPIOIntRegister
<LI><a href="#[100]">&gt;&gt;</a>&nbsp;&nbsp;&nbsp;SysClock_Init
<LI><a href="#[f1]">&gt;&gt;</a>&nbsp;&nbsp;&nbsp;GPIO_Init
</UL>

<P><STRONG><a name="[9d]"></a>IntDisable</STRONG> (Thumb, 120 bytes, Stack size 0 bytes, interrupt.o(.text), UNUSED)
<BR><BR>[Called By]<UL><LI><a href="#[9c]">&gt;&gt;</a>&nbsp;&nbsp;&nbsp;ADCIntUnregister
<LI><a href="#[df]">&gt;&gt;</a>&nbsp;&nbsp;&nbsp;UARTIntUnregister
<LI><a href="#[d9]">&gt;&gt;</a>&nbsp;&nbsp;&nbsp;TimerIntUnregister
<LI><a href="#[cf]">&gt;&gt;</a>&nbsp;&nbsp;&nbsp;SysCtlIntUnregister
<LI><a href="#[cd]">&gt;&gt;</a>&nbsp;&nbsp;&nbsp;PWMFaultIntUnregister
<LI><a href="#[ca]">&gt;&gt;</a>&nbsp;&nbsp;&nbsp;PWMGenIntUnregister
<LI><a href="#[a1]">&gt;&gt;</a>&nbsp;&nbsp;&nbsp;GPIOIntUnregister
</UL>

<P><STRONG><a name="[1a5]"></a>IntIsEnabled</STRONG> (Thumb, 106 bytes, Stack size 8 bytes, interrupt.o(.text), UNUSED)

<P><STRONG><a name="[1a6]"></a>IntPendSet</STRONG> (Thumb, 98 bytes, Stack size 0 bytes, interrupt.o(.text), UNUSED)

<P><STRONG><a name="[1a7]"></a>IntPendClear</STRONG> (Thumb, 76 bytes, Stack size 0 bytes, interrupt.o(.text), UNUSED)

<P><STRONG><a name="[c4]"></a>IntPriorityMaskSet</STRONG> (Thumb, 12 bytes, Stack size 8 bytes, interrupt.o(.text), UNUSED)
<BR><BR>[Calls]<UL><LI><a href="#[c5]">&gt;&gt;</a>&nbsp;&nbsp;&nbsp;CPUbasepriSet
</UL>

<P><STRONG><a name="[c6]"></a>IntPriorityMaskGet</STRONG> (Thumb, 8 bytes, Stack size 8 bytes, interrupt.o(.text), UNUSED)
<BR><BR>[Calls]<UL><LI><a href="#[c7]">&gt;&gt;</a>&nbsp;&nbsp;&nbsp;CPUbasepriGet
</UL>

<P><STRONG><a name="[1a8]"></a>IntTrigger</STRONG> (Thumb, 10 bytes, Stack size 0 bytes, interrupt.o(.text), UNUSED)

<P><STRONG><a name="[f9]"></a>PWMGenConfigure</STRONG> (Thumb, 42 bytes, Stack size 8 bytes, pwm.o(.text))
<BR><BR>[Stack]<UL><LI>Max Depth = 8<LI>Call Chain = PWMGenConfigure
</UL>
<BR>[Called By]<UL><LI><a href="#[f7]">&gt;&gt;</a>&nbsp;&nbsp;&nbsp;PWM_OutConf
</UL>

<P><STRONG><a name="[fa]"></a>PWMGenPeriodSet</STRONG> (Thumb, 22 bytes, Stack size 0 bytes, pwm.o(.text))
<BR><BR>[Called By]<UL><LI><a href="#[f7]">&gt;&gt;</a>&nbsp;&nbsp;&nbsp;PWM_OutConf
</UL>

<P><STRONG><a name="[1a9]"></a>PWMGenPeriodGet</STRONG> (Thumb, 24 bytes, Stack size 0 bytes, pwm.o(.text), UNUSED)

<P><STRONG><a name="[fd]"></a>PWMGenEnable</STRONG> (Thumb, 10 bytes, Stack size 0 bytes, pwm.o(.text))
<BR><BR>[Called By]<UL><LI><a href="#[f7]">&gt;&gt;</a>&nbsp;&nbsp;&nbsp;PWM_OutConf
</UL>

<P><STRONG><a name="[1aa]"></a>PWMGenDisable</STRONG> (Thumb, 10 bytes, Stack size 0 bytes, pwm.o(.text), UNUSED)

<P><STRONG><a name="[fb]"></a>PWMPulseWidthSet</STRONG> (Thumb, 38 bytes, Stack size 12 bytes, pwm.o(.text))
<BR><BR>[Stack]<UL><LI>Max Depth = 12<LI>Call Chain = PWMPulseWidthSet
</UL>
<BR>[Called By]<UL><LI><a href="#[96]">&gt;&gt;</a>&nbsp;&nbsp;&nbsp;Moter_Out_Set
<LI><a href="#[f7]">&gt;&gt;</a>&nbsp;&nbsp;&nbsp;PWM_OutConf
</UL>

<P><STRONG><a name="[1ab]"></a>PWMPulseWidthGet</STRONG> (Thumb, 40 bytes, Stack size 12 bytes, pwm.o(.text), UNUSED)

<P><STRONG><a name="[1ac]"></a>PWMDeadBandEnable</STRONG> (Thumb, 18 bytes, Stack size 8 bytes, pwm.o(.text), UNUSED)

<P><STRONG><a name="[1ad]"></a>PWMDeadBandDisable</STRONG> (Thumb, 14 bytes, Stack size 0 bytes, pwm.o(.text), UNUSED)

<P><STRONG><a name="[1ae]"></a>PWMSyncUpdate</STRONG> (Thumb, 4 bytes, Stack size 0 bytes, pwm.o(.text), UNUSED)

<P><STRONG><a name="[1af]"></a>PWMSyncTimeBase</STRONG> (Thumb, 4 bytes, Stack size 0 bytes, pwm.o(.text), UNUSED)

<P><STRONG><a name="[fc]"></a>PWMOutputState</STRONG> (Thumb, 20 bytes, Stack size 0 bytes, pwm.o(.text))
<BR><BR>[Called By]<UL><LI><a href="#[f7]">&gt;&gt;</a>&nbsp;&nbsp;&nbsp;PWM_OutConf
</UL>

<P><STRONG><a name="[1b0]"></a>PWMOutputInvert</STRONG> (Thumb, 20 bytes, Stack size 0 bytes, pwm.o(.text), UNUSED)

<P><STRONG><a name="[1b1]"></a>PWMOutputFaultLevel</STRONG> (Thumb, 20 bytes, Stack size 0 bytes, pwm.o(.text), UNUSED)

<P><STRONG><a name="[1b2]"></a>PWMOutputFault</STRONG> (Thumb, 20 bytes, Stack size 0 bytes, pwm.o(.text), UNUSED)

<P><STRONG><a name="[c8]"></a>PWMGenIntRegister</STRONG> (Thumb, 38 bytes, Stack size 24 bytes, pwm.o(.text), UNUSED)
<BR><BR>[Calls]<UL><LI><a href="#[9a]">&gt;&gt;</a>&nbsp;&nbsp;&nbsp;IntRegister
<LI><a href="#[9b]">&gt;&gt;</a>&nbsp;&nbsp;&nbsp;IntEnable
<LI><a href="#[c9]">&gt;&gt;</a>&nbsp;&nbsp;&nbsp;_PWMGenIntNumberGet
</UL>

<P><STRONG><a name="[ca]"></a>PWMGenIntUnregister</STRONG> (Thumb, 30 bytes, Stack size 16 bytes, pwm.o(.text), UNUSED)
<BR><BR>[Calls]<UL><LI><a href="#[9e]">&gt;&gt;</a>&nbsp;&nbsp;&nbsp;IntUnregister
<LI><a href="#[9d]">&gt;&gt;</a>&nbsp;&nbsp;&nbsp;IntDisable
<LI><a href="#[c9]">&gt;&gt;</a>&nbsp;&nbsp;&nbsp;_PWMGenIntNumberGet
</UL>

<P><STRONG><a name="[cb]"></a>PWMFaultIntRegister</STRONG> (Thumb, 30 bytes, Stack size 16 bytes, pwm.o(.text), UNUSED)
<BR><BR>[Calls]<UL><LI><a href="#[9a]">&gt;&gt;</a>&nbsp;&nbsp;&nbsp;IntRegister
<LI><a href="#[9b]">&gt;&gt;</a>&nbsp;&nbsp;&nbsp;IntEnable
<LI><a href="#[cc]">&gt;&gt;</a>&nbsp;&nbsp;&nbsp;_PWMFaultIntNumberGet
</UL>

<P><STRONG><a name="[cd]"></a>PWMFaultIntUnregister</STRONG> (Thumb, 26 bytes, Stack size 16 bytes, pwm.o(.text), UNUSED)
<BR><BR>[Calls]<UL><LI><a href="#[9e]">&gt;&gt;</a>&nbsp;&nbsp;&nbsp;IntUnregister
<LI><a href="#[9d]">&gt;&gt;</a>&nbsp;&nbsp;&nbsp;IntDisable
<LI><a href="#[cc]">&gt;&gt;</a>&nbsp;&nbsp;&nbsp;_PWMFaultIntNumberGet
</UL>

<P><STRONG><a name="[1b3]"></a>PWMGenIntTrigEnable</STRONG> (Thumb, 14 bytes, Stack size 8 bytes, pwm.o(.text), UNUSED)

<P><STRONG><a name="[1b4]"></a>PWMGenIntTrigDisable</STRONG> (Thumb, 14 bytes, Stack size 8 bytes, pwm.o(.text), UNUSED)

<P><STRONG><a name="[1b5]"></a>PWMGenIntStatus</STRONG> (Thumb, 16 bytes, Stack size 0 bytes, pwm.o(.text), UNUSED)

<P><STRONG><a name="[1b6]"></a>PWMGenIntClear</STRONG> (Thumb, 6 bytes, Stack size 0 bytes, pwm.o(.text), UNUSED)

<P><STRONG><a name="[1b7]"></a>PWMIntEnable</STRONG> (Thumb, 8 bytes, Stack size 0 bytes, pwm.o(.text), UNUSED)

<P><STRONG><a name="[1b8]"></a>PWMIntDisable</STRONG> (Thumb, 8 bytes, Stack size 0 bytes, pwm.o(.text), UNUSED)

<P><STRONG><a name="[1b9]"></a>PWMFaultIntClear</STRONG> (Thumb, 8 bytes, Stack size 0 bytes, pwm.o(.text), UNUSED)

<P><STRONG><a name="[1ba]"></a>PWMIntStatus</STRONG> (Thumb, 14 bytes, Stack size 0 bytes, pwm.o(.text), UNUSED)

<P><STRONG><a name="[1bb]"></a>PWMFaultIntClearExt</STRONG> (Thumb, 4 bytes, Stack size 0 bytes, pwm.o(.text), UNUSED)

<P><STRONG><a name="[1bc]"></a>PWMGenFaultConfigure</STRONG> (Thumb, 20 bytes, Stack size 12 bytes, pwm.o(.text), UNUSED)

<P><STRONG><a name="[1bd]"></a>PWMGenFaultTriggerSet</STRONG> (Thumb, 16 bytes, Stack size 8 bytes, pwm.o(.text), UNUSED)

<P><STRONG><a name="[1be]"></a>PWMGenFaultTriggerGet</STRONG> (Thumb, 16 bytes, Stack size 0 bytes, pwm.o(.text), UNUSED)

<P><STRONG><a name="[1bf]"></a>PWMGenFaultStatus</STRONG> (Thumb, 38 bytes, Stack size 8 bytes, pwm.o(.text), UNUSED)

[...]
<LI><a href="#[85]">&gt;&gt;</a>&nbsp;&nbsp;&nbsp;main
</UL>

<P><STRONG><a name="[8c]"></a>SysInit</STRONG> (Thumb, 118 bytes, Stack size 8 bytes, initialize.o(.text))
<BR><BR>[Stack]<UL><LI>Max Depth = 148<LI>Call Chain = SysInit &rArr; SysDataInit &rArr; MPU6050_Init &rArr; Simulation_II2C_GPIO_Config &rArr; OUT_NormalGPIO_Conf &rArr; GPIO_Init &rArr; GPIOPadConfigSet
</UL>
<BR>[Calls]<UL><LI><a href="#[9b]">&gt;&gt;</a>&nbsp;&nbsp;&nbsp;IntEnable
<LI><a href="#[95]">&gt;&gt;</a>&nbsp;&nbsp;&nbsp;SysDataInit
<LI><a href="#[c0]">&gt;&gt;</a>&nbsp;&nbsp;&nbsp;IntMasterEnable
<LI><a href="#[131]">&gt;&gt;</a>&nbsp;&nbsp;&nbsp;LED_Electromagnet_Init
<LI><a href="#[126]">&gt;&gt;</a>&nbsp;&nbsp;&nbsp;ADC_Conf
<LI><a href="#[121]">&gt;&gt;</a>&nbsp;&nbsp;&nbsp;Ulatran_Init
<LI><a href="#[107]">&gt;&gt;</a>&nbsp;&nbsp;&nbsp;PPM_Rec_Init
<LI><a href="#[100]">&gt;&gt;</a>&nbsp;&nbsp;&nbsp;SysClock_Init
<LI><a href="#[fe]">&gt;&gt;</a>&nbsp;&nbsp;&nbsp;delay_ms
<LI><a href="#[f7]">&gt;&gt;</a>&nbsp;&nbsp;&nbsp;PWM_OutConf
<LI><a href="#[e0]">&gt;&gt;</a>&nbsp;&nbsp;&nbsp;UART0_Conf
</UL>
<BR>[Called By]<UL><LI><a href="#[85]">&gt;&gt;</a>&nbsp;&nbsp;&nbsp;main
</UL>

<P><STRONG><a name="[132]"></a>Mode_Det</STRONG> (Thumb, 124 bytes, Stack size 8 bytes, initialize.o(.text), UNUSED)
<BR><BR>[Calls]<UL><LI><a href="#[ff]">&gt;&gt;</a>&nbsp;&nbsp;&nbsp;delay_us
</UL>

<P><STRONG><a name="[131]"></a>LED_Electromagnet_Init</STRONG> (Thumb, 202 bytes, Stack size 8 bytes, gpioinit.o(.text))
<BR><BR>[Stack]<UL><LI>Max Depth = 8<LI>Call Chain = LED_Electromagnet_Init
</UL>
<BR>[Called By]<UL><LI><a href="#[8c]">&gt;&gt;</a>&nbsp;&nbsp;&nbsp;SysInit
</UL>

<P><STRONG><a name="[235]"></a>__use_two_region_memory</STRONG> (Thumb, 2 bytes, Stack size 0 bytes, heapauxi.o(.text), UNUSED)

<P><STRONG><a name="[236]"></a>__rt_heap_escrow$2region</STRONG> (Thumb, 2 bytes, Stack size 0 bytes, heapauxi.o(.text), UNUSED)

<P><STRONG><a name="[237]"></a>__rt_heap_expand$2region</STRONG> (Thumb, 2 bytes, Stack size 0 bytes, heapauxi.o(.text), UNUSED)

<P><STRONG><a name="[238]"></a>__user_libspace</STRONG> (Thumb, 8 bytes, Stack size 0 bytes, libspace.o(.text), UNUSED)

<P><STRONG><a name="[133]"></a>__user_perproc_libspace</STRONG> (Thumb, 0 bytes, Stack size 0 bytes, libspace.o(.text))
<BR><BR>[Called By]<UL><LI><a href="#[81]">&gt;&gt;</a>&nbsp;&nbsp;&nbsp;__user_setup_stackheap
</UL>

<P><STRONG><a name="[239]"></a>__user_perthread_libspace</STRONG> (Thumb, 0 bytes, Stack size 0 bytes, libspace.o(.text), UNUSED)

<P><STRONG><a name="[81]"></a>__user_setup_stackheap</STRONG> (Thumb, 74 bytes, Stack size 8 bytes, sys_stackheap_outer.o(.text))
<BR><BR>[Stack]<UL><LI>Max Depth = 8 + Unknown Stack Size
<LI>Call Chain = __user_setup_stackheap
</UL>
<BR>[Calls]<UL><LI><a href="#[134]">&gt;&gt;</a>&nbsp;&nbsp;&nbsp;__user_initial_stackheap
<LI><a href="#[133]">&gt;&gt;</a>&nbsp;&nbsp;&nbsp;__user_perproc_libspace
</UL>
<BR>[Called By]<UL><LI><a href="#[80]">&gt;&gt;</a>&nbsp;&nbsp;&nbsp;__rt_entry_sh
</UL>

<P><STRONG><a name="[86]"></a>exit</STRONG> (Thumb, 12 bytes, Stack size 0 bytes, exit.o(.text))
<BR><BR>[Calls]<UL><LI><a href="#[135]">&gt;&gt;</a>&nbsp;&nbsp;&nbsp;__rt_exit
</UL>
<BR>[Called By]<UL><LI><a href="#[84]">&gt;&gt;</a>&nbsp;&nbsp;&nbsp;__rt_entry_main
</UL>

<P><STRONG><a name="[8a]"></a>_sys_exit</STRONG> (Thumb, 8 bytes, Stack size 0 bytes, sys_exit.o(.text))
<BR><BR>[Called By]<UL><LI><a href="#[89]">&gt;&gt;</a>&nbsp;&nbsp;&nbsp;__rt_exit_exit
</UL>

<P><STRONG><a name="[23a]"></a>__I$use$semihosting</STRONG> (Thumb, 0 bytes, Stack size 0 bytes, use_no_semi.o(.text), UNUSED)

<P><STRONG><a name="[23b]"></a>__use_no_semihosting_swi</STRONG> (Thumb, 2 bytes, Stack size 0 bytes, use_no_semi.o(.text), UNUSED)

<P><STRONG><a name="[137]"></a>__ARM_fpclassify</STRONG> (Thumb, 48 bytes, Stack size 8 bytes, fpclassify.o(i.__ARM_fpclassify))
<BR><BR>[Stack]<UL><LI>Max Depth = 8<LI>Call Chain = __ARM_fpclassify
</UL>
<BR>[Called By]<UL><LI><a href="#[136]">&gt;&gt;</a>&nbsp;&nbsp;&nbsp;__hardfp_atan
</UL>

<P><STRONG><a name="[23c]"></a>__semihosting_library_function</STRONG> (Thumb, 0 bytes, Stack size 8 bytes, indicate_semi.o(.text), UNUSED)

<P><STRONG><a name="[136]"></a>__hardfp_atan</STRONG> (Thumb, 632 bytes, Stack size 48 bytes, atan.o(i.__hardfp_atan))
<BR><BR>[Stack]<UL><LI>Max Depth = 104<LI>Call Chain = __hardfp_atan &rArr; __kernel_poly &rArr; __aeabi_dmul
</UL>
<BR>[Calls]<UL><LI><a href="#[13c]">&gt;&gt;</a>&nbsp;&nbsp;&nbsp;__kernel_poly
<LI><a href="#[137]">&gt;&gt;</a>&nbsp;&nbsp;&nbsp;__ARM_fpclassify
<LI><a href="#[138]">&gt;&gt;</a>&nbsp;&nbsp;&nbsp;__mathlib_dbl_underflow
<LI><a href="#[139]">&gt;&gt;</a>&nbsp;&nbsp;&nbsp;fabs
<LI><a href="#[13b]">&gt;&gt;</a>&nbsp;&nbsp;&nbsp;__aeabi_ddiv
<LI><a href="#[13e]">&gt;&gt;</a>&nbsp;&nbsp;&nbsp;__aeabi_dneg
<LI><a href="#[90]">&gt;&gt;</a>&nbsp;&nbsp;&nbsp;__aeabi_dmul
<LI><a href="#[13a]">&gt;&gt;</a>&nbsp;&nbsp;&nbsp;__aeabi_dsub
<LI><a href="#[13d]">&gt;&gt;</a>&nbsp;&nbsp;&nbsp;__aeabi_drsub
<LI><a href="#[92]">&gt;&gt;</a>&nbsp;&nbsp;&nbsp;__aeabi_dadd
</UL>
<BR>[Called By]<UL><LI><a href="#[13f]">&gt;&gt;</a>&nbsp;&nbsp;&nbsp;atan
</UL>

<P><STRONG><a name="[120]"></a>__hardfp_atan2</STRONG> (Thumb, 426 bytes, Stack size 48 bytes, atan2.o(i.__hardfp_atan2))
<BR><BR>[Stack]<UL><LI>Max Depth = 160<LI>Call Chain = __hardfp_atan2 &rArr; atan &rArr; __hardfp_atan &rArr; __kernel_poly &rArr; __aeabi_dmul
</UL>
<BR>[Calls]<UL><LI><a href="#[139]">&gt;&gt;</a>&nbsp;&nbsp;&nbsp;fabs
<LI><a href="#[13f]">&gt;&gt;</a>&nbsp;&nbsp;&nbsp;atan
<LI><a href="#[13b]">&gt;&gt;</a>&nbsp;&nbsp;&nbsp;__aeabi_ddiv
<LI><a href="#[13e]">&gt;&gt;</a>&nbsp;&nbsp;&nbsp;__aeabi_dneg
<LI><a href="#[13a]">&gt;&gt;</a>&nbsp;&nbsp;&nbsp;__aeabi_dsub
<LI><a href="#[13d]">&gt;&gt;</a>&nbsp;&nbsp;&nbsp;__aeabi_drsub
<LI><a href="#[92]">&gt;&gt;</a>&nbsp;&nbsp;&nbsp;__aeabi_dadd
</UL>
<BR>[Called By]<UL><LI><a href="#[8e]">&gt;&gt;</a>&nbsp;&nbsp;&nbsp;Get_Angle
</UL>

<P><STRONG><a name="[13c]"></a>__kernel_poly</STRONG> (Thumb, 248 bytes, Stack size 24 bytes, poly.o(i.__kernel_poly))
<BR><BR>[Stack]<UL><LI>Max Depth = 56<LI>Call Chain = __kernel_poly &rArr; __aeabi_dmul
</UL>
<BR>[Calls]<UL><LI><a href="#[90]">&gt;&gt;</a>&nbsp;&nbsp;&nbsp;__aeabi_dmul
<LI><a href="#[92]">&gt;&gt;</a>&nbsp;&nbsp;&nbsp;__aeabi_dadd
</UL>
<BR>[Called By]<UL><LI><a href="#[136]">&gt;&gt;</a>&nbsp;&nbsp;&nbsp;__hardfp_atan
</UL>

<P><STRONG><a name="[138]"></a>__mathlib_dbl_underflow</STRONG> (Thumb, 24 bytes, Stack size 8 bytes, dunder.o(i.__mathlib_dbl_underflow))
<BR><BR>[Stack]<UL><LI>Max Depth = 40<LI>Call Chain = __mathlib_dbl_underflow &rArr; __aeabi_dmul
</UL>
<BR>[Calls]<UL><LI><a href="#[90]">&gt;&gt;</a>&nbsp;&nbsp;&nbsp;__aeabi_dmul
</UL>
<BR>[Called By]<UL><LI><a href="#[136]">&gt;&gt;</a>&nbsp;&nbsp;&nbsp;__hardfp_atan
</UL>

<P><STRONG><a name="[13f]"></a>atan</STRONG> (Thumb, 16 bytes, Stack size 8 bytes, atan.o(i.atan))
<BR><BR>[Stack]<UL><LI>Max Depth = 112<LI>Call Chain = atan &rArr; __hardfp_atan &rArr; __kernel_poly &rArr; __aeabi_dmul
</UL>
<BR>[Calls]<UL><LI><a href="#[136]">&gt;&gt;</a>&nbsp;&nbsp;&nbsp;__hardfp_atan
</UL>
<BR>[Called By]<UL><LI><a href="#[120]">&gt;&gt;</a>&nbsp;&nbsp;&nbsp;__hardfp_atan2
</UL>

<P><STRONG><a name="[139]"></a>fabs</STRONG> (Thumb, 24 bytes, Stack size 8 bytes, fabs.o(i.fabs))
<BR><BR>[Stack]<UL><LI>Max Depth = 8<LI>Call Chain = fabs
</UL>
<BR>[Called By]<UL><LI><a href="#[136]">&gt;&gt;</a>&nbsp;&nbsp;&nbsp;__hardfp_atan
<LI><a href="#[120]">&gt;&gt;</a>&nbsp;&nbsp;&nbsp;__hardfp_atan2
</UL>

<P><STRONG><a name="[13e]"></a>__aeabi_dneg</STRONG> (Thumb, 0 bytes, Stack size 0 bytes, basic.o(x$fpl$basic))
<BR><BR>[Called By]<UL><LI><a href="#[136]">&gt;&gt;</a>&nbsp;&nbsp;&nbsp;__hardfp_atan
<LI><a href="#[120]">&gt;&gt;</a>&nbsp;&nbsp;&nbsp;__hardfp_atan2
</UL>

<P><STRONG><a name="[23d]"></a>_dneg</STRONG> (Thumb, 6 bytes, Stack size 0 bytes, basic.o(x$fpl$basic), UNUSED)

<P><STRONG><a name="[23e]"></a>__aeabi_fneg</STRONG> (Thumb, 0 bytes, Stack size 0 bytes, basic.o(x$fpl$basic), UNUSED)

<P><STRONG><a name="[23f]"></a>_fneg</STRONG> (Thumb, 6 bytes, Stack size 0 bytes, basic.o(x$fpl$basic), UNUSED)

<P><STRONG><a name="[240]"></a>_dabs</STRONG> (Thumb, 6 bytes, Stack size 0 bytes, basic.o(x$fpl$basic), UNUSED)

<P><STRONG><a name="[241]"></a>_fabs</STRONG> (Thumb, 6 bytes, Stack size 0 bytes, basic.o(x$fpl$basic), UNUSED)

<P><STRONG><a name="[93]"></a>__aeabi_d2f</STRONG> (Thumb, 0 bytes, Stack size 32 bytes, d2f.o(x$fpl$d2f))
<BR><BR>[Stack]<UL><LI>Max Depth = 32<LI>Call Chain = __aeabi_d2f
</UL>
<BR>[Called By]<UL><LI><a href="#[8e]">&gt;&gt;</a>&nbsp;&nbsp;&nbsp;Get_Angle
<LI><a href="#[85]">&gt;&gt;</a>&nbsp;&nbsp;&nbsp;main
<LI><a href="#[123]">&gt;&gt;</a>&nbsp;&nbsp;&nbsp;Detection_distance
</UL>

<P><STRONG><a name="[140]"></a>_d2f</STRONG> (Thumb, 98 bytes, Stack size 32 bytes, d2f.o(x$fpl$d2f), UNUSED)
<BR><BR>[Calls]<UL><LI><a href="#[141]">&gt;&gt;</a>&nbsp;&nbsp;&nbsp;__fpl_fretinf
<LI><a href="#[142]">&gt;&gt;</a>&nbsp;&nbsp;&nbsp;__fpl_dnaninf
</UL>

<P><STRONG><a name="[92]"></a>__aeabi_dadd</STRONG> (Thumb, 0 bytes, Stack size 16 bytes, daddsub_clz.o(x$fpl$dadd))
<BR><BR>[Stack]<UL><LI>Max Depth = 16<LI>Call Chain = __aeabi_dadd
</UL>
<BR>[Called By]<UL><LI><a href="#[85]">&gt;&gt;</a>&nbsp;&nbsp;&nbsp;main
<LI><a href="#[13c]">&gt;&gt;</a>&nbsp;&nbsp;&nbsp;__kernel_poly
<LI><a href="#[136]">&gt;&gt;</a>&nbsp;&nbsp;&nbsp;__hardfp_atan
<LI><a href="#[120]">&gt;&gt;</a>&nbsp;&nbsp;&nbsp;__hardfp_atan2
</UL>

<P><STRONG><a name="[143]"></a>_dadd</STRONG> (Thumb, 332 bytes, Stack size 16 bytes, daddsub_clz.o(x$fpl$dadd), UNUSED)
<BR><BR>[Calls]<UL><LI><a href="#[145]">&gt;&gt;</a>&nbsp;&nbsp;&nbsp;__fpl_dretinf
<LI><a href="#[142]">&gt;&gt;</a>&nbsp;&nbsp;&nbsp;__fpl_dnaninf
<LI><a href="#[144]">&gt;&gt;</a>&nbsp;&nbsp;&nbsp;_dsub1
</UL>

<P><STRONG><a name="[13b]"></a>__aeabi_ddiv</STRONG> (Thumb, 0 bytes, Stack size 32 bytes, ddiv.o(x$fpl$ddiv))
<BR><BR>[Stack]<UL><LI>Max Depth = 32<LI>Call Chain = __aeabi_ddiv
</UL>
<BR>[Called By]<UL><LI><a href="#[136]">&gt;&gt;</a>&nbsp;&nbsp;&nbsp;__hardfp_atan
<LI><a href="#[120]">&gt;&gt;</a>&nbsp;&nbsp;&nbsp;__hardfp_atan2
</UL>

<P><STRONG><a name="[146]"></a>_ddiv</STRONG> (Thumb, 552 bytes, Stack size 32 bytes, ddiv.o(x$fpl$ddiv), UNUSED)
<BR><BR>[Calls]<UL><LI><a href="#[145]">&gt;&gt;</a>&nbsp;&nbsp;&nbsp;__fpl_dretinf
<LI><a href="#[142]">&gt;&gt;</a>&nbsp;&nbsp;&nbsp;__fpl_dnaninf
</UL>

<P><STRONG><a name="[8f]"></a>__aeabi_i2d</STRONG> (Thumb, 0 bytes, Stack size 0 bytes, dflt_clz.o(x$fpl$dflt))
<BR><BR>[Called By]<UL><LI><a href="#[85]">&gt;&gt;</a>&nbsp;&nbsp;&nbsp;main
</UL>

<P><STRONG><a name="[242]"></a>_dflt</STRONG> (Thumb, 46 bytes, Stack size 0 bytes, dflt_clz.o(x$fpl$dflt), UNUSED)

<P><STRONG><a name="[124]"></a>__aeabi_ui2d</STRONG> (Thumb, 0 bytes, Stack size 0 bytes, dflt_clz.o(x$fpl$dfltu), UNUSED)
<BR><BR>[Called By]<UL><LI><a href="#[123]">&gt;&gt;</a>&nbsp;&nbsp;&nbsp;Detection_distance
</UL>

<P><STRONG><a name="[243]"></a>_dfltu</STRONG> (Thumb, 38 bytes, Stack size 0 bytes, dflt_clz.o(x$fpl$dfltu), UNUSED)

<P><STRONG><a name="[90]"></a>__aeabi_dmul</STRONG> (Thumb, 0 bytes, Stack size 32 bytes, dmul.o(x$fpl$dmul))
<BR><BR>[Stack]<UL><LI>Max Depth = 32<LI>Call Chain = __aeabi_dmul
</UL>
<BR>[Called By]<UL><LI><a href="#[8e]">&gt;&gt;</a>&nbsp;&nbsp;&nbsp;Get_Angle
<LI><a href="#[85]">&gt;&gt;</a>&nbsp;&nbsp;&nbsp;main
<LI><a href="#[13c]">&gt;&gt;</a>&nbsp;&nbsp;&nbsp;__kernel_poly
<LI><a href="#[138]">&gt;&gt;</a>&nbsp;&nbsp;&nbsp;__mathlib_dbl_underflow
<LI><a href="#[136]">&gt;&gt;</a>&nbsp;&nbsp;&nbsp;__hardfp_atan
<LI><a href="#[123]">&gt;&gt;</a>&nbsp;&nbsp;&nbsp;Detection_distance
</UL>

<P><STRONG><a name="[147]"></a>_dmul</STRONG> (Thumb, 332 bytes, Stack size 32 bytes, dmul.o(x$fpl$dmul), UNUSED)
<BR><BR>[Calls]<UL><LI><a href="#[145]">&gt;&gt;</a>&nbsp;&nbsp;&nbsp;__fpl_dretinf
<LI><a href="#[142]">&gt;&gt;</a>&nbsp;&nbsp;&nbsp;__fpl_dnaninf
</UL>

<P><STRONG><a name="[142]"></a>__fpl_dnaninf</STRONG> (Thumb, 156 bytes, Stack size 16 bytes, dnaninf.o(x$fpl$dnaninf), UNUSED)
<BR><BR>[Called By]<UL><LI><a href="#[146]">&gt;&gt;</a>&nbsp;&nbsp;&nbsp;_ddiv
<LI><a href="#[147]">&gt;&gt;</a>&nbsp;&nbsp;&nbsp;_dmul
<LI><a href="#[14a]">&gt;&gt;</a>&nbsp;&nbsp;&nbsp;_dsub
<LI><a href="#[143]">&gt;&gt;</a>&nbsp;&nbsp;&nbsp;_dadd
<LI><a href="#[140]">&gt;&gt;</a>&nbsp;&nbsp;&nbsp;_d2f
</UL>

<P><STRONG><a name="[145]"></a>__fpl_dretinf</STRONG> (Thumb, 12 bytes, Stack size 0 bytes, dretinf.o(x$fpl$dretinf), UNUSED)
<BR><BR>[Called By]<UL><LI><a href="#[146]">&gt;&gt;</a>&nbsp;&nbsp;&nbsp;_ddiv
<LI><a href="#[14b]">&gt;&gt;</a>&nbsp;&nbsp;&nbsp;_f2d
<LI><a href="#[147]">&gt;&gt;</a>&nbsp;&nbsp;&nbsp;_dmul
<LI><a href="#[143]">&gt;&gt;</a>&nbsp;&nbsp;&nbsp;_dadd
</UL>

<P><STRONG><a name="[13d]"></a>__aeabi_drsub</STRONG> (Thumb, 0 bytes, Stack size 8 bytes, daddsub_clz.o(x$fpl$drsb))
<BR><BR>[Stack]<UL><LI>Max Depth = 8<LI>Call Chain = __aeabi_drsub
</UL>
<BR>[Called By]<UL><LI><a href="#[136]">&gt;&gt;</a>&nbsp;&nbsp;&nbsp;__hardfp_atan
<LI><a href="#[120]">&gt;&gt;</a>&nbsp;&nbsp;&nbsp;__hardfp_atan2
</UL>

<P><STRONG><a name="[148]"></a>_drsb</STRONG> (Thumb, 22 bytes, Stack size 8 bytes, daddsub_clz.o(x$fpl$drsb), UNUSED)
<BR><BR>[Calls]<UL><LI><a href="#[144]">&gt;&gt;</a>&nbsp;&nbsp;&nbsp;_dsub1
<LI><a href="#[149]">&gt;&gt;</a>&nbsp;&nbsp;&nbsp;_dadd1
</UL>

<P><STRONG><a name="[13a]"></a>__aeabi_dsub</STRONG> (Thumb, 0 bytes, Stack size 32 bytes, daddsub_clz.o(x$fpl$dsub))
<BR><BR>[Stack]<UL><LI>Max Depth = 32<LI>Call Chain = __aeabi_dsub
</UL>
<BR>[Called By]<UL><LI><a href="#[136]">&gt;&gt;</a>&nbsp;&nbsp;&nbsp;__hardfp_atan
<LI><a href="#[120]">&gt;&gt;</a>&nbsp;&nbsp;&nbsp;__hardfp_atan2
</UL>

<P><STRONG><a name="[14a]"></a>_dsub</STRONG> (Thumb, 464 bytes, Stack size 32 bytes, daddsub_clz.o(x$fpl$dsub), UNUSED)
<BR><BR>[Calls]<UL><LI><a href="#[142]">&gt;&gt;</a>&nbsp;&nbsp;&nbsp;__fpl_dnaninf
<LI><a href="#[149]">&gt;&gt;</a>&nbsp;&nbsp;&nbsp;_dadd1
</UL>

<P><STRONG><a name="[91]"></a>__aeabi_f2d</STRONG> (Thumb, 0 bytes, Stack size 16 bytes, f2d.o(x$fpl$f2d))
<BR><BR>[Stack]<UL><LI>Max Depth = 16<LI>Call Chain = __aeabi_f2d
</UL>
<BR>[Called By]<UL><LI><a href="#[8e]">&gt;&gt;</a>&nbsp;&nbsp;&nbsp;Get_Angle
<LI><a href="#[85]">&gt;&gt;</a>&nbsp;&nbsp;&nbsp;main
</UL>

<P><STRONG><a name="[14b]"></a>_f2d</STRONG> (Thumb, 86 bytes, Stack size 16 bytes, f2d.o(x$fpl$f2d), UNUSED)
<BR><BR>[Calls]<UL><LI><a href="#[14c]">&gt;&gt;</a>&nbsp;&nbsp;&nbsp;__fpl_fnaninf
<LI><a href="#[145]">&gt;&gt;</a>&nbsp;&nbsp;&nbsp;__fpl_dretinf
</UL>

<P><STRONG><a name="[14c]"></a>__fpl_fnaninf</STRONG> (Thumb, 140 bytes, Stack size 8 bytes, fnaninf.o(x$fpl$fnaninf), UNUSED)
<BR><BR>[Called By]<UL><LI><a href="#[14b]">&gt;&gt;</a>&nbsp;&nbsp;&nbsp;_f2d
</UL>

<P><STRONG><a name="[7f]"></a>_fp_init</STRONG> (Thumb, 10 bytes, Stack size 0 bytes, fpinit.o(x$fpl$fpinit))
<BR><BR>[Called By]<UL><LI><a href="#[7e]">&gt;&gt;</a>&nbsp;&nbsp;&nbsp;__rt_lib_init_fp_1
</UL>

<P><STRONG><a name="[244]"></a>__fplib_config_fpu_vfp</STRONG> (Thumb, 0 bytes, Stack size unknown bytes, fpinit.o(x$fpl$fpinit), UNUSED)

<P><STRONG><a name="[245]"></a>__fplib_config_pureend_doubles</STRONG> (Thumb, 0 bytes, Stack size unknown bytes, fpinit.o(x$fpl$fpinit), UNUSED)

<P><STRONG><a name="[141]"></a>__fpl_fretinf</STRONG> (Thumb, 10 bytes, Stack size 0 bytes, fretinf.o(x$fpl$fretinf), UNUSED)
<BR><BR>[Called By]<UL><LI><a href="#[140]">&gt;&gt;</a>&nbsp;&nbsp;&nbsp;_d2f
</UL>
<P>
<H3>
Local Symbols
</H3>
<P><STRONG><a name="[3]"></a>NmiSR</STRONG> (Thumb, 0 bytes, Stack size unknown bytes, startup.o(RESET))
<BR><BR>[Calls]<UL><LI><a href="#[3]">&gt;&gt;</a>&nbsp;&nbsp;&nbsp;NmiSR
</UL>
<BR>[Called By]<UL><LI><a href="#[3]">&gt;&gt;</a>&nbsp;&nbsp;&nbsp;NmiSR
</UL>
<BR>[Address Reference Count : 1]<UL><LI> startup.o(RESET)
</UL>
<P><STRONG><a name="[4]"></a>FaultISR</STRONG> (Thumb, 0 bytes, Stack size unknown bytes, startup.o(RESET))
<BR><BR>[Calls]<UL><LI><a href="#[4]">&gt;&gt;</a>&nbsp;&nbsp;&nbsp;FaultISR
</UL>
<BR>[Called By]<UL><LI><a href="#[4]">&gt;&gt;</a>&nbsp;&nbsp;&nbsp;FaultISR
</UL>
<BR>[Address Reference Count : 1]<UL><LI> startup.o(RESET)
</UL>
<P><STRONG><a name="[5]"></a>IntDefaultHandler</STRONG> (Thumb, 0 bytes, Stack size unknown bytes, startup.o(RESET))
<BR><BR>[Calls]<UL><LI><a href="#[5]">&gt;&gt;</a>&nbsp;&nbsp;&nbsp;IntDefaultHandler
</UL>
<BR>[Called By]<UL><LI><a href="#[5]">&gt;&gt;</a>&nbsp;&nbsp;&nbsp;IntDefaultHandler
</UL>
<BR>[Address Reference Count : 1]<UL><LI> startup.o(RESET)
</UL>
<P><STRONG><a name="[99]"></a>_ADCIntNumberGet</STRONG> (Thumb, 76 bytes, Stack size 8 bytes, adc.o(.text), UNUSED)
<BR><BR>[Called By]<UL><LI><a href="#[9c]">&gt;&gt;</a>&nbsp;&nbsp;&nbsp;ADCIntUnregister
<LI><a href="#[98]">&gt;&gt;</a>&nbsp;&nbsp;&nbsp;ADCIntRegister
</UL>

<P><STRONG><a name="[a0]"></a>_GPIOIntNumberGet</STRONG> (Thumb, 56 bytes, Stack size 12 bytes, gpio.o(.text), UNUSED)
<BR><BR>[Called By]<UL><LI><a href="#[a1]">&gt;&gt;</a>&nbsp;&nbsp;&nbsp;GPIOIntUnregister
<LI><a href="#[9f]">&gt;&gt;</a>&nbsp;&nbsp;&nbsp;GPIOIntRegister
</UL>

<P><STRONG><a name="[79]"></a>_IntDefaultHandler</STRONG> (Thumb, 4 bytes, Stack size 0 bytes, interrupt.o(.text))
<BR>[Address Reference Count : 1]<UL><LI> interrupt.o(.text)
</UL>
<P><STRONG><a name="[c9]"></a>_PWMGenIntNumberGet</STRONG> (Thumb, 248 bytes, Stack size 8 bytes, pwm.o(.text), UNUSED)
<BR><BR>[Called By]<UL><LI><a href="#[ca]">&gt;&gt;</a>&nbsp;&nbsp;&nbsp;PWMGenIntUnregister
<LI><a href="#[c8]">&gt;&gt;</a>&nbsp;&nbsp;&nbsp;PWMGenIntRegister
</UL>

<P><STRONG><a name="[cc]"></a>_PWMFaultIntNumberGet</STRONG> (Thumb, 62 bytes, Stack size 0 bytes, pwm.o(.text), UNUSED)
<BR><BR>[Called By]<UL><LI><a href="#[cd]">&gt;&gt;</a>&nbsp;&nbsp;&nbsp;PWMFaultIntUnregister
<LI><a href="#[cb]">&gt;&gt;</a>&nbsp;&nbsp;&nbsp;PWMFaultIntRegister
</UL>

<P><STRONG><a name="[d4]"></a>_SysCtlMemTimingGet</STRONG> (Thumb, 36 bytes, Stack size 0 bytes, sysctl.o(.text), UNUSED)
<BR><BR>[Called By]<UL><LI><a href="#[d3]">&gt;&gt;</a>&nbsp;&nbsp;&nbsp;SysCtlClockFreqSet
</UL>

<P><STRONG><a name="[d5]"></a>_SysCtlFrequencyGet</STRONG> (Thumb, 96 bytes, Stack size 20 bytes, sysctl.o(.text), UNUSED)
<BR><BR>[Called By]<UL><LI><a href="#[d3]">&gt;&gt;</a>&nbsp;&nbsp;&nbsp;SysCtlClockFreqSet
</UL>

<P><STRONG><a name="[d8]"></a>_TimerIntNumberGet</STRONG> (Thumb, 68 bytes, Stack size 20 bytes, timer.o(.text), UNUSED)
<BR><BR>[Called By]<UL><LI><a href="#[d9]">&gt;&gt;</a>&nbsp;&nbsp;&nbsp;TimerIntUnregister
<LI><a href="#[d7]">&gt;&gt;</a>&nbsp;&nbsp;&nbsp;TimerIntRegister
</UL>

<P><STRONG><a name="[de]"></a>_UARTIntNumberGet</STRONG> (Thumb, 56 bytes, Stack size 12 bytes, uart.o(.text), UNUSED)
<BR><BR>[Called By]<UL><LI><a href="#[df]">&gt;&gt;</a>&nbsp;&nbsp;&nbsp;UARTIntUnregister
<LI><a href="#[dd]">&gt;&gt;</a>&nbsp;&nbsp;&nbsp;UARTIntRegister
</UL>

<P><STRONG><a name="[149]"></a>_dadd1</STRONG> (Thumb, 0 bytes, Stack size unknown bytes, daddsub_clz.o(x$fpl$dadd), UNUSED)
<BR><BR>[Called By]<UL><LI><a href="#[14a]">&gt;&gt;</a>&nbsp;&nbsp;&nbsp;_dsub
<LI><a href="#[148]">&gt;&gt;</a>&nbsp;&nbsp;&nbsp;_drsb
</UL>

<P><STRONG><a name="[144]"></a>_dsub1</STRONG> (Thumb, 0 bytes, Stack size unknown bytes, daddsub_clz.o(x$fpl$dsub), UNUSED)
<BR><BR>[Called By]<UL><LI><a href="#[148]">&gt;&gt;</a>&nbsp;&nbsp;&nbsp;_drsb
<LI><a href="#[143]">&gt;&gt;</a>&nbsp;&nbsp;&nbsp;_dadd
</UL>
<P>
<H3>
Undefined Global Symbols
</H3><HR></body></html>
